Archive member included to satisfy reference by file (symbol)

c:/st/stm32cubeide_1.7.0/stm32cubeide/plugins/com.st.stm32cube.ide.mcu.externaltools.gnu-tools-for-stm32.9-2020-q2-update.win32_2.0.0.202105311346/tools/bin/../lib/gcc/arm-none-eabi/9.3.1/../../../../arm-none-eabi/lib/thumb/v7-m/nofp\libm.a(lib_a-w_log.o)
                              ./Core/Src/stm32f1xx_it.o (log)
c:/st/stm32cubeide_1.7.0/stm32cubeide/plugins/com.st.stm32cube.ide.mcu.externaltools.gnu-tools-for-stm32.9-2020-q2-update.win32_2.0.0.202105311346/tools/bin/../lib/gcc/arm-none-eabi/9.3.1/../../../../arm-none-eabi/lib/thumb/v7-m/nofp\libm.a(lib_a-e_log.o)
                              c:/st/stm32cubeide_1.7.0/stm32cubeide/plugins/com.st.stm32cube.ide.mcu.externaltools.gnu-tools-for-stm32.9-2020-q2-update.win32_2.0.0.202105311346/tools/bin/../lib/gcc/arm-none-eabi/9.3.1/../../../../arm-none-eabi/lib/thumb/v7-m/nofp\libm.a(lib_a-w_log.o) (__ieee754_log)
c:/st/stm32cubeide_1.7.0/stm32cubeide/plugins/com.st.stm32cube.ide.mcu.externaltools.gnu-tools-for-stm32.9-2020-q2-update.win32_2.0.0.202105311346/tools/bin/../lib/gcc/arm-none-eabi/9.3.1/../../../../arm-none-eabi/lib/thumb/v7-m/nofp\libm.a(lib_a-s_lib_ver.o)
                              c:/st/stm32cubeide_1.7.0/stm32cubeide/plugins/com.st.stm32cube.ide.mcu.externaltools.gnu-tools-for-stm32.9-2020-q2-update.win32_2.0.0.202105311346/tools/bin/../lib/gcc/arm-none-eabi/9.3.1/../../../../arm-none-eabi/lib/thumb/v7-m/nofp\libm.a(lib_a-w_log.o) (__fdlib_version)
c:/st/stm32cubeide_1.7.0/stm32cubeide/plugins/com.st.stm32cube.ide.mcu.externaltools.gnu-tools-for-stm32.9-2020-q2-update.win32_2.0.0.202105311346/tools/bin/../lib/gcc/arm-none-eabi/9.3.1/../../../../arm-none-eabi/lib/thumb/v7-m/nofp\libm.a(lib_a-s_nan.o)
                              c:/st/stm32cubeide_1.7.0/stm32cubeide/plugins/com.st.stm32cube.ide.mcu.externaltools.gnu-tools-for-stm32.9-2020-q2-update.win32_2.0.0.202105311346/tools/bin/../lib/gcc/arm-none-eabi/9.3.1/../../../../arm-none-eabi/lib/thumb/v7-m/nofp\libm.a(lib_a-w_log.o) (nan)
c:/st/stm32cubeide_1.7.0/stm32cubeide/plugins/com.st.stm32cube.ide.mcu.externaltools.gnu-tools-for-stm32.9-2020-q2-update.win32_2.0.0.202105311346/tools/bin/../lib/gcc/arm-none-eabi/9.3.1/../../../../arm-none-eabi/lib/thumb/v7-m/nofp\libc_nano.a(lib_a-ctype_.o)
                              ./Core/Src/main.o (_ctype_)
c:/st/stm32cubeide_1.7.0/stm32cubeide/plugins/com.st.stm32cube.ide.mcu.externaltools.gnu-tools-for-stm32.9-2020-q2-update.win32_2.0.0.202105311346/tools/bin/../lib/gcc/arm-none-eabi/9.3.1/../../../../arm-none-eabi/lib/thumb/v7-m/nofp\libc_nano.a(lib_a-errno.o)
                              ./Core/Src/syscalls.o (__errno)
c:/st/stm32cubeide_1.7.0/stm32cubeide/plugins/com.st.stm32cube.ide.mcu.externaltools.gnu-tools-for-stm32.9-2020-q2-update.win32_2.0.0.202105311346/tools/bin/../lib/gcc/arm-none-eabi/9.3.1/../../../../arm-none-eabi/lib/thumb/v7-m/nofp\libc_nano.a(lib_a-exit.o)
                              c:/st/stm32cubeide_1.7.0/stm32cubeide/plugins/com.st.stm32cube.ide.mcu.externaltools.gnu-tools-for-stm32.9-2020-q2-update.win32_2.0.0.202105311346/tools/bin/../lib/gcc/arm-none-eabi/9.3.1/../../../../arm-none-eabi/lib/thumb/v7-m/nofp/crt0.o (exit)
c:/st/stm32cubeide_1.7.0/stm32cubeide/plugins/com.st.stm32cube.ide.mcu.externaltools.gnu-tools-for-stm32.9-2020-q2-update.win32_2.0.0.202105311346/tools/bin/../lib/gcc/arm-none-eabi/9.3.1/../../../../arm-none-eabi/lib/thumb/v7-m/nofp\libc_nano.a(lib_a-impure.o)
                              c:/st/stm32cubeide_1.7.0/stm32cubeide/plugins/com.st.stm32cube.ide.mcu.externaltools.gnu-tools-for-stm32.9-2020-q2-update.win32_2.0.0.202105311346/tools/bin/../lib/gcc/arm-none-eabi/9.3.1/../../../../arm-none-eabi/lib/thumb/v7-m/nofp\libc_nano.a(lib_a-exit.o) (_global_impure_ptr)
c:/st/stm32cubeide_1.7.0/stm32cubeide/plugins/com.st.stm32cube.ide.mcu.externaltools.gnu-tools-for-stm32.9-2020-q2-update.win32_2.0.0.202105311346/tools/bin/../lib/gcc/arm-none-eabi/9.3.1/../../../../arm-none-eabi/lib/thumb/v7-m/nofp\libc_nano.a(lib_a-init.o)
                              c:/st/stm32cubeide_1.7.0/stm32cubeide/plugins/com.st.stm32cube.ide.mcu.externaltools.gnu-tools-for-stm32.9-2020-q2-update.win32_2.0.0.202105311346/tools/bin/../lib/gcc/arm-none-eabi/9.3.1/../../../../arm-none-eabi/lib/thumb/v7-m/nofp/crt0.o (__libc_init_array)
c:/st/stm32cubeide_1.7.0/stm32cubeide/plugins/com.st.stm32cube.ide.mcu.externaltools.gnu-tools-for-stm32.9-2020-q2-update.win32_2.0.0.202105311346/tools/bin/../lib/gcc/arm-none-eabi/9.3.1/../../../../arm-none-eabi/lib/thumb/v7-m/nofp\libc_nano.a(lib_a-itoa.o)
                              ./Core/Src/main.o (itoa)
c:/st/stm32cubeide_1.7.0/stm32cubeide/plugins/com.st.stm32cube.ide.mcu.externaltools.gnu-tools-for-stm32.9-2020-q2-update.win32_2.0.0.202105311346/tools/bin/../lib/gcc/arm-none-eabi/9.3.1/../../../../arm-none-eabi/lib/thumb/v7-m/nofp\libc_nano.a(lib_a-memcpy-stub.o)
[...]
Memory Configuration

Name             Origin             Length             Attributes
RAM              0x0000000020000000 0x0000000000018000 xrw
FLASH            0x0000000008000000 0x0000000000100000 xr
*default*        0x0000000000000000 0xffffffffffffffff

Linker script and memory map

LOAD c:/st/stm32cubeide_1.7.0/stm32cubeide/plugins/com.st.stm32cube.ide.mcu.externaltools.gnu-tools-for-stm32.9-2020-q2-update.win32_2.0.0.202105311346/tools/bin/../lib/gcc/arm-none-eabi/9.3.1/thumb/v7-m/nofp/crti.o
LOAD c:/st/stm32cubeide_1.7.0/stm32cubeide/plugins/com.st.stm32cube.ide.mcu.externaltools.gnu-tools-for-stm32.9-2020-q2-update.win32_2.0.0.202105311346/tools/bin/../lib/gcc/arm-none-eabi/9.3.1/thumb/v7-m/nofp/crtbegin.o
LOAD c:/st/stm32cubeide_1.7.0/stm32cubeide/plugins/com.st.stm32cube.ide.mcu.externaltools.gnu-tools-for-stm32.9-2020-q2-update.win32_2.0.0.202105311346/tools/bin/../lib/gcc/arm-none-eabi/9.3.1/../../../../arm-none-eabi/lib/thumb/v7-m/nofp/crt0.o
LOAD ./Core/Src/Adbms6948_Applications.o
LOAD ./Core/Src/Battery_Charge_Discharge.o
LOAD ./Core/Src/EEPROM.o
LOAD ./Core/Src/adc.o
LOAD ./Core/Src/can.o
LOAD ./Core/Src/dma.o
LOAD ./Core/Src/fonts.o
LOAD ./Core/Src/gpio.o
LOAD ./Core/Src/i2c.o
LOAD ./Core/Src/iwdg.o
LOAD ./Core/Src/main.o
LOAD ./Core/Src/spi.o
LOAD ./Core/Src/ssd1306.o
LOAD ./Core/Src/stm32f1xx_hal_msp.o
LOAD ./Core/Src/stm32f1xx_it.o
LOAD ./Core/Src/syscalls.o
LOAD ./Core/Src/sysmem.o
LOAD ./Core/Src/system_stm32f1xx.o
LOAD ./Core/Src/tim.o
LOAD ./Core/Startup/startup_stm32f103rgtx.o
LOAD ./Drivers/STM32F1xx_HAL_Driver/Src/stm32f1xx_hal.o
LOAD ./Drivers/STM32F1xx_HAL_Driver/Src/stm32f1xx_hal_adc.o
LOAD ./Drivers/STM32F1xx_HAL_Driver/Src/stm32f1xx_hal_adc_ex.o
LOAD ./Drivers/STM32F1xx_HAL_Driver/Src/stm32f1xx_hal_can.o
LOAD ./Drivers/STM32F1xx_HAL_Driver/Src/stm32f1xx_hal_cortex.o
LOAD ./Drivers/STM32F1xx_HAL_Driver/Src/stm32f1xx_hal_dma.o
LOAD ./Drivers/STM32F1xx_HAL_Driver/Src/stm32f1xx_hal_exti.o
LOAD ./Drivers/STM32F1xx_HAL_Driver/Src/stm32f1xx_hal_flash.o
LOAD ./Drivers/STM32F1xx_HAL_Driver/Src/stm32f1xx_hal_flash_ex.o
LOAD ./Drivers/STM32F1xx_HAL_Driver/Src/stm32f1xx_hal_gpio.o
LOAD ./Drivers/STM32F1xx_HAL_Driver/Src/stm32f1xx_hal_gpio_ex.o
LOAD ./Drivers/STM32F1xx_HAL_Driver/Src/stm32f1xx_hal_i2c.o
LOAD ./Drivers/STM32F1xx_HAL_Driver/Src/stm32f1xx_hal_iwdg.o
LOAD ./Drivers/STM32F1xx_HAL_Driver/Src/stm32f1xx_hal_pwr.o
LOAD ./Drivers/STM32F1xx_HAL_Driver/Src/stm32f1xx_hal_rcc.o
LOAD ./Drivers/STM32F1xx_HAL_Driver/Src/stm32f1xx_hal_rcc_ex.o
LOAD ./Drivers/STM32F1xx_HAL_Driver/Src/stm32f1xx_hal_spi.o
LOAD ./Drivers/STM32F1xx_HAL_Driver/Src/stm32f1xx_hal_tim.o
LOAD ./Drivers/STM32F1xx_HAL_Driver/Src/stm32f1xx_hal_tim_ex.o
LOAD ./Lib/Adbms6948/Adbms6948.o
LOAD ./Lib/Adbms6948/Adbms6948_Cfg.o
LOAD ./Lib/Adbms6948/adi_bms_platform.o
LOAD ./Lib/Adbms6948/lib/Adbms6948_Common.o
LOAD ./Lib/Adbms6948/lib/Adbms6948_Config.o
LOAD ./Lib/Adbms6948/lib/Adbms6948_Diagnostic.o
LOAD ./Lib/Adbms6948/lib/Adbms6948_ExecCmd.o
LOAD ./Lib/Adbms6948/lib/Adbms6948_Generic.o
LOAD ./Lib/Adbms6948/lib/Adbms6948_Measure.o
LOAD ./Lib/Adbms6948/lib/Adbms6948_OtherMonitor.o
LOAD ./Lib/Adbms6948/lib/Adbms6948_Pec.o
LOAD ./Lib/Adbms6948/utils/timer.o
START GROUP
LOAD c:/st/stm32cubeide_1.7.0/stm32cubeide/plugins/com.st.stm32cube.ide.mcu.externaltools.gnu-tools-for-stm32.9-2020-q2-update.win32_2.0.0.202105311346/tools/bin/../lib/gcc/arm-none-eabi/9.3.1/../../../../arm-none-eabi/lib/thumb/v7-m/nofp\libstdc++_nano.a
LOAD c:/st/stm32cubeide_1.7.0/stm32cubeide/plugins/com.st.stm32cube.ide.mcu.externaltools.gnu-tools-for-stm32.9-2020-q2-update.win32_2.0.0.202105311346/tools/bin/../lib/gcc/arm-none-eabi/9.3.1/../../../../arm-none-eabi/lib/thumb/v7-m/nofp\libsupc++_nano.a
END GROUP
LOAD c:/st/stm32cubeide_1.7.0/stm32cubeide/plugins/com.st.stm32cube.ide.mcu.externaltools.gnu-tools-for-stm32.9-2020-q2-update.win32_2.0.0.202105311346/tools/bin/../lib/gcc/arm-none-eabi/9.3.1/../../../../arm-none-eabi/lib/thumb/v7-m/nofp\libstdc++_nano.a
LOAD c:/st/stm32cubeide_1.7.0/stm32cubeide/plugins/com.st.stm32cube.ide.mcu.externaltools.gnu-tools-for-stm32.9-2020-q2-update.win32_2.0.0.202105311346/tools/bin/../lib/gcc/arm-none-eabi/9.3.1/../../../../arm-none-eabi/lib/thumb/v7-m/nofp\libm.a
LOAD c:/st/stm32cubeide_1.7.0/stm32cubeide/plugins/com.st.stm32cube.ide.mcu.externaltools.gnu-tools-for-stm32.9-2020-q2-update.win32_2.0.0.202105311346/tools/bin/../lib/gcc/arm-none-eabi/9.3.1/../../../../arm-none-eabi/lib/thumb/v7-m/nofp\libc_nano.a
START GROUP
LOAD c:/st/stm32cubeide_1.7.0/stm32cubeide/plugins/com.st.stm32cube.ide.mcu.externaltools.gnu-tools-for-stm32.9-2020-q2-update.win32_2.0.0.202105311346/tools/bin/../lib/gcc/arm-none-eabi/9.3.1/thumb/v7-m/nofp\libgcc.a
LOAD c:/st/stm32cubeide_1.7.0/stm32cubeide/plugins/com.st.stm32cube.ide.mcu.externaltools.gnu-tools-for-stm32.9-2020-q2-update.win32_2.0.0.202105311346/tools/bin/../lib/gcc/arm-none-eabi/9.3.1/../../../../arm-none-eabi/lib/thumb/v7-m/nofp\libc_nano.a
END GROUP
START GROUP
LOAD c:/st/stm32cubeide_1.7.0/stm32cubeide/plugins/com.st.stm32cube.ide.mcu.externaltools.gnu-tools-for-stm32.9-2020-q2-update.win32_2.0.0.202105311346/tools/bin/../lib/gcc/arm-none-eabi/9.3.1/thumb/v7-m/nofp\libgcc.a
LOAD c:/st/stm32cubeide_1.7.0/stm32cubeide/plugins/com.st.stm32cube.ide.mcu.externaltools.gnu-tools-for-stm32.9-2020-q2-update.win32_2.0.0.202105311346/tools/bin/../lib/gcc/arm-none-eabi/9.3.1/../../../../arm-none-eabi/lib/thumb/v7-m/nofp\libc_nano.a
END GROUP
LOAD c:/st/stm32cubeide_1.7.0/stm32cubeide/plugins/com.st.stm32cube.ide.mcu.externaltools.gnu-tools-for-stm32.9-2020-q2-update.win32_2.0.0.202105311346/tools/bin/../lib/gcc/arm-none-eabi/9.3.1/thumb/v7-m/nofp/crtend.o
LOAD c:/st/stm32cubeide_1.7.0/stm32cubeide/plugins/com.st.stm32cube.ide.mcu.externaltools.gnu-tools-for-stm32.9-2020-q2-update.win32_2.0.0.202105311346/tools/bin/../lib/gcc/arm-none-eabi/9.3.1/thumb/v7-m/nofp/crtn.o
                0x0000000020018000                _estack = (ORIGIN (RAM) + LENGTH (RAM))
                0x0000000000000200                _Min_Heap_Size = 0x200
                0x0000000000000400                _Min_Stack_Size = 0x400

.isr_vector     0x0000000008000000      0x1e4
                0x0000000008000000                . = ALIGN (0x4)
 *(.isr_vector)
 .isr_vector    0x0000000008000000      0x1e4 ./Core/Startup/startup_stm32f103rgtx.o
                0x0000000008000000                g_pfnVectors
                0x00000000080001e4                . = ALIGN (0x4)

.text           0x00000000080001e8    0x12e6c
                0x00000000080001e8                . = ALIGN (0x4)
 *(.text)
 .text          0x00000000080001e8       0x40 c:/st/stm32cubeide_1.7.0/stm32cubeide/plugins/com.st.stm32cube.ide.mcu.externaltools.gnu-tools-for-stm32.9-2020-q2-update.win32_2.0.0.202105311346/tools/bin/../lib/gcc/arm-none-eabi/9.3.1/thumb/v7-m/nofp/crtbegin.o
 .text          0x0000000008000228       0x10 c:/st/stm32cubeide_1.7.0/stm32cubeide/plugins/com.st.stm32cube.ide.mcu.externaltools.gnu-tools-for-stm32.9-2020-q2-update.win32_2.0.0.202105311346/tools/bin/../lib/gcc/arm-none-eabi/9.3.1/../../../../arm-none-eabi/lib/thumb/v7-m/nofp\libc_nano.a(lib_a-strlen.o)
                0x0000000008000228                strlen
 .text          0x0000000008000238      0x378 c:/st/stm32cubeide_1.7.0/stm32cubeide/plugins/com.st.stm32cube.ide.mcu.externaltools.gnu-tools-for-stm32.9-2020-q2-update.win32_2.0.0.202105311346/tools/bin/../lib/gcc/arm-none-eabi/9.3.1/thumb/v7-m/nofp\libgcc.a(_arm_addsubdf3.o)
                0x0000000008000238                __aeabi_drsub
                0x0000000008000240                __aeabi_dsub
                0x0000000008000240                __subdf3
                0x0000000008000244                __aeabi_dadd
                0x0000000008000244                __adddf3
                0x00000000080004bc                __floatunsidf
                0x00000000080004bc                __aeabi_ui2d
                0x00000000080004dc                __floatsidf
                0x00000000080004dc                __aeabi_i2d
                0x0000000008000500                __aeabi_f2d
                0x0000000008000500                __extendsfdf2
                0x0000000008000544                __floatundidf
                0x0000000008000544                __aeabi_ul2d
                0x0000000008000554                __floatdidf
                0x0000000008000554                __aeabi_l2d
 .text          0x00000000080005b0      0x424 c:/st/stm32cubeide_1.7.0/stm32cubeide/plugins/com.st.stm32cube.ide.mcu.externaltools.gnu-tools-for-stm32.9-2020-q2-update.win32_2.0.0.202105311346/tools/bin/../lib/gcc/arm-none-eabi/9.3.1/thumb/v7-m/nofp\libgcc.a(_arm_muldivdf3.o)
                0x00000000080005b0                __aeabi_dmul
                0x00000000080005b0                __muldf3
                0x0000000008000804                __divdf3
                0x0000000008000804                __aeabi_ddiv
 .text          0x00000000080009d4      0x110 c:/st/stm32cubeide_1.7.0/stm32cubeide/plugins/com.st.stm32cube.ide.mcu.externaltools.gnu-tools-for-stm32.9-2020-q2-update.win32_2.0.0.202105311346/tools/bin/../lib/gcc/arm-none-eabi/9.3.1/thumb/v7-m/nofp\libgcc.a(_arm_cmpdf2.o)
                0x00000000080009d4                __gtdf2
                0x00000000080009d4                __gedf2
                0x00000000080009dc                __ltdf2
                0x00000000080009dc                __ledf2
                0x00000000080009e4                __nedf2
                0x00000000080009e4                __eqdf2
                0x00000000080009e4                __cmpdf2
                0x0000000008000a60                __aeabi_cdrcmple
                0x0000000008000a70                __aeabi_cdcmpeq
                0x0000000008000a70                __aeabi_cdcmple
                0x0000000008000a80                __aeabi_dcmpeq
                0x0000000008000a94                __aeabi_dcmplt
                0x0000000008000aa8                __aeabi_dcmple
                0x0000000008000abc                __aeabi_dcmpge
                0x0000000008000ad0                __aeabi_dcmpgt
 .text          0x0000000008000ae4       0x2c c:/st/stm32cubeide_1.7.0/stm32cubeide/plugins/com.st.stm32cube.ide.mcu.externaltools.gnu-tools-for-stm32.9-2020-q2-update.win32_2.0.0.202105311346/tools/bin/../lib/gcc/arm-none-eabi/9.3.1/thumb/v7-m/nofp\libgcc.a(_arm_unorddf2.o)
                0x0000000008000ae4                __unorddf2
                0x0000000008000ae4                __aeabi_dcmpun
 .text          0x0000000008000b10       0x50 c:/st/stm32cubeide_1.7.0/stm32cubeide/plugins/com.st.stm32cube.ide.mcu.externaltools.gnu-tools-for-stm32.9-2020-q2-update.win32_2.0.0.202105311346/tools/bin/../lib/gcc/arm-none-eabi/9.3.1/thumb/v7-m/nofp\libgcc.a(_arm_fixdfsi.o)
                0x0000000008000b10                __aeabi_d2iz
                0x0000000008000b10                __fixdfsi
 .text          0x0000000008000b60       0x40 c:/st/stm32cubeide_1.7.0/stm32cubeide/plugins/com.st.stm32cube.ide.mcu.externaltools.gnu-tools-for-stm32.9-2020-q2-update.win32_2.0.0.202105311346/tools/bin/../lib/gcc/arm-none-eabi/9.3.1/thumb/v7-m/nofp\libgcc.a(_arm_fixunsdfsi.o)
                0x0000000008000b60                __aeabi_d2uiz
                0x0000000008000b60                __fixunsdfsi
 .text          0x0000000008000ba0       0xa0 c:/st/stm32cubeide_1.7.0/stm32cubeide/plugins/com.st.stm32cube.ide.mcu.externaltools.gnu-tools-for-stm32.9-2020-q2-update.win32_2.0.0.202105311346/tools/bin/../lib/gcc/arm-none-eabi/9.3.1/thumb/v7-m/nofp\libgcc.a(_arm_truncdfsf2.o)
                0x0000000008000ba0                __truncdfsf2
                0x0000000008000ba0                __aeabi_d2f
 .text          0x0000000008000c40      0x21c c:/st/stm32cubeide_1.7.0/stm32cubeide/plugins/com.st.stm32cube.ide.mcu.externaltools.gnu-tools-for-stm32.9-2020-q2-update.win32_2.0.0.202105311346/tools/bin/../lib/gcc/arm-none-eabi/9.3.1/thumb/v7-m/nofp\libgcc.a(_arm_addsubsf3.o)
                0x0000000008000c40                __aeabi_frsub
                0x0000000008000c48                __subsf3
                0x0000000008000c48                __aeabi_fsub
                0x0000000008000c4c                __aeabi_fadd
                0x0000000008000c4c                __addsf3
                0x0000000008000dac                __aeabi_ui2f
                0x0000000008000dac                __floatunsisf
                0x0000000008000db4                __aeabi_i2f
                0x0000000008000db4                __floatsisf
                0x0000000008000dd0                __aeabi_ul2f
                0x0000000008000dd0                __floatundisf
                0x0000000008000de0                __aeabi_l2f
                0x0000000008000de0                __floatdisf
 .text          0x0000000008000e5c      0x2a0 c:/st/stm32cubeide_1.7.0/stm32cubeide/plugins/com.st.stm32cube.ide.mcu.externaltools.gnu-tools-for-stm32.9-2020-q2-update.win32_2.0.0.202105311346/tools/bin/../lib/gcc/arm-none-eabi/9.3.1/thumb/v7-m/nofp\libgcc.a(_arm_muldivsf3.o)
                0x0000000008000e5c                __mulsf3
                0x0000000008000e5c                __aeabi_fmul
                0x0000000008000fc4                __aeabi_fdiv
                0x0000000008000fc4                __divsf3
 .text          0x00000000080010fc       0xec c:/st/stm32cubeide_1.7.0/stm32cubeide/plugins/com.st.stm32cube.ide.mcu.externaltools.gnu-tools-for-stm32.9-2020-q2-update.win32_2.0.0.202105311346/tools/bin/../lib/gcc/arm-none-eabi/9.3.1/thumb/v7-m/nofp\libgcc.a(_arm_cmpsf2.o)
                0x00000000080010fc                __gesf2
                0x00000000080010fc                __gtsf2
                0x0000000008001104                __lesf2
                0x0000000008001104                __ltsf2
                0x000000000800110c                __nesf2
                0x000000000800110c                __eqsf2
                0x000000000800110c                __cmpsf2
                0x000000000800116c                __aeabi_cfrcmple
                0x0000000008001174                __aeabi_cfcmpeq
                0x0000000008001174                __aeabi_cfcmple
                0x0000000008001184                __aeabi_fcmpeq
                0x0000000008001198                __aeabi_fcmplt
                0x00000000080011ac                __aeabi_fcmple
                0x00000000080011c0                __aeabi_fcmpge
                0x00000000080011d4                __aeabi_fcmpgt
 .text          0x00000000080011e8       0x4c c:/st/stm32cubeide_1.7.0/stm32cubeide/plugins/com.st.stm32cube.ide.mcu.externaltools.gnu-tools-for-stm32.9-2020-q2-update.win32_2.0.0.202105311346/tools/bin/../lib/gcc/arm-none-eabi/9.3.1/thumb/v7-m/nofp\libgcc.a(_arm_fixsfsi.o)
                0x00000000080011e8                __aeabi_f2iz
                0x00000000080011e8                __fixsfsi
 .text          0x0000000008001234       0x40 c:/st/stm32cubeide_1.7.0/stm32cubeide/plugins/com.st.stm32cube.ide.mcu.externaltools.gnu-tools-for-stm32.9-2020-q2-update.win32_2.0.0.202105311346/tools/bin/../lib/gcc/arm-none-eabi/9.3.1/thumb/v7-m/nofp\libgcc.a(_arm_fixunssfsi.o)
                0x0000000008001234                __fixunssfsi
                0x0000000008001234                __aeabi_f2uiz
 .text          0x0000000008001274       0x34 c:/st/stm32cubeide_1.7.0/stm32cubeide/plugins/com.st.stm32cube.ide.mcu.externaltools.gnu-tools-for-stm32.9-2020-q2-update.win32_2.0.0.202105311346/tools/bin/../lib/gcc/arm-none-eabi/9.3.1/thumb/v7-m/nofp\libgcc.a(_fixdfdi.o)
                0x0000000008001274                __fixdfdi
                0x0000000008001274                __aeabi_d2lz
 .text          0x00000000080012a8       0x3c c:/st/stm32cubeide_1.7.0/stm32cubeide/plugins/com.st.stm32cube.ide.mcu.externaltools.gnu-tools-for-stm32.9-2020-q2-update.win32_2.0.0.202105311346/tools/bin/../lib/gcc/arm-none-eabi/9.3.1/thumb/v7-m/nofp\libgcc.a(_fixunsdfdi.o)
                0x00000000080012a8                __fixunsdfdi
                0x00000000080012a8                __aeabi_d2ulz
 *(.text*)
 .text._Z11Adbms_Delaym
                0x00000000080012e4       0x16 ./Core/Src/Adbms6948_Applications.o
                0x00000000080012e4                Adbms_Delay(unsigned long)
 .text._Z18Adbms6948_SPI_Lockv
                0x00000000080012fa        0xc ./Core/Src/Adbms6948_Applications.o
                0x00000000080012fa                Adbms6948_SPI_Lock()
 .text._Z20Adbms6948_SPI_Unlockv
                0x0000000008001306        0xc ./Core/Src/Adbms6948_Applications.o
                0x0000000008001306                Adbms6948_SPI_Unlock()
 *fill*         0x0000000008001312        0x2 
 .text._Z23Adbms6948_SPI_WriteReadPhS_t
                0x0000000008001314       0x5c ./Core/Src/Adbms6948_Applications.o
                0x0000000008001314                Adbms6948_SPI_WriteRead(unsigned char*, unsigned char*, unsigned short)
 .text.Adbms_Init
                0x0000000008001370       0x38 ./Core/Src/Adbms6948_Applications.o
                0x0000000008001370                Adbms_Init
 .text.Adbms6948_measure_cells
                0x00000000080013a8       0xd0 ./Core/Src/Adbms6948_Applications.o
                0x00000000080013a8                Adbms6948_measure_cells
 .text.Adbms6948_measure_current
                0x0000000008001478       0xac ./Core/Src/Adbms6948_Applications.o
                0x0000000008001478                Adbms6948_measure_current
 .text.Adbms6948_Discharge_Cell
                0x0000000008001524       0x20 ./Core/Src/Adbms6948_Applications.o
                0x0000000008001524                Adbms6948_Discharge_Cell
 .text.Batt_Discharge_Mode
                0x0000000008001544       0xb4 ./Core/Src/Battery_Charge_Discharge.o
                0x0000000008001544                Batt_Discharge_Mode
 .text.Batt_Charge_Mode
                0x00000000080015f8       0xcc ./Core/Src/Battery_Charge_Discharge.o
                0x00000000080015f8                Batt_Charge_Mode
 .text.Batt_Full_CD_Mode
                0x00000000080016c4       0xd8 ./Core/Src/Battery_Charge_Discharge.o
                0x00000000080016c4                Batt_Full_CD_Mode
 .text.Batt_Open_Mode
                0x000000000800179c       0x54 ./Core/Src/Battery_Charge_Discharge.o
                0x000000000800179c                Batt_Open_Mode
 .text.check_SOC_Based_OCV
                0x00000000080017f0      0x3a8 ./Core/Src/Battery_Charge_Discharge.o
                0x00000000080017f0                check_SOC_Based_OCV
 .text.EEPROM_isDeviceReady
                0x0000000008001b98       0x3c ./Core/Src/EEPROM.o
                0x0000000008001b98                EEPROM_isDeviceReady
 .text.EEPROM_WriteData
                0x0000000008001bd4       0x3c ./Core/Src/EEPROM.o
                0x0000000008001bd4                EEPROM_WriteData
 .text.EEPROM_ReadData
                0x0000000008001c10       0x38 ./Core/Src/EEPROM.o
                0x0000000008001c10                EEPROM_ReadData
 .text.MX_ADC1_Init
                0x0000000008001c48      0x128 ./Core/Src/adc.o
                0x0000000008001c48                MX_ADC1_Init
 .text.HAL_ADC_MspInit
                0x0000000008001d70      0x100 ./Core/Src/adc.o
                0x0000000008001d70                HAL_ADC_MspInit
 .text.MX_CAN_Init
                0x0000000008001e70       0x6c ./Core/Src/can.o
                0x0000000008001e70                MX_CAN_Init
 .text.HAL_CAN_MspInit
                0x0000000008001edc       0xd0 ./Core/Src/can.o
                0x0000000008001edc                HAL_CAN_MspInit
 *fill*         0x0000000008001fac        0x4 
 .text.CANTX_BattParameter
                0x0000000008001fb0      0x294 ./Core/Src/can.o
                0x0000000008001fb0                CANTX_BattParameter
 .text.CANTX_BattProtection
                0x0000000008002244      0x28c ./Core/Src/can.o
                0x0000000008002244                CANTX_BattProtection
 .text.CANTX_ReportToCharger
                0x00000000080024d0       0xf0 ./Core/Src/can.o
                0x00000000080024d0                CANTX_ReportToCharger
 .text.CANTX_BattId
                0x00000000080025c0       0xb0 ./Core/Src/can.o
                0x00000000080025c0                CANTX_BattId
 .text.HAL_CAN_RxFifo0MsgPendingCallback
                0x0000000008002670      0x1bc ./Core/Src/can.o
                0x0000000008002670                HAL_CAN_RxFifo0MsgPendingCallback
 .text.BMS_CAN_Config
                0x000000000800282c       0x7c ./Core/Src/can.o
                0x000000000800282c                BMS_CAN_Config
 .text.MX_DMA_Init
                0x00000000080028a8       0x3c ./Core/Src/dma.o
                0x00000000080028a8                MX_DMA_Init
 .text.MX_GPIO_Init
                0x00000000080028e4       0xfc ./Core/Src/gpio.o
                0x00000000080028e4                MX_GPIO_Init
 .text.MX_I2C1_Init
                0x00000000080029e0       0x5c ./Core/Src/i2c.o
                0x00000000080029e0                MX_I2C1_Init
 .text.MX_I2C2_Init
                0x0000000008002a3c       0x5c ./Core/Src/i2c.o
                0x0000000008002a3c                MX_I2C2_Init
 .text.HAL_I2C_MspInit
                0x0000000008002a98       0xd8 ./Core/Src/i2c.o
                0x0000000008002a98                HAL_I2C_MspInit
 .text.MX_IWDG_Init
                0x0000000008002b70       0x34 ./Core/Src/iwdg.o
                0x0000000008002b70                MX_IWDG_Init
 *fill*         0x0000000008002ba4        0x4 
 .text.main     0x0000000008002ba8      0x154 ./Core/Src/main.o
                0x0000000008002ba8                main
 .text.SystemClock_Config
                0x0000000008002cfc       0xb6 ./Core/Src/main.o
                0x0000000008002cfc                SystemClock_Config
 *fill*         0x0000000008002db2        0x2 
 .text.BMS_Init
                0x0000000008002db4      0x190 ./Core/Src/main.o
                0x0000000008002db4                BMS_Init
 .text.BMS_ScreenMode_RUN
                0x0000000008002f44      0x444 ./Core/Src/main.o
                0x0000000008002f44                BMS_ScreenMode_RUN
 .text.get_balance_status
                0x0000000008003388      0x164 ./Core/Src/main.o
                0x0000000008003388                get_balance_status
 .text.Error_Handler
                0x00000000080034ec        0xa ./Core/Src/main.o
                0x00000000080034ec                Error_Handler
 *fill*         0x00000000080034f6        0x2 
 .text.MX_SPI1_Init
                0x00000000080034f8       0x6c ./Core/Src/spi.o
                0x00000000080034f8                MX_SPI1_Init
 .text.HAL_SPI_MspInit
                0x0000000008003564       0xc4 ./Core/Src/spi.o
                0x0000000008003564                HAL_SPI_MspInit
 .text.SSD1306_Init
                0x0000000008003628      0x17c ./Core/Src/ssd1306.o
                0x0000000008003628                SSD1306_Init
 .text.SSD1306_UpdateScreen
                0x00000000080037a4       0x5c ./Core/Src/ssd1306.o
                0x00000000080037a4                SSD1306_UpdateScreen
 .text.SSD1306_Fill
                0x0000000008003800       0x30 ./Core/Src/ssd1306.o
                0x0000000008003800                SSD1306_Fill
 .text.SSD1306_DrawPixel
                0x0000000008003830       0xbc ./Core/Src/ssd1306.o
                0x0000000008003830                SSD1306_DrawPixel
 .text.SSD1306_GotoXY
                0x00000000080038ec       0x2c ./Core/Src/ssd1306.o
                0x00000000080038ec                SSD1306_GotoXY
 .text.SSD1306_Putc
                0x0000000008003918      0x100 ./Core/Src/ssd1306.o
                0x0000000008003918                SSD1306_Putc
 .text.SSD1306_Puts
                0x0000000008003a18       0x4a ./Core/Src/ssd1306.o
                0x0000000008003a18                SSD1306_Puts
 *fill*         0x0000000008003a62        0x2 
 .text.ssd1306_I2C_Init
                0x0000000008003a64       0x28 ./Core/Src/ssd1306.o
                0x0000000008003a64                ssd1306_I2C_Init
 .text.ssd1306_I2C_WriteMulti
                0x0000000008003a8c       0xb0 ./Core/Src/ssd1306.o
                0x0000000008003a8c                ssd1306_I2C_WriteMulti
 .text.ssd1306_I2C_Write
                0x0000000008003b3c       0x3c ./Core/Src/ssd1306.o
                0x0000000008003b3c                ssd1306_I2C_Write
 .text.HAL_MspInit
                0x0000000008003b78       0x64 ./Core/Src/stm32f1xx_hal_msp.o
                0x0000000008003b78                HAL_MspInit
 .text.NMI_Handler
                0x0000000008003bdc        0x6 ./Core/Src/stm32f1xx_it.o
                0x0000000008003bdc                NMI_Handler
 .text.HardFault_Handler
                0x0000000008003be2        0x6 ./Core/Src/stm32f1xx_it.o
                0x0000000008003be2                HardFault_Handler
 .text.MemManage_Handler
                0x0000000008003be8        0x6 ./Core/Src/stm32f1xx_it.o
                0x0000000008003be8                MemManage_Handler
 .text.BusFault_Handler
                0x0000000008003bee        0x6 ./Core/Src/stm32f1xx_it.o
                0x0000000008003bee                BusFault_Handler
 .text.UsageFault_Handler
                0x0000000008003bf4        0x6 ./Core/Src/stm32f1xx_it.o
                0x0000000008003bf4                UsageFault_Handler
 .text.SVC_Handler
                0x0000000008003bfa        0xc ./Core/Src/stm32f1xx_it.o
                0x0000000008003bfa                SVC_Handler
 .text.DebugMon_Handler
                0x0000000008003c06        0xc ./Core/Src/stm32f1xx_it.o
                0x0000000008003c06                DebugMon_Handler
 .text.PendSV_Handler
                0x0000000008003c12        0xc ./Core/Src/stm32f1xx_it.o
                0x0000000008003c12                PendSV_Handler
 .text.SysTick_Handler
                0x0000000008003c1e        0xc ./Core/Src/stm32f1xx_it.o
                0x0000000008003c1e                SysTick_Handler
 *fill*         0x0000000008003c2a        0x2 
 .text.DMA1_Channel1_IRQHandler
                0x0000000008003c2c       0x14 ./Core/Src/stm32f1xx_it.o
                0x0000000008003c2c                DMA1_Channel1_IRQHandler
 .text.USB_LP_CAN1_RX0_IRQHandler
                0x0000000008003c40       0x14 ./Core/Src/stm32f1xx_it.o
                0x0000000008003c40                USB_LP_CAN1_RX0_IRQHandler
 *fill*         0x0000000008003c54        0x4 
 .text.TIM2_IRQHandler
                0x0000000008003c58      0x894 ./Core/Src/stm32f1xx_it.o
                0x0000000008003c58                TIM2_IRQHandler
 .text.TIM3_IRQHandler
                0x00000000080044ec       0x90 ./Core/Src/stm32f1xx_it.o
                0x00000000080044ec                TIM3_IRQHandler
 .text.SPI1_IRQHandler
                0x000000000800457c       0x14 ./Core/Src/stm32f1xx_it.o
                0x000000000800457c                SPI1_IRQHandler
 .text.Batt_Protection_when_discharge
                0x0000000008004590      0xd40 ./Core/Src/stm32f1xx_it.o
                0x0000000008004590                Batt_Protection_when_discharge
 .text.Batt_Protection_when_charge
                0x00000000080052d0      0x9d4 ./Core/Src/stm32f1xx_it.o
                0x00000000080052d0                Batt_Protection_when_charge
 *fill*         0x0000000008005ca4        0x4 
 .text.Batt_Protection_when_chargedischarge
                0x0000000008005ca8      0xc60 ./Core/Src/stm32f1xx_it.o
                0x0000000008005ca8                Batt_Protection_when_chargedischarge
 .text._getpid  0x0000000008006908        0xe ./Core/Src/syscalls.o
                0x0000000008006908                _getpid
 .text._kill    0x0000000008006916       0x20 ./Core/Src/syscalls.o
                0x0000000008006916                _kill
 .text._exit    0x0000000008006936       0x14 ./Core/Src/syscalls.o
                0x0000000008006936                _exit
 .text._read    0x000000000800694a       0x3a ./Core/Src/syscalls.o
                0x000000000800694a                _read
 .text._write   0x0000000008006984       0x38 ./Core/Src/syscalls.o
                0x0000000008006984                _write
 .text._close   0x00000000080069bc       0x16 ./Core/Src/syscalls.o
                0x00000000080069bc                _close
 .text._fstat   0x00000000080069d2       0x1e ./Core/Src/syscalls.o
                0x00000000080069d2                _fstat
 .text._isatty  0x00000000080069f0       0x14 ./Core/Src/syscalls.o
                0x00000000080069f0                _isatty
 .text._lseek   0x0000000008006a04       0x18 ./Core/Src/syscalls.o
                0x0000000008006a04                _lseek
 .text._sbrk    0x0000000008006a1c       0x6c ./Core/Src/sysmem.o
                0x0000000008006a1c                _sbrk
 .text.SystemInit
                0x0000000008006a88        0xc ./Core/Src/system_stm32f1xx.o
                0x0000000008006a88                SystemInit
 .text.MX_TIM2_Init
                0x0000000008006a94       0x9c ./Core/Src/tim.o
                0x0000000008006a94                MX_TIM2_Init
 .text.MX_TIM3_Init
                0x0000000008006b30       0x9c ./Core/Src/tim.o
                0x0000000008006b30                MX_TIM3_Init
 .text.HAL_TIM_Base_MspInit
                0x0000000008006bcc       0x80 ./Core/Src/tim.o
                0x0000000008006bcc                HAL_TIM_Base_MspInit
 .text.Reset_Handler
                0x0000000008006c4c       0x48 ./Core/Startup/startup_stm32f103rgtx.o
                0x0000000008006c4c                Reset_Handler
 .text.Default_Handler
                0x0000000008006c94        0x2 ./Core/Startup/startup_stm32f103rgtx.o
                0x0000000008006c94                RTC_Alarm_IRQHandler
                0x0000000008006c94                EXTI2_IRQHandler
                0x0000000008006c94                TIM8_CC_IRQHandler
                0x0000000008006c94                TIM1_CC_IRQHandler
                0x0000000008006c94                TIM6_IRQHandler
                0x0000000008006c94                PVD_IRQHandler
                0x0000000008006c94                SDIO_IRQHandler
                0x0000000008006c94                EXTI3_IRQHandler
                0x0000000008006c94                TIM8_TRG_COM_TIM14_IRQHandler
                0x0000000008006c94                TIM1_UP_TIM10_IRQHandler
                0x0000000008006c94                TIM8_UP_TIM13_IRQHandler
                0x0000000008006c94                EXTI0_IRQHandler
                0x0000000008006c94                I2C2_EV_IRQHandler
                0x0000000008006c94                ADC1_2_IRQHandler
                0x0000000008006c94                TAMPER_IRQHandler
                0x0000000008006c94                TIM1_BRK_TIM9_IRQHandler
                0x0000000008006c94                DMA2_Channel2_IRQHandler
                0x0000000008006c94                DMA1_Channel4_IRQHandler
                0x0000000008006c94                USART3_IRQHandler
                0x0000000008006c94                RTC_IRQHandler
                0x0000000008006c94                DMA1_Channel7_IRQHandler
                0x0000000008006c94                CAN1_RX1_IRQHandler
                0x0000000008006c94                UART5_IRQHandler
                0x0000000008006c94                ADC3_IRQHandler
                0x0000000008006c94                TIM4_IRQHandler
                0x0000000008006c94                DMA2_Channel1_IRQHandler
                0x0000000008006c94                I2C1_EV_IRQHandler
                0x0000000008006c94                DMA1_Channel6_IRQHandler
                0x0000000008006c94                UART4_IRQHandler
                0x0000000008006c94                RCC_IRQHandler
                0x0000000008006c94                TIM8_BRK_TIM12_IRQHandler
                0x0000000008006c94                Default_Handler
                0x0000000008006c94                EXTI15_10_IRQHandler
                0x0000000008006c94                TIM7_IRQHandler
                0x0000000008006c94                TIM5_IRQHandler
                0x0000000008006c94                EXTI9_5_IRQHandler
                0x0000000008006c94                SPI2_IRQHandler
                0x0000000008006c94                DMA1_Channel5_IRQHandler
                0x0000000008006c94                EXTI4_IRQHandler
                0x0000000008006c94                USB_HP_CAN1_TX_IRQHandler
                0x0000000008006c94                DMA1_Channel3_IRQHandler
                0x0000000008006c94                FSMC_IRQHandler
                0x0000000008006c94                WWDG_IRQHandler
                0x0000000008006c94                TIM1_TRG_COM_TIM11_IRQHandler
                0x0000000008006c94                EXTI1_IRQHandler
                0x0000000008006c94                DMA2_Channel4_5_IRQHandler
                0x0000000008006c94                USART2_IRQHandler
                0x0000000008006c94                I2C2_ER_IRQHandler
                0x0000000008006c94                DMA1_Channel2_IRQHandler
                0x0000000008006c94                CAN1_SCE_IRQHandler
                0x0000000008006c94                FLASH_IRQHandler
                0x0000000008006c94                USART1_IRQHandler
                0x0000000008006c94                SPI3_IRQHandler
                0x0000000008006c94                I2C1_ER_IRQHandler
                0x0000000008006c94                USBWakeUp_IRQHandler
                0x0000000008006c94                DMA2_Channel3_IRQHandler
 *fill*         0x0000000008006c96        0x2 
 .text.HAL_Init
                0x0000000008006c98       0x2c ./Drivers/STM32F1xx_HAL_Driver/Src/stm32f1xx_hal.o
                0x0000000008006c98                HAL_Init
 .text.HAL_InitTick
                0x0000000008006cc4       0x60 ./Drivers/STM32F1xx_HAL_Driver/Src/stm32f1xx_hal.o
                0x0000000008006cc4                HAL_InitTick
 .text.HAL_IncTick
                0x0000000008006d24       0x24 ./Drivers/STM32F1xx_HAL_Driver/Src/stm32f1xx_hal.o
                0x0000000008006d24                HAL_IncTick
 .text.HAL_GetTick
                0x0000000008006d48       0x14 ./Drivers/STM32F1xx_HAL_Driver/Src/stm32f1xx_hal.o
                0x0000000008006d48                HAL_GetTick
 .text.HAL_Delay
                0x0000000008006d5c       0x48 ./Drivers/STM32F1xx_HAL_Driver/Src/stm32f1xx_hal.o
                0x0000000008006d5c                HAL_Delay
 .text.HAL_ADC_Init
                0x0000000008006da4      0x1d4 ./Drivers/STM32F1xx_HAL_Driver/Src/stm32f1xx_hal_adc.o
                0x0000000008006da4                HAL_ADC_Init
 .text.HAL_ADC_Start_DMA
                0x0000000008006f78      0x1bc ./Drivers/STM32F1xx_HAL_Driver/Src/stm32f1xx_hal_adc.o
                0x0000000008006f78                HAL_ADC_Start_DMA
 .text.HAL_ADC_ConvCpltCallback
                0x0000000008007134       0x12 ./Drivers/STM32F1xx_HAL_Driver/Src/stm32f1xx_hal_adc.o
                0x0000000008007134                HAL_ADC_ConvCpltCallback
 .text.HAL_ADC_ConvHalfCpltCallback
                0x0000000008007146       0x12 ./Drivers/STM32F1xx_HAL_Driver/Src/stm32f1xx_hal_adc.o
                0x0000000008007146                HAL_ADC_ConvHalfCpltCallback
 .text.HAL_ADC_ErrorCallback
                0x0000000008007158       0x12 ./Drivers/STM32F1xx_HAL_Driver/Src/stm32f1xx_hal_adc.o
                0x0000000008007158                HAL_ADC_ErrorCallback
 *fill*         0x000000000800716a        0x2 
 .text.HAL_ADC_ConfigChannel
                0x000000000800716c      0x1f0 ./Drivers/STM32F1xx_HAL_Driver/Src/stm32f1xx_hal_adc.o
                0x000000000800716c                HAL_ADC_ConfigChannel
 .text.ADC_Enable
                0x000000000800735c       0xb4 ./Drivers/STM32F1xx_HAL_Driver/Src/stm32f1xx_hal_adc.o
                0x000000000800735c                ADC_Enable
 .text.ADC_ConversionStop_Disable
                0x0000000008007410       0x82 ./Drivers/STM32F1xx_HAL_Driver/Src/stm32f1xx_hal_adc.o
                0x0000000008007410                ADC_ConversionStop_Disable
 .text.ADC_DMAConvCplt
                0x0000000008007492       0x7c ./Drivers/STM32F1xx_HAL_Driver/Src/stm32f1xx_hal_adc.o
                0x0000000008007492                ADC_DMAConvCplt
 .text.ADC_DMAHalfConvCplt
                0x000000000800750e       0x1c ./Drivers/STM32F1xx_HAL_Driver/Src/stm32f1xx_hal_adc.o
                0x000000000800750e                ADC_DMAHalfConvCplt
 .text.ADC_DMAError
                0x000000000800752a       0x34 ./Drivers/STM32F1xx_HAL_Driver/Src/stm32f1xx_hal_adc.o
                0x000000000800752a                ADC_DMAError
 .text.HAL_CAN_Init
                0x000000000800755e      0x1f6 ./Drivers/STM32F1xx_HAL_Driver/Src/stm32f1xx_hal_can.o
                0x000000000800755e                HAL_CAN_Init
 .text.HAL_CAN_ConfigFilter
                0x0000000008007754      0x192 ./Drivers/STM32F1xx_HAL_Driver/Src/stm32f1xx_hal_can.o
                0x0000000008007754                HAL_CAN_ConfigFilter
 .text.HAL_CAN_Start
                0x00000000080078e6       0x88 ./Drivers/STM32F1xx_HAL_Driver/Src/stm32f1xx_hal_can.o
                0x00000000080078e6                HAL_CAN_Start
 .text.HAL_CAN_AddTxMessage
                0x000000000800796e      0x1b4 ./Drivers/STM32F1xx_HAL_Driver/Src/stm32f1xx_hal_can.o
                0x000000000800796e                HAL_CAN_AddTxMessage
 .text.HAL_CAN_AbortTxRequest
                0x0000000008007b22       0x88 ./Drivers/STM32F1xx_HAL_Driver/Src/stm32f1xx_hal_can.o
                0x0000000008007b22                HAL_CAN_AbortTxRequest
 .text.HAL_CAN_GetTxMailboxesFreeLevel
                0x0000000008007baa       0x68 ./Drivers/STM32F1xx_HAL_Driver/Src/stm32f1xx_hal_can.o
                0x0000000008007baa                HAL_CAN_GetTxMailboxesFreeLevel
 .text.HAL_CAN_GetRxMessage
                0x0000000008007c12      0x222 ./Drivers/STM32F1xx_HAL_Driver/Src/stm32f1xx_hal_can.o
                0x0000000008007c12                HAL_CAN_GetRxMessage
 .text.HAL_CAN_ActivateNotification
                0x0000000008007e34       0x4a ./Drivers/STM32F1xx_HAL_Driver/Src/stm32f1xx_hal_can.o
                0x0000000008007e34                HAL_CAN_ActivateNotification
 .text.HAL_CAN_IRQHandler
                0x0000000008007e7e      0x36e ./Drivers/STM32F1xx_HAL_Driver/Src/stm32f1xx_hal_can.o
                0x0000000008007e7e                HAL_CAN_IRQHandler
 .text.HAL_CAN_TxMailbox0CompleteCallback
                0x00000000080081ec       0x12 ./Drivers/STM32F1xx_HAL_Driver/Src/stm32f1xx_hal_can.o
                0x00000000080081ec                HAL_CAN_TxMailbox0CompleteCallback
 .text.HAL_CAN_TxMailbox1CompleteCallback
                0x00000000080081fe       0x12 ./Drivers/STM32F1xx_HAL_Driver/Src/stm32f1xx_hal_can.o
                0x00000000080081fe                HAL_CAN_TxMailbox1CompleteCallback
 .text.HAL_CAN_TxMailbox2CompleteCallback
                0x0000000008008210       0x12 ./Drivers/STM32F1xx_HAL_Driver/Src/stm32f1xx_hal_can.o
                0x0000000008008210                HAL_CAN_TxMailbox2CompleteCallback
 .text.HAL_CAN_TxMailbox0AbortCallback
                0x0000000008008222       0x12 ./Drivers/STM32F1xx_HAL_Driver/Src/stm32f1xx_hal_can.o
                0x0000000008008222                HAL_CAN_TxMailbox0AbortCallback
 .text.HAL_CAN_TxMailbox1AbortCallback
                0x0000000008008234       0x12 ./Drivers/STM32F1xx_HAL_Driver/Src/stm32f1xx_hal_can.o
                0x0000000008008234                HAL_CAN_TxMailbox1AbortCallback
 .text.HAL_CAN_TxMailbox2AbortCallback
                0x0000000008008246       0x12 ./Drivers/STM32F1xx_HAL_Driver/Src/stm32f1xx_hal_can.o
                0x0000000008008246                HAL_CAN_TxMailbox2AbortCallback
 .text.HAL_CAN_RxFifo0FullCallback
                0x0000000008008258       0x12 ./Drivers/STM32F1xx_HAL_Driver/Src/stm32f1xx_hal_can.o
                0x0000000008008258                HAL_CAN_RxFifo0FullCallback
 .text.HAL_CAN_RxFifo1MsgPendingCallback
                0x000000000800826a       0x12 ./Drivers/STM32F1xx_HAL_Driver/Src/stm32f1xx_hal_can.o
                0x000000000800826a                HAL_CAN_RxFifo1MsgPendingCallback
 .text.HAL_CAN_RxFifo1FullCallback
                0x000000000800827c       0x12 ./Drivers/STM32F1xx_HAL_Driver/Src/stm32f1xx_hal_can.o
                0x000000000800827c                HAL_CAN_RxFifo1FullCallback
 .text.HAL_CAN_SleepCallback
                0x000000000800828e       0x12 ./Drivers/STM32F1xx_HAL_Driver/Src/stm32f1xx_hal_can.o
                0x000000000800828e                HAL_CAN_SleepCallback
 .text.HAL_CAN_WakeUpFromRxMsgCallback
                0x00000000080082a0       0x12 ./Drivers/STM32F1xx_HAL_Driver/Src/stm32f1xx_hal_can.o
                0x00000000080082a0                HAL_CAN_WakeUpFromRxMsgCallback
 .text.HAL_CAN_ErrorCallback
                0x00000000080082b2       0x12 ./Drivers/STM32F1xx_HAL_Driver/Src/stm32f1xx_hal_can.o
                0x00000000080082b2                HAL_CAN_ErrorCallback
 .text.__NVIC_SetPriorityGrouping
                0x00000000080082c4       0x48 ./Drivers/STM32F1xx_HAL_Driver/Src/stm32f1xx_hal_cortex.o
 .text.__NVIC_GetPriorityGrouping
                0x000000000800830c       0x1c ./Drivers/STM32F1xx_HAL_Driver/Src/stm32f1xx_hal_cortex.o
 .text.__NVIC_EnableIRQ
                0x0000000008008328       0x38 ./Drivers/STM32F1xx_HAL_Driver/Src/stm32f1xx_hal_cortex.o
 .text.__NVIC_SetPriority
                0x0000000008008360       0x54 ./Drivers/STM32F1xx_HAL_Driver/Src/stm32f1xx_hal_cortex.o
 .text.NVIC_EncodePriority
                0x00000000080083b4       0x64 ./Drivers/STM32F1xx_HAL_Driver/Src/stm32f1xx_hal_cortex.o
 .text.SysTick_Config
                0x0000000008008418       0x44 ./Drivers/STM32F1xx_HAL_Driver/Src/stm32f1xx_hal_cortex.o
 .text.HAL_NVIC_SetPriorityGrouping
                0x000000000800845c       0x16 ./Drivers/STM32F1xx_HAL_Driver/Src/stm32f1xx_hal_cortex.o
                0x000000000800845c                HAL_NVIC_SetPriorityGrouping
 .text.HAL_NVIC_SetPriority
                0x0000000008008472       0x38 ./Drivers/STM32F1xx_HAL_Driver/Src/stm32f1xx_hal_cortex.o
                0x0000000008008472                HAL_NVIC_SetPriority
 .text.HAL_NVIC_EnableIRQ
                0x00000000080084aa       0x1c ./Drivers/STM32F1xx_HAL_Driver/Src/stm32f1xx_hal_cortex.o
                0x00000000080084aa                HAL_NVIC_EnableIRQ
 .text.HAL_SYSTICK_Config
                0x00000000080084c6       0x18 ./Drivers/STM32F1xx_HAL_Driver/Src/stm32f1xx_hal_cortex.o
                0x00000000080084c6                HAL_SYSTICK_Config
 *fill*         0x00000000080084de        0x2 
 .text.HAL_DMA_Init
                0x00000000080084e0       0xec ./Drivers/STM32F1xx_HAL_Driver/Src/stm32f1xx_hal_dma.o
                0x00000000080084e0                HAL_DMA_Init
 .text.HAL_DMA_Start_IT
                0x00000000080085cc       0xbe ./Drivers/STM32F1xx_HAL_Driver/Src/stm32f1xx_hal_dma.o
                0x00000000080085cc                HAL_DMA_Start_IT
 *fill*         0x000000000800868a        0x2 
 .text.HAL_DMA_Abort_IT
                0x000000000800868c      0x210 ./Drivers/STM32F1xx_HAL_Driver/Src/stm32f1xx_hal_dma.o
                0x000000000800868c                HAL_DMA_Abort_IT
 .text.HAL_DMA_IRQHandler
                0x000000000800889c      0x478 ./Drivers/STM32F1xx_HAL_Driver/Src/stm32f1xx_hal_dma.o
                0x000000000800889c                HAL_DMA_IRQHandler
 .text.DMA_SetConfig
                0x0000000008008d14       0x5a ./Drivers/STM32F1xx_HAL_Driver/Src/stm32f1xx_hal_dma.o
 *fill*         0x0000000008008d6e        0x2 
 .text.HAL_GPIO_Init
                0x0000000008008d70      0x328 ./Drivers/STM32F1xx_HAL_Driver/Src/stm32f1xx_hal_gpio.o
                0x0000000008008d70                HAL_GPIO_Init
 .text.HAL_GPIO_WritePin
                0x0000000008009098       0x30 ./Drivers/STM32F1xx_HAL_Driver/Src/stm32f1xx_hal_gpio.o
                0x0000000008009098                HAL_GPIO_WritePin
 .text.HAL_GPIO_TogglePin
                0x00000000080090c8       0x32 ./Drivers/STM32F1xx_HAL_Driver/Src/stm32f1xx_hal_gpio.o
                0x00000000080090c8                HAL_GPIO_TogglePin
 *fill*         0x00000000080090fa        0x2 
 .text.HAL_I2C_Init
                0x00000000080090fc      0x288 ./Drivers/STM32F1xx_HAL_Driver/Src/stm32f1xx_hal_i2c.o
                0x00000000080090fc                HAL_I2C_Init
 .text.HAL_I2C_Master_Transmit
                0x0000000008009384      0x1fc ./Drivers/STM32F1xx_HAL_Driver/Src/stm32f1xx_hal_i2c.o
                0x0000000008009384                HAL_I2C_Master_Transmit
 .text.HAL_I2C_Mem_Write
                0x0000000008009580      0x1f4 ./Drivers/STM32F1xx_HAL_Driver/Src/stm32f1xx_hal_i2c.o
                0x0000000008009580                HAL_I2C_Mem_Write
 .text.HAL_I2C_Mem_Read
                0x0000000008009774      0x4d0 ./Drivers/STM32F1xx_HAL_Driver/Src/stm32f1xx_hal_i2c.o
                0x0000000008009774                HAL_I2C_Mem_Read
 .text.HAL_I2C_IsDeviceReady
                0x0000000008009c44      0x25c ./Drivers/STM32F1xx_HAL_Driver/Src/stm32f1xx_hal_i2c.o
                0x0000000008009c44                HAL_I2C_IsDeviceReady
 .text.I2C_MasterRequestWrite
                0x0000000008009ea0      0x104 ./Drivers/STM32F1xx_HAL_Driver/Src/stm32f1xx_hal_i2c.o
 .text.I2C_RequestMemoryWrite
                0x0000000008009fa4      0x12c ./Drivers/STM32F1xx_HAL_Driver/Src/stm32f1xx_hal_i2c.o
 .text.I2C_RequestMemoryRead
                0x000000000800a0d0      0x1d0 ./Drivers/STM32F1xx_HAL_Driver/Src/stm32f1xx_hal_i2c.o
 .text.I2C_WaitOnFlagUntilTimeout
                0x000000000800a2a0       0xae ./Drivers/STM32F1xx_HAL_Driver/Src/stm32f1xx_hal_i2c.o
 .text.I2C_WaitOnMasterAddressFlagUntilTimeout
                0x000000000800a34e       0xfe ./Drivers/STM32F1xx_HAL_Driver/Src/stm32f1xx_hal_i2c.o
 .text.I2C_WaitOnTXEFlagUntilTimeout
                0x000000000800a44c       0x82 ./Drivers/STM32F1xx_HAL_Driver/Src/stm32f1xx_hal_i2c.o
 .text.I2C_WaitOnBTFFlagUntilTimeout
                0x000000000800a4ce       0x82 ./Drivers/STM32F1xx_HAL_Driver/Src/stm32f1xx_hal_i2c.o
 .text.I2C_WaitOnRXNEFlagUntilTimeout
                0x000000000800a550       0xac ./Drivers/STM32F1xx_HAL_Driver/Src/stm32f1xx_hal_i2c.o
 .text.I2C_IsAcknowledgeFailed
                0x000000000800a5fc       0x5c ./Drivers/STM32F1xx_HAL_Driver/Src/stm32f1xx_hal_i2c.o
 .text.HAL_IWDG_Init
                0x000000000800a658       0x84 ./Drivers/STM32F1xx_HAL_Driver/Src/stm32f1xx_hal_iwdg.o
                0x000000000800a658                HAL_IWDG_Init
 .text.HAL_IWDG_Refresh
                0x000000000800a6dc       0x1e ./Drivers/STM32F1xx_HAL_Driver/Src/stm32f1xx_hal_iwdg.o
                0x000000000800a6dc                HAL_IWDG_Refresh
 *fill*         0x000000000800a6fa        0x2 
 .text.HAL_RCC_OscConfig
                0x000000000800a6fc      0x500 ./Drivers/STM32F1xx_HAL_Driver/Src/stm32f1xx_hal_rcc.o
                0x000000000800a6fc                HAL_RCC_OscConfig
 .text.HAL_RCC_ClockConfig
                0x000000000800abfc      0x1d4 ./Drivers/STM32F1xx_HAL_Driver/Src/stm32f1xx_hal_rcc.o
                0x000000000800abfc                HAL_RCC_ClockConfig
 .text.HAL_RCC_GetSysClockFreq
                0x000000000800add0       0xc0 ./Drivers/STM32F1xx_HAL_Driver/Src/stm32f1xx_hal_rcc.o
                0x000000000800add0                HAL_RCC_GetSysClockFreq
 .text.HAL_RCC_GetHCLKFreq
                0x000000000800ae90       0x14 ./Drivers/STM32F1xx_HAL_Driver/Src/stm32f1xx_hal_rcc.o
                0x000000000800ae90                HAL_RCC_GetHCLKFreq
 .text.HAL_RCC_GetPCLK1Freq
                0x000000000800aea4       0x28 ./Drivers/STM32F1xx_HAL_Driver/Src/stm32f1xx_hal_rcc.o
                0x000000000800aea4                HAL_RCC_GetPCLK1Freq
 .text.RCC_Delay
                0x000000000800aecc       0x3c ./Drivers/STM32F1xx_HAL_Driver/Src/stm32f1xx_hal_rcc.o
 .text.HAL_RCCEx_PeriphCLKConfig
                0x000000000800af08      0x16c ./Drivers/STM32F1xx_HAL_Driver/Src/stm32f1xx_hal_rcc_ex.o
                0x000000000800af08                HAL_RCCEx_PeriphCLKConfig
 .text.HAL_SPI_Init
                0x000000000800b074      0x108 ./Drivers/STM32F1xx_HAL_Driver/Src/stm32f1xx_hal_spi.o
                0x000000000800b074                HAL_SPI_Init
 .text.HAL_SPI_TransmitReceive
                0x000000000800b17c      0x344 ./Drivers/STM32F1xx_HAL_Driver/Src/stm32f1xx_hal_spi.o
                0x000000000800b17c                HAL_SPI_TransmitReceive
 .text.HAL_SPI_IRQHandler
                0x000000000800b4c0      0x1cc ./Drivers/STM32F1xx_HAL_Driver/Src/stm32f1xx_hal_spi.o
                0x000000000800b4c0                HAL_SPI_IRQHandler
 .text.HAL_SPI_ErrorCallback
                0x000000000800b68c       0x12 ./Drivers/STM32F1xx_HAL_Driver/Src/stm32f1xx_hal_spi.o
                0x000000000800b68c                HAL_SPI_ErrorCallback
 .text.SPI_DMAAbortOnError
                0x000000000800b69e       0x28 ./Drivers/STM32F1xx_HAL_Driver/Src/stm32f1xx_hal_spi.o
 *fill*         0x000000000800b6c6        0x2 
 .text.SPI_WaitFlagStateUntilTimeout
                0x000000000800b6c8      0x110 ./Drivers/STM32F1xx_HAL_Driver/Src/stm32f1xx_hal_spi.o
 .text.SPI_EndRxTxTransaction
                0x000000000800b7d8       0x3c ./Drivers/STM32F1xx_HAL_Driver/Src/stm32f1xx_hal_spi.o
 .text.HAL_TIM_Base_Init
                0x000000000800b814       0x9e ./Drivers/STM32F1xx_HAL_Driver/Src/stm32f1xx_hal_tim.o
                0x000000000800b814                HAL_TIM_Base_Init
 *fill*         0x000000000800b8b2        0x2 
 .text.HAL_TIM_Base_Start_IT
                0x000000000800b8b4       0xdc ./Drivers/STM32F1xx_HAL_Driver/Src/stm32f1xx_hal_tim.o
                0x000000000800b8b4                HAL_TIM_Base_Start_IT
 .text.HAL_TIM_IRQHandler
                0x000000000800b990      0x210 ./Drivers/STM32F1xx_HAL_Driver/Src/stm32f1xx_hal_tim.o
                0x000000000800b990                HAL_TIM_IRQHandler
 .text.HAL_TIM_ConfigClockSource
                0x000000000800bba0      0x188 ./Drivers/STM32F1xx_HAL_Driver/Src/stm32f1xx_hal_tim.o
                0x000000000800bba0                HAL_TIM_ConfigClockSource
 .text.HAL_TIM_PeriodElapsedCallback
                0x000000000800bd28       0x12 ./Drivers/STM32F1xx_HAL_Driver/Src/stm32f1xx_hal_tim.o
                0x000000000800bd28                HAL_TIM_PeriodElapsedCallback
 .text.HAL_TIM_OC_DelayElapsedCallback
                0x000000000800bd3a       0x12 ./Drivers/STM32F1xx_HAL_Driver/Src/stm32f1xx_hal_tim.o
                0x000000000800bd3a                HAL_TIM_OC_DelayElapsedCallback
 .text.HAL_TIM_IC_CaptureCallback
                0x000000000800bd4c       0x12 ./Drivers/STM32F1xx_HAL_Driver/Src/stm32f1xx_hal_tim.o
                0x000000000800bd4c                HAL_TIM_IC_CaptureCallback
 .text.HAL_TIM_PWM_PulseFinishedCallback
                0x000000000800bd5e       0x12 ./Drivers/STM32F1xx_HAL_Driver/Src/stm32f1xx_hal_tim.o
                0x000000000800bd5e                HAL_TIM_PWM_PulseFinishedCallback
 .text.HAL_TIM_TriggerCallback
                0x000000000800bd70       0x12 ./Drivers/STM32F1xx_HAL_Driver/Src/stm32f1xx_hal_tim.o
                0x000000000800bd70                HAL_TIM_TriggerCallback
 *fill*         0x000000000800bd82        0x2 
 .text.TIM_Base_SetConfig
                0x000000000800bd84      0x13c ./Drivers/STM32F1xx_HAL_Driver/Src/stm32f1xx_hal_tim.o
                0x000000000800bd84                TIM_Base_SetConfig
 .text.TIM_TI1_ConfigInputStage
                0x000000000800bec0       0x5c ./Drivers/STM32F1xx_HAL_Driver/Src/stm32f1xx_hal_tim.o
 .text.TIM_TI2_ConfigInputStage
                0x000000000800bf1c       0x5e ./Drivers/STM32F1xx_HAL_Driver/Src/stm32f1xx_hal_tim.o
 .text.TIM_ITRx_SetConfig
                0x000000000800bf7a       0x34 ./Drivers/STM32F1xx_HAL_Driver/Src/stm32f1xx_hal_tim.o
 .text.TIM_ETR_SetConfig
                0x000000000800bfae       0x3e ./Drivers/STM32F1xx_HAL_Driver/Src/stm32f1xx_hal_tim.o
                0x000000000800bfae                TIM_ETR_SetConfig
 .text.HAL_TIMEx_MasterConfigSynchronization
                0x000000000800bfec       0xf4 ./Drivers/STM32F1xx_HAL_Driver/Src/stm32f1xx_hal_tim_ex.o
                0x000000000800bfec                HAL_TIMEx_MasterConfigSynchronization
 .text.HAL_TIMEx_CommutCallback
                0x000000000800c0e0       0x12 ./Drivers/STM32F1xx_HAL_Driver/Src/stm32f1xx_hal_tim_ex.o
                0x000000000800c0e0                HAL_TIMEx_CommutCallback
 .text.HAL_TIMEx_BreakCallback
                0x000000000800c0f2       0x12 ./Drivers/STM32F1xx_HAL_Driver/Src/stm32f1xx_hal_tim_ex.o
                0x000000000800c0f2                HAL_TIMEx_BreakCallback
 .text._Z14Adbms6948_InitPK17Adbms6948_CfgType
                0x000000000800c104       0x18 ./Lib/Adbms6948/Adbms6948.o
                0x000000000800c104                Adbms6948_Init(Adbms6948_CfgType const*)
 .text._Z18Adbms6948_TrigCADCP24Adbms6948_TrigCADCInputsh
                0x000000000800c11c       0x20 ./Lib/Adbms6948/Adbms6948.o
                0x000000000800c11c                Adbms6948_TrigCADC(Adbms6948_TrigCADCInputs*, unsigned char)
 .text._Z19Adbms6948_TrigI1ADCP25Adbms6948_TrigI1ADCInputsh
                0x000000000800c13c       0x20 ./Lib/Adbms6948/Adbms6948.o
                0x000000000800c13c                Adbms6948_TrigI1ADC(Adbms6948_TrigI1ADCInputs*, unsigned char)
 .text._Z22Adbms6948_ReadCellVolt26Adbms6948_CellMeasDataType24Adbms6948_CellGrpSelTypePs21Adbms6948_SnapSelTypeh
                0x000000000800c15c       0x2c ./Lib/Adbms6948/Adbms6948.o
                0x000000000800c15c                Adbms6948_ReadCellVolt(Adbms6948_CellMeasDataType, Adbms6948_CellGrpSelType, short*, Adbms6948_SnapSelType, unsigned char)
 .text._Z21Adbms6948_ReadCurrent29Adbms6948_CurrentMeasDataType24Adbms6948_CurrentSelTypePl21Adbms6948_SnapSelTypeh
                0x000000000800c188       0x32 ./Lib/Adbms6948/Adbms6948.o
                0x000000000800c188                Adbms6948_ReadCurrent(Adbms6948_CurrentMeasDataType, Adbms6948_CurrentSelType, long*, Adbms6948_SnapSelType, unsigned char)
 .text._Z26adi_pal_ReportRuntimeErrorth
                0x000000000800c1ba       0x1a ./Lib/Adbms6948/adi_bms_platform.o
                0x000000000800c1ba                adi_pal_ReportRuntimeError(unsigned short, unsigned char)
 .text._Z14adi_pal_MemsetPhhm
                0x000000000800c1d4       0x22 ./Lib/Adbms6948/adi_bms_platform.o
                0x000000000800c1d4                adi_pal_Memset(unsigned char*, unsigned char, unsigned long)
 .text._Z14adi_pal_MemcpyPhS_m
                0x000000000800c1f6       0x1e ./Lib/Adbms6948/adi_bms_platform.o
                0x000000000800c1f6                adi_pal_Memcpy(unsigned char*, unsigned char*, unsigned long)
 .text._Z16adi_pal_SpiWritePhth
                0x000000000800c214       0x80 ./Lib/Adbms6948/adi_bms_platform.o
                0x000000000800c214                adi_pal_SpiWrite(unsigned char*, unsigned short, unsigned char)
 .text._Z21adi_pal_SpiWriteReadsPA12_hS0_mh
                0x000000000800c294      0x138 ./Lib/Adbms6948/adi_bms_platform.o
                0x000000000800c294                adi_pal_SpiWriteReads(unsigned char (*) [12], unsigned char (*) [12], unsigned long, unsigned char)
 .text._Z23adi_pal_SpiWriteReadAllPhS_mh
                0x000000000800c3cc       0x9c ./Lib/Adbms6948/adi_bms_platform.o
                0x000000000800c3cc                adi_pal_SpiWriteReadAll(unsigned char*, unsigned char*, unsigned long, unsigned char)
 .text._Z15adi_pal_IsErrorh
                0x000000000800c468       0x1a ./Lib/Adbms6948/adi_bms_platform.o
                0x000000000800c468                adi_pal_IsError(unsigned char)
 .text._Z18adi_pal_TimerDelaymh
                0x000000000800c482       0x1a ./Lib/Adbms6948/adi_bms_platform.o
                0x000000000800c482                adi_pal_TimerDelay(unsigned long, unsigned char)
 .text._Z25Adbms6948_Cmn_WakeUpBmsICh
                0x000000000800c49c       0x58 ./Lib/Adbms6948/lib/Adbms6948_Common.o
                0x000000000800c49c                Adbms6948_Cmn_WakeUpBmsIC(unsigned char)
 .text._Z30Adbms6948_Cmn_ReportRuntimeErrth
                0x000000000800c4f4       0x24 ./Lib/Adbms6948/lib/Adbms6948_Common.o
                0x000000000800c4f4                Adbms6948_Cmn_ReportRuntimeErr(unsigned short, unsigned char)
 .text._Z21Adbms6948_Cmn_IsErrorh
                0x000000000800c518       0x20 ./Lib/Adbms6948/lib/Adbms6948_Common.o
                0x000000000800c518                Adbms6948_Cmn_IsError(unsigned char)
 .text._Z25Adbms6948_Cmn_ValidatePECPhhhh
                0x000000000800c538      0x1c0 ./Lib/Adbms6948/lib/Adbms6948_Common.o
                0x000000000800c538                Adbms6948_Cmn_ValidatePEC(unsigned char*, unsigned char, unsigned char, unsigned char)
 .text._Z26Adbms6948_Cmn_VerifyCmdCnthh
                0x000000000800c6f8       0x3c ./Lib/Adbms6948/lib/Adbms6948_Common.o
                0x000000000800c6f8                Adbms6948_Cmn_VerifyCmdCnt(unsigned char, unsigned char)
 .text._Z23Adbms6948_Cmn_InitChainh
                0x000000000800c734      0x400 ./Lib/Adbms6948/lib/Adbms6948_Common.o
                0x000000000800c734                Adbms6948_Cmn_InitChain(unsigned char)
 .text._Z24Adbms6948_discharge_cellt
                0x000000000800cb34      0x15c ./Lib/Adbms6948/lib/Adbms6948_Common.o
                0x000000000800cb34                Adbms6948_discharge_cell(unsigned short)
 .text._Z26Adbms6948_Cmn_ReadRegGroupPtPA12_hhh
                0x000000000800cc90      0x180 ./Lib/Adbms6948/lib/Adbms6948_Common.o
                0x000000000800cc90                Adbms6948_Cmn_ReadRegGroup(unsigned short*, unsigned char (*) [12], unsigned char, unsigned char)
 .text._Z30Adbms6948_Cmn_ReadAllRegGroupstPhhh
                0x000000000800ce10       0x5a ./Lib/Adbms6948/lib/Adbms6948_Common.o
                0x000000000800ce10                Adbms6948_Cmn_ReadAllRegGroups(unsigned short, unsigned char*, unsigned char, unsigned char)
 .text._Z29Adbms6948_Cmn_SendCommandOnlythh
                0x000000000800ce6a       0x26 ./Lib/Adbms6948/lib/Adbms6948_Common.o
                0x000000000800ce6a                Adbms6948_Cmn_SendCommandOnly(unsigned short, unsigned char, unsigned char)
 .text._Z34Adbms6948_Cmn_IsInvalidSnapSelType21Adbms6948_SnapSelType
                0x000000000800ce90       0x28 ./Lib/Adbms6948/lib/Adbms6948_Common.o
                0x000000000800ce90                Adbms6948_Cmn_IsInvalidSnapSelType(Adbms6948_SnapSelType)
 .text._Z31Adbms6948_Cmn_UpdateChainStatus24Adbms6948_ChainStateTypeh
                0x000000000800ceb8       0x68 ./Lib/Adbms6948/lib/Adbms6948_Common.o
                0x000000000800ceb8                Adbms6948_Cmn_UpdateChainStatus(Adbms6948_ChainStateType, unsigned char)
 .text._Z34Adbms6948_Cmn_EnterCriticalSectionv
                0x000000000800cf20        0xc ./Lib/Adbms6948/lib/Adbms6948_Common.o
                0x000000000800cf20                Adbms6948_Cmn_EnterCriticalSection()
 .text._Z33Adbms6948_Cmn_ExitCriticalSectionv
                0x000000000800cf2c        0xc ./Lib/Adbms6948/lib/Adbms6948_Common.o
                0x000000000800cf2c                Adbms6948_Cmn_ExitCriticalSection()
 .text._Z20Adbms6948_Cmn_MemsetPhhm
                0x000000000800cf38       0x22 ./Lib/Adbms6948/lib/Adbms6948_Common.o
                0x000000000800cf38                Adbms6948_Cmn_Memset(unsigned char*, unsigned char, unsigned long)
 .text._Z20Adbms6948_Cmn_MemcpyPhS_m
                0x000000000800cf5a       0x1e ./Lib/Adbms6948/lib/Adbms6948_Common.o
                0x000000000800cf5a                Adbms6948_Cmn_Memcpy(unsigned char*, unsigned char*, unsigned long)
 .text._ZL26Adbms6948_lInitMaxCellGrpsh
                0x000000000800cf78       0xd8 ./Lib/Adbms6948/lib/Adbms6948_Common.o
 .text._ZL25Adbms6948_lPrepConfigBufftPA12_hPhS1_h
                0x000000000800d050       0x6c ./Lib/Adbms6948/lib/Adbms6948_Common.o
 .text._Z18Adbms6948_Int_InitPK17Adbms6948_CfgType
                0x000000000800d0bc       0xc4 ./Lib/Adbms6948/lib/Adbms6948_Config.o
                0x000000000800d0bc                Adbms6948_Int_Init(Adbms6948_CfgType const*)
 .text._ZL26Adbms6948_lIsInvalidConfigPK17Adbms6948_CfgType
                0x000000000800d180       0x88 ./Lib/Adbms6948/lib/Adbms6948_Config.o
 .text._ZL23Adbms6948_lPrepareChainh
                0x000000000800d208       0x5c ./Lib/Adbms6948/lib/Adbms6948_Config.o
 .text._Z21Adbms6948_Cmd_ExecCmdthh
                0x000000000800d264       0xfc ./Lib/Adbms6948/lib/Adbms6948_ExecCmd.o
                0x000000000800d264                Adbms6948_Cmd_ExecCmd(unsigned short, unsigned char, unsigned char)
 .text._Z26Adbms6948_Cmd_ExecuteCmdWRtPhh
                0x000000000800d360      0x178 ./Lib/Adbms6948/lib/Adbms6948_ExecCmd.o
                0x000000000800d360                Adbms6948_Cmd_ExecuteCmdWR(unsigned short, unsigned char*, unsigned char)
 .text._Z26Adbms6948_Cmd_ExecuteCmdRDPtPA12_hmhh
                0x000000000800d4d8      0x19a ./Lib/Adbms6948/lib/Adbms6948_ExecCmd.o
                0x000000000800d4d8                Adbms6948_Cmd_ExecuteCmdRD(unsigned short*, unsigned char (*) [12], unsigned long, unsigned char, unsigned char)
 .text._Z28Adbms6948_Cmd_SendDummyBytesPhhh
                0x000000000800d672       0x26 ./Lib/Adbms6948/lib/Adbms6948_ExecCmd.o
                0x000000000800d672                Adbms6948_Cmd_SendDummyBytes(unsigned char*, unsigned char, unsigned char)
 .text._ZL26Adbms6948_lIncCmdCntAllDevh
                0x000000000800d698       0xbc ./Lib/Adbms6948/lib/Adbms6948_ExecCmd.o
 .text._Z29Adbms6948_Cmd_ExecuteCmdRDAllPhthhh
                0x000000000800d754       0xaa ./Lib/Adbms6948/lib/Adbms6948_ExecCmd.o
                0x000000000800d754                Adbms6948_Cmd_ExecuteCmdRDAll(unsigned char*, unsigned short, unsigned char, unsigned char, unsigned char)
 *fill*         0x000000000800d7fe        0x2 
 .text._Z22Adbms6948_Int_TrigCADCP24Adbms6948_TrigCADCInputsh
                0x000000000800d800      0x10c ./Lib/Adbms6948/lib/Adbms6948_Measure.o
                0x000000000800d800                Adbms6948_Int_TrigCADC(Adbms6948_TrigCADCInputs*, unsigned char)
 .text._Z23Adbms6948_Int_TrigI1ADCP25Adbms6948_TrigI1ADCInputsh
                0x000000000800d90c       0xe8 ./Lib/Adbms6948/lib/Adbms6948_Measure.o
                0x000000000800d90c                Adbms6948_Int_TrigI1ADC(Adbms6948_TrigI1ADCInputs*, unsigned char)
 .text._Z29Adbms6948_Int_ReadAllCellVolt26Adbms6948_CellMeasDataTypePs21Adbms6948_SnapSelTypeh
                0x000000000800d9f4       0xd8 ./Lib/Adbms6948/lib/Adbms6948_Measure.o
                0x000000000800d9f4                Adbms6948_Int_ReadAllCellVolt(Adbms6948_CellMeasDataType, short*, Adbms6948_SnapSelType, unsigned char)
 .text._Z25Adbms6948_Int_ReadCurrent29Adbms6948_CurrentMeasDataType24Adbms6948_CurrentSelTypePl21Adbms6948_SnapSelTypeh
                0x000000000800dacc       0xec ./Lib/Adbms6948/lib/Adbms6948_Measure.o
                0x000000000800dacc                Adbms6948_Int_ReadCurrent(Adbms6948_CurrentMeasDataType, Adbms6948_CurrentSelType, long*, Adbms6948_SnapSelType, unsigned char)
 .text._ZL21Adbms6948_lGetCellCmd26Adbms6948_CellMeasDataType24Adbms6948_CellGrpSelTypePth
                0x000000000800dbb8       0x58 ./Lib/Adbms6948/lib/Adbms6948_Measure.o
 .text._ZL26Adbms6948_lReadAllCellVolt26Adbms6948_CellMeasDataTypePs21Adbms6948_SnapSelTypeh
                0x000000000800dc10      0x16c ./Lib/Adbms6948/lib/Adbms6948_Measure.o
 .text._ZL22Adbms6948_lReadCurrent29Adbms6948_CurrentMeasDataType24Adbms6948_CurrentSelTypePl21Adbms6948_SnapSelTypeh
                0x000000000800dd7c      0x2f8 ./Lib/Adbms6948/lib/Adbms6948_Measure.o
 .text._ZL36Adbms6948_lIsInvalidCellMeasDataType26Adbms6948_CellMeasDataType
                0x000000000800e074       0x28 ./Lib/Adbms6948/lib/Adbms6948_Measure.o
 .text._ZL39Adbms6948_lIsInvalidCurrentMeasDataType29Adbms6948_CurrentMeasDataType
                0x000000000800e09c       0x28 ./Lib/Adbms6948/lib/Adbms6948_Measure.o
 .text._ZL34Adbms6948_lIsInvalidCurrentSelType24Adbms6948_CurrentSelType
                0x000000000800e0c4       0x28 ./Lib/Adbms6948/lib/Adbms6948_Measure.o
 .text._Z24Adbms6948_Pec15CalculatePhh
                0x000000000800e0ec       0x68 ./Lib/Adbms6948/lib/Adbms6948_Pec.o
                0x000000000800e0ec                Adbms6948_Pec15Calculate(unsigned char*, unsigned char)
 .text._Z24Adbms6948_Pec10CalculatePhhh
                0x000000000800e154       0xbc ./Lib/Adbms6948/lib/Adbms6948_Pec.o
                0x000000000800e154                Adbms6948_Pec10Calculate(unsigned char*, unsigned char, unsigned char)
 .text._Z14Adbms_Delay_usm
                0x000000000800e210       0x38 ./Lib/Adbms6948/utils/timer.o
                0x000000000800e210                Adbms_Delay_us(unsigned long)
 .text.log      0x000000000800e248       0x74 c:/st/stm32cubeide_1.7.0/stm32cubeide/plugins/com.st.stm32cube.ide.mcu.externaltools.gnu-tools-for-stm32.9-2020-q2-update.win32_2.0.0.202105311346/tools/bin/../lib/gcc/arm-none-eabi/9.3.1/../../../../arm-none-eabi/lib/thumb/v7-m/nofp\libm.a(lib_a-w_log.o)
                0x000000000800e248                log
 *fill*         0x000000000800e2bc        0x4 
 .text.__ieee754_log
                0x000000000800e2c0      0x364 c:/st/stm32cubeide_1.7.0/stm32cubeide/plugins/com.st.stm32cube.ide.mcu.externaltools.gnu-tools-for-stm32.9-2020-q2-update.win32_2.0.0.202105311346/tools/bin/../lib/gcc/arm-none-eabi/9.3.1/../../../../arm-none-eabi/lib/thumb/v7-m/nofp\libm.a(lib_a-e_log.o)
                0x000000000800e2c0                __ieee754_log
 .text.nan      0x000000000800e624        0xc c:/st/stm32cubeide_1.7.0/stm32cubeide/plugins/com.st.stm32cube.ide.mcu.externaltools.gnu-tools-for-stm32.9-2020-q2-update.win32_2.0.0.202105311346/tools/bin/../lib/gcc/arm-none-eabi/9.3.1/../../../../arm-none-eabi/lib/thumb/v7-m/nofp\libm.a(lib_a-s_nan.o)
                0x000000000800e624                nan
 .text.__errno  0x000000000800e630        0xc c:/st/stm32cubeide_1.7.0/stm32cubeide/plugins/com.st.stm32cube.ide.mcu.externaltools.gnu-tools-for-stm32.9-2020-q2-update.win32_2.0.0.202105311346/tools/bin/../lib/gcc/arm-none-eabi/9.3.1/../../../../arm-none-eabi/lib/thumb/v7-m/nofp\libc_nano.a(lib_a-errno.o)
                0x000000000800e630                __errno
 .text.__libc_init_array
                0x000000000800e63c       0x48 c:/st/stm32cubeide_1.7.0/stm32cubeide/plugins/com.st.stm32cube.ide.mcu.externaltools.gnu-tools-for-stm32.9-2020-q2-update.win32_2.0.0.202105311346/tools/bin/../lib/gcc/arm-none-eabi/9.3.1/../../../../arm-none-eabi/lib/thumb/v7-m/nofp\libc_nano.a(lib_a-init.o)
                0x000000000800e63c                __libc_init_array
 .text.__itoa   0x000000000800e684       0x30 c:/st/stm32cubeide_1.7.0/stm32cubeide/plugins/com.st.stm32cube.ide.mcu.externaltools.gnu-tools-for-stm32.9-2020-q2-update.win32_2.0.0.202105311346/tools/bin/../lib/gcc/arm-none-eabi/9.3.1/../../../../arm-none-eabi/lib/thumb/v7-m/nofp\libc_nano.a(lib_a-itoa.o)
                0x000000000800e684                __itoa
 .text.itoa     0x000000000800e6b4        0x4 c:/st/stm32cubeide_1.7.0/stm32cubeide/plugins/com.st.stm32cube.ide.mcu.externaltools.gnu-tools-for-stm32.9-2020-q2-update.win32_2.0.0.202105311346/tools/bin/../lib/gcc/arm-none-eabi/9.3.1/../../../../arm-none-eabi/lib/thumb/v7-m/nofp\libc_nano.a(lib_a-itoa.o)
                0x000000000800e6b4                itoa
 .text.memcpy   0x000000000800e6b8       0x1c c:/st/stm32cubeide_1.7.0/stm32cubeide/plugins/com.st.stm32cube.ide.mcu.externaltools.gnu-tools-for-stm32.9-2020-q2-update.win32_2.0.0.202105311346/tools/bin/../lib/gcc/arm-none-eabi/9.3.1/../../../../arm-none-eabi/lib/thumb/v7-m/nofp\libc_nano.a(lib_a-memcpy-stub.o)
                0x000000000800e6b8                memcpy
 .text.memset   0x000000000800e6d4       0x10 c:/st/stm32cubeide_1.7.0/stm32cubeide/plugins/com.st.stm32cube.ide.mcu.externaltools.gnu-tools-for-stm32.9-2020-q2-update.win32_2.0.0.202105311346/tools/bin/../lib/gcc/arm-none-eabi/9.3.1/../../../../arm-none-eabi/lib/thumb/v7-m/nofp\libc_nano.a(lib_a-memset.o)
                0x000000000800e6d4                memset
 .text.__cvt    0x000000000800e6e4       0xbe c:/st/stm32cubeide_1.7.0/stm32cubeide/plugins/com.st.stm32cube.ide.mcu.externaltools.gnu-tools-for-stm32.9-2020-q2-update.win32_2.0.0.202105311346/tools/bin/../lib/gcc/arm-none-eabi/9.3.1/../../../../arm-none-eabi/lib/thumb/v7-m/nofp\libc_nano.a(lib_a-nano-vfprintf_float.o)
                0x000000000800e6e4                __cvt
 .text.__exponent
                0x000000000800e7a2       0x7c c:/st/stm32cubeide_1.7.0/stm32cubeide/plugins/com.st.stm32cube.ide.mcu.externaltools.gnu-tools-for-stm32.9-2020-q2-update.win32_2.0.0.202105311346/tools/bin/../lib/gcc/arm-none-eabi/9.3.1/../../../../arm-none-eabi/lib/thumb/v7-m/nofp\libc_nano.a(lib_a-nano-vfprintf_float.o)
                0x000000000800e7a2                __exponent
 *fill*         0x000000000800e81e        0x2 
 .text._printf_float
                0x000000000800e820      0x458 c:/st/stm32cubeide_1.7.0/stm32cubeide/plugins/com.st.stm32cube.ide.mcu.externaltools.gnu-tools-for-stm32.9-2020-q2-update.win32_2.0.0.202105311346/tools/bin/../lib/gcc/arm-none-eabi/9.3.1/../../../../arm-none-eabi/lib/thumb/v7-m/nofp\libc_nano.a(lib_a-nano-vfprintf_float.o)
                0x000000000800e820                _printf_float
 .text._printf_common
                0x000000000800ec78       0xde c:/st/stm32cubeide_1.7.0/stm32cubeide/plugins/com.st.stm32cube.ide.mcu.externaltools.gnu-tools-for-stm32.9-2020-q2-update.win32_2.0.0.202105311346/tools/bin/../lib/gcc/arm-none-eabi/9.3.1/../../../../arm-none-eabi/lib/thumb/v7-m/nofp\libc_nano.a(lib_a-nano-vfprintf_i.o)
                0x000000000800ec78                _printf_common
 *fill*         0x000000000800ed56        0x2 
 .text._printf_i
                0x000000000800ed58      0x24c c:/st/stm32cubeide_1.7.0/stm32cubeide/plugins/com.st.stm32cube.ide.mcu.externaltools.gnu-tools-for-stm32.9-2020-q2-update.win32_2.0.0.202105311346/tools/bin/../lib/gcc/arm-none-eabi/9.3.1/../../../../arm-none-eabi/lib/thumb/v7-m/nofp\libc_nano.a(lib_a-nano-vfprintf_i.o)
                0x000000000800ed58                _printf_i
 .text._scanf_float
                0x000000000800efa4      0x424 c:/st/stm32cubeide_1.7.0/stm32cubeide/plugins/com.st.stm32cube.ide.mcu.externaltools.gnu-tools-for-stm32.9-2020-q2-update.win32_2.0.0.202105311346/tools/bin/../lib/gcc/arm-none-eabi/9.3.1/../../../../arm-none-eabi/lib/thumb/v7-m/nofp\libc_nano.a(lib_a-nano-vfscanf_float.o)
                0x000000000800efa4                _scanf_float
 .text._puts_r  0x000000000800f3c8       0xdc c:/st/stm32cubeide_1.7.0/stm32cubeide/plugins/com.st.stm32cube.ide.mcu.externaltools.gnu-tools-for-stm32.9-2020-q2-update.win32_2.0.0.202105311346/tools/bin/../lib/gcc/arm-none-eabi/9.3.1/../../../../arm-none-eabi/lib/thumb/v7-m/nofp\libc_nano.a(lib_a-puts.o)
                0x000000000800f3c8                _puts_r
 .text.puts     0x000000000800f4a4       0x10 c:/st/stm32cubeide_1.7.0/stm32cubeide/plugins/com.st.stm32cube.ide.mcu.externaltools.gnu-tools-for-stm32.9-2020-q2-update.win32_2.0.0.202105311346/tools/bin/../lib/gcc/arm-none-eabi/9.3.1/../../../../arm-none-eabi/lib/thumb/v7-m/nofp\libc_nano.a(lib_a-puts.o)
                0x000000000800f4a4                puts
 .text.nanf     0x000000000800f4b4        0x8 c:/st/stm32cubeide_1.7.0/stm32cubeide/plugins/com.st.stm32cube.ide.mcu.externaltools.gnu-tools-for-stm32.9-2020-q2-update.win32_2.0.0.202105311346/tools/bin/../lib/gcc/arm-none-eabi/9.3.1/../../../../arm-none-eabi/lib/thumb/v7-m/nofp\libc_nano.a(lib_a-sf_nan.o)
                0x000000000800f4b4                nanf
 .text.sprintf  0x000000000800f4bc       0x40 c:/st/stm32cubeide_1.7.0/stm32cubeide/plugins/com.st.stm32cube.ide.mcu.externaltools.gnu-tools-for-stm32.9-2020-q2-update.win32_2.0.0.202105311346/tools/bin/../lib/gcc/arm-none-eabi/9.3.1/../../../../arm-none-eabi/lib/thumb/v7-m/nofp\libc_nano.a(lib_a-sprintf.o)
                0x000000000800f4bc                siprintf
                0x000000000800f4bc                sprintf
 .text.sulp     0x000000000800f4fc       0x42 c:/st/stm32cubeide_1.7.0/stm32cubeide/plugins/com.st.stm32cube.ide.mcu.externaltools.gnu-tools-for-stm32.9-2020-q2-update.win32_2.0.0.202105311346/tools/bin/../lib/gcc/arm-none-eabi/9.3.1/../../../../arm-none-eabi/lib/thumb/v7-m/nofp\libc_nano.a(lib_a-strtod.o)
 *fill*         0x000000000800f53e        0x2 
 .text._strtod_l
                0x000000000800f540      0xbe8 c:/st/stm32cubeide_1.7.0/stm32cubeide/plugins/com.st.stm32cube.ide.mcu.externaltools.gnu-tools-for-stm32.9-2020-q2-update.win32_2.0.0.202105311346/tools/bin/../lib/gcc/arm-none-eabi/9.3.1/../../../../arm-none-eabi/lib/thumb/v7-m/nofp\libc_nano.a(lib_a-strtod.o)
                0x000000000800f540                _strtod_l
 .text._strtod_r
                0x0000000008010128        0xc c:/st/stm32cubeide_1.7.0/stm32cubeide/plugins/com.st.stm32cube.ide.mcu.externaltools.gnu-tools-for-stm32.9-2020-q2-update.win32_2.0.0.202105311346/tools/bin/../lib/gcc/arm-none-eabi/9.3.1/../../../../arm-none-eabi/lib/thumb/v7-m/nofp\libc_nano.a(lib_a-strtod.o)
                0x0000000008010128                _strtod_r
 .text._strtol_l.isra.0
                0x0000000008010134      0x10c c:/st/stm32cubeide_1.7.0/stm32cubeide/plugins/com.st.stm32cube.ide.mcu.externaltools.gnu-tools-for-stm32.9-2020-q2-update.win32_2.0.0.202105311346/tools/bin/../lib/gcc/arm-none-eabi/9.3.1/../../../../arm-none-eabi/lib/thumb/v7-m/nofp\libc_nano.a(lib_a-strtol.o)
 .text._strtol_r
                0x0000000008010240        0x4 c:/st/stm32cubeide_1.7.0/stm32cubeide/plugins/com.st.stm32cube.ide.mcu.externaltools.gnu-tools-for-stm32.9-2020-q2-update.win32_2.0.0.202105311346/tools/bin/../lib/gcc/arm-none-eabi/9.3.1/../../../../arm-none-eabi/lib/thumb/v7-m/nofp\libc_nano.a(lib_a-strtol.o)
                0x0000000008010240                _strtol_r
 .text.__utoa   0x0000000008010244       0x84 c:/st/stm32cubeide_1.7.0/stm32cubeide/plugins/com.st.stm32cube.ide.mcu.externaltools.gnu-tools-for-stm32.9-2020-q2-update.win32_2.0.0.202105311346/tools/bin/../lib/gcc/arm-none-eabi/9.3.1/../../../../arm-none-eabi/lib/thumb/v7-m/nofp\libc_nano.a(lib_a-utoa.o)
                0x0000000008010244                __utoa
 .text.__swbuf_r
                0x00000000080102c8       0xa4 c:/st/stm32cubeide_1.7.0/stm32cubeide/plugins/com.st.stm32cube.ide.mcu.externaltools.gnu-tools-for-stm32.9-2020-q2-update.win32_2.0.0.202105311346/tools/bin/../lib/gcc/arm-none-eabi/9.3.1/../../../../arm-none-eabi/lib/thumb/v7-m/nofp\libc_nano.a(lib_a-wbuf.o)
                0x00000000080102c8                __swbuf_r
 .text.__swsetup_r
                0x000000000801036c       0xdc c:/st/stm32cubeide_1.7.0/stm32cubeide/plugins/com.st.stm32cube.ide.mcu.externaltools.gnu-tools-for-stm32.9-2020-q2-update.win32_2.0.0.202105311346/tools/bin/../lib/gcc/arm-none-eabi/9.3.1/../../../../arm-none-eabi/lib/thumb/v7-m/nofp\libc_nano.a(lib_a-wsetup.o)
                0x000000000801036c                __swsetup_r
 .text.quorem   0x0000000008010448      0x11a c:/st/stm32cubeide_1.7.0/stm32cubeide/plugins/com.st.stm32cube.ide.mcu.externaltools.gnu-tools-for-stm32.9-2020-q2-update.win32_2.0.0.202105311346/tools/bin/../lib/gcc/arm-none-eabi/9.3.1/../../../../arm-none-eabi/lib/thumb/v7-m/nofp\libc_nano.a(lib_a-dtoa.o)
 *fill*         0x0000000008010562        0x6 
 .text._dtoa_r  0x0000000008010568      0xbdc c:/st/stm32cubeide_1.7.0/stm32cubeide/plugins/com.st.stm32cube.ide.mcu.externaltools.gnu-tools-for-stm32.9-2020-q2-update.win32_2.0.0.202105311346/tools/bin/../lib/gcc/arm-none-eabi/9.3.1/../../../../arm-none-eabi/lib/thumb/v7-m/nofp\libc_nano.a(lib_a-dtoa.o)
                0x0000000008010568                _dtoa_r
 .text.__sflush_r
                0x0000000008011144      0x10c c:/st/stm32cubeide_1.7.0/stm32cubeide/plugins/com.st.stm32cube.ide.mcu.externaltools.gnu-tools-for-stm32.9-2020-q2-update.win32_2.0.0.202105311346/tools/bin/../lib/gcc/arm-none-eabi/9.3.1/../../../../arm-none-eabi/lib/thumb/v7-m/nofp\libc_nano.a(lib_a-fflush.o)
                0x0000000008011144                __sflush_r
 .text._fflush_r
                0x0000000008011250       0x78 c:/st/stm32cubeide_1.7.0/stm32cubeide/plugins/com.st.stm32cube.ide.mcu.externaltools.gnu-tools-for-stm32.9-2020-q2-update.win32_2.0.0.202105311346/tools/bin/../lib/gcc/arm-none-eabi/9.3.1/../../../../arm-none-eabi/lib/thumb/v7-m/nofp\libc_nano.a(lib_a-fflush.o)
                0x0000000008011250                _fflush_r
 .text.std      0x00000000080112c8       0x48 c:/st/stm32cubeide_1.7.0/stm32cubeide/plugins/com.st.stm32cube.ide.mcu.externaltools.gnu-tools-for-stm32.9-2020-q2-update.win32_2.0.0.202105311346/tools/bin/../lib/gcc/arm-none-eabi/9.3.1/../../../../arm-none-eabi/lib/thumb/v7-m/nofp\libc_nano.a(lib_a-findfp.o)
 .text._cleanup_r
                0x0000000008011310        0xc c:/st/stm32cubeide_1.7.0/stm32cubeide/plugins/com.st.stm32cube.ide.mcu.externaltools.gnu-tools-for-stm32.9-2020-q2-update.win32_2.0.0.202105311346/tools/bin/../lib/gcc/arm-none-eabi/9.3.1/../../../../arm-none-eabi/lib/thumb/v7-m/nofp\libc_nano.a(lib_a-findfp.o)
                0x0000000008011310                _cleanup_r
 .text.__sfmoreglue
                0x000000000801131c       0x2c c:/st/stm32cubeide_1.7.0/stm32cubeide/plugins/com.st.stm32cube.ide.mcu.externaltools.gnu-tools-for-stm32.9-2020-q2-update.win32_2.0.0.202105311346/tools/bin/../lib/gcc/arm-none-eabi/9.3.1/../../../../arm-none-eabi/lib/thumb/v7-m/nofp\libc_nano.a(lib_a-findfp.o)
                0x000000000801131c                __sfmoreglue
 .text.__sfp_lock_acquire
                0x0000000008011348        0xc c:/st/stm32cubeide_1.7.0/stm32cubeide/plugins/com.st.stm32cube.ide.mcu.externaltools.gnu-tools-for-stm32.9-2020-q2-update.win32_2.0.0.202105311346/tools/bin/../lib/gcc/arm-none-eabi/9.3.1/../../../../arm-none-eabi/lib/thumb/v7-m/nofp\libc_nano.a(lib_a-findfp.o)
                0x0000000008011348                __sfp_lock_acquire
 .text.__sfp_lock_release
                0x0000000008011354        0xc c:/st/stm32cubeide_1.7.0/stm32cubeide/plugins/com.st.stm32cube.ide.mcu.externaltools.gnu-tools-for-stm32.9-2020-q2-update.win32_2.0.0.202105311346/tools/bin/../lib/gcc/arm-none-eabi/9.3.1/../../../../arm-none-eabi/lib/thumb/v7-m/nofp\libc_nano.a(lib_a-findfp.o)
                0x0000000008011354                __sfp_lock_release
 .text.__sinit_lock_acquire
                0x0000000008011360        0xc c:/st/stm32cubeide_1.7.0/stm32cubeide/plugins/com.st.stm32cube.ide.mcu.externaltools.gnu-tools-for-stm32.9-2020-q2-update.win32_2.0.0.202105311346/tools/bin/../lib/gcc/arm-none-eabi/9.3.1/../../../../arm-none-eabi/lib/thumb/v7-m/nofp\libc_nano.a(lib_a-findfp.o)
                0x0000000008011360                __sinit_lock_acquire
 .text.__sinit_lock_release
                0x000000000801136c        0xc c:/st/stm32cubeide_1.7.0/stm32cubeide/plugins/com.st.stm32cube.ide.mcu.externaltools.gnu-tools-for-stm32.9-2020-q2-update.win32_2.0.0.202105311346/tools/bin/../lib/gcc/arm-none-eabi/9.3.1/../../../../arm-none-eabi/lib/thumb/v7-m/nofp\libc_nano.a(lib_a-findfp.o)
                0x000000000801136c                __sinit_lock_release
 .text.__sinit  0x0000000008011378       0x70 c:/st/stm32cubeide_1.7.0/stm32cubeide/plugins/com.st.stm32cube.ide.mcu.externaltools.gnu-tools-for-stm32.9-2020-q2-update.win32_2.0.0.202105311346/tools/bin/../lib/gcc/arm-none-eabi/9.3.1/../../../../arm-none-eabi/lib/thumb/v7-m/nofp\libc_nano.a(lib_a-findfp.o)
                0x0000000008011378                __sinit
 .text.__sfp    0x00000000080113e8       0x8c c:/st/stm32cubeide_1.7.0/stm32cubeide/plugins/com.st.stm32cube.ide.mcu.externaltools.gnu-tools-for-stm32.9-2020-q2-update.win32_2.0.0.202105311346/tools/bin/../lib/gcc/arm-none-eabi/9.3.1/../../../../arm-none-eabi/lib/thumb/v7-m/nofp\libc_nano.a(lib_a-findfp.o)
                0x00000000080113e8                __sfp
 .text._fwalk_reent
                0x0000000008011474       0x3e c:/st/stm32cubeide_1.7.0/stm32cubeide/plugins/com.st.stm32cube.ide.mcu.externaltools.gnu-tools-for-stm32.9-2020-q2-update.win32_2.0.0.202105311346/tools/bin/../lib/gcc/arm-none-eabi/9.3.1/../../../../arm-none-eabi/lib/thumb/v7-m/nofp\libc_nano.a(lib_a-fwalk.o)
                0x0000000008011474                _fwalk_reent
 .text.rshift   0x00000000080114b2       0xa6 c:/st/stm32cubeide_1.7.0/stm32cubeide/plugins/com.st.stm32cube.ide.mcu.externaltools.gnu-tools-for-stm32.9-2020-q2-update.win32_2.0.0.202105311346/tools/bin/../lib/gcc/arm-none-eabi/9.3.1/../../../../arm-none-eabi/lib/thumb/v7-m/nofp\libc_nano.a(lib_a-gdtoa-gethex.o)
 .text.__hexdig_fun
                0x0000000008011558       0x2a c:/st/stm32cubeide_1.7.0/stm32cubeide/plugins/com.st.stm32cube.ide.mcu.externaltools.gnu-tools-for-stm32.9-2020-q2-update.win32_2.0.0.202105311346/tools/bin/../lib/gcc/arm-none-eabi/9.3.1/../../../../arm-none-eabi/lib/thumb/v7-m/nofp\libc_nano.a(lib_a-gdtoa-gethex.o)
                0x0000000008011558                __hexdig_fun
 *fill*         0x0000000008011582        0x2 
 .text.__gethex
                0x0000000008011584      0x478 c:/st/stm32cubeide_1.7.0/stm32cubeide/plugins/com.st.stm32cube.ide.mcu.externaltools.gnu-tools-for-stm32.9-2020-q2-update.win32_2.0.0.202105311346/tools/bin/../lib/gcc/arm-none-eabi/9.3.1/../../../../arm-none-eabi/lib/thumb/v7-m/nofp\libc_nano.a(lib_a-gdtoa-gethex.o)
                0x0000000008011584                __gethex
 .text.L_shift  0x00000000080119fc       0x24 c:/st/stm32cubeide_1.7.0/stm32cubeide/plugins/com.st.stm32cube.ide.mcu.externaltools.gnu-tools-for-stm32.9-2020-q2-update.win32_2.0.0.202105311346/tools/bin/../lib/gcc/arm-none-eabi/9.3.1/../../../../arm-none-eabi/lib/thumb/v7-m/nofp\libc_nano.a(lib_a-gdtoa-hexnan.o)
 .text.__match  0x0000000008011a20       0x28 c:/st/stm32cubeide_1.7.0/stm32cubeide/plugins/com.st.stm32cube.ide.mcu.externaltools.gnu-tools-for-stm32.9-2020-q2-update.win32_2.0.0.202105311346/tools/bin/../lib/gcc/arm-none-eabi/9.3.1/../../../../arm-none-eabi/lib/thumb/v7-m/nofp\libc_nano.a(lib_a-gdtoa-hexnan.o)
                0x0000000008011a20                __match
 .text.__hexnan
                0x0000000008011a48      0x138 c:/st/stm32cubeide_1.7.0/stm32cubeide/plugins/com.st.stm32cube.ide.mcu.externaltools.gnu-tools-for-stm32.9-2020-q2-update.win32_2.0.0.202105311346/tools/bin/../lib/gcc/arm-none-eabi/9.3.1/../../../../arm-none-eabi/lib/thumb/v7-m/nofp\libc_nano.a(lib_a-gdtoa-hexnan.o)
                0x0000000008011a48                __hexnan
 .text._localeconv_r
                0x0000000008011b80        0x8 c:/st/stm32cubeide_1.7.0/stm32cubeide/plugins/com.st.stm32cube.ide.mcu.externaltools.gnu-tools-for-stm32.9-2020-q2-update.win32_2.0.0.202105311346/tools/bin/../lib/gcc/arm-none-eabi/9.3.1/../../../../arm-none-eabi/lib/thumb/v7-m/nofp\libc_nano.a(lib_a-localeconv.o)
                0x0000000008011b80                _localeconv_r
 .text.__retarget_lock_init_recursive
                0x0000000008011b88        0x2 c:/st/stm32cubeide_1.7.0/stm32cubeide/plugins/com.st.stm32cube.ide.mcu.externaltools.gnu-tools-for-stm32.9-2020-q2-update.win32_2.0.0.202105311346/tools/bin/../lib/gcc/arm-none-eabi/9.3.1/../../../../arm-none-eabi/lib/thumb/v7-m/nofp\libc_nano.a(lib_a-lock.o)
                0x0000000008011b88                __retarget_lock_init_recursive
 .text.__retarget_lock_acquire_recursive
                0x0000000008011b8a        0x2 c:/st/stm32cubeide_1.7.0/stm32cubeide/plugins/com.st.stm32cube.ide.mcu.externaltools.gnu-tools-for-stm32.9-2020-q2-update.win32_2.0.0.202105311346/tools/bin/../lib/gcc/arm-none-eabi/9.3.1/../../../../arm-none-eabi/lib/thumb/v7-m/nofp\libc_nano.a(lib_a-lock.o)
                0x0000000008011b8a                __retarget_lock_acquire_recursive
 .text.__retarget_lock_release_recursive
                0x0000000008011b8c        0x2 c:/st/stm32cubeide_1.7.0/stm32cubeide/plugins/com.st.stm32cube.ide.mcu.externaltools.gnu-tools-for-stm32.9-2020-q2-update.win32_2.0.0.202105311346/tools/bin/../lib/gcc/arm-none-eabi/9.3.1/../../../../arm-none-eabi/lib/thumb/v7-m/nofp\libc_nano.a(lib_a-lock.o)
                0x0000000008011b8c                __retarget_lock_release_recursive
 .text.__swhatbuf_r
                0x0000000008011b8e       0x48 c:/st/stm32cubeide_1.7.0/stm32cubeide/plugins/com.st.stm32cube.ide.mcu.externaltools.gnu-tools-for-stm32.9-2020-q2-update.win32_2.0.0.202105311346/tools/bin/../lib/gcc/arm-none-eabi/9.3.1/../../../../arm-none-eabi/lib/thumb/v7-m/nofp\libc_nano.a(lib_a-makebuf.o)
                0x0000000008011b8e                __swhatbuf_r
 *fill*         0x0000000008011bd6        0x2 
 .text.__smakebuf_r
                0x0000000008011bd8       0x80 c:/st/stm32cubeide_1.7.0/stm32cubeide/plugins/com.st.stm32cube.ide.mcu.externaltools.gnu-tools-for-stm32.9-2020-q2-update.win32_2.0.0.202105311346/tools/bin/../lib/gcc/arm-none-eabi/9.3.1/../../../../arm-none-eabi/lib/thumb/v7-m/nofp\libc_nano.a(lib_a-makebuf.o)
                0x0000000008011bd8                __smakebuf_r
 .text.malloc   0x0000000008011c58       0x10 c:/st/stm32cubeide_1.7.0/stm32cubeide/plugins/com.st.stm32cube.ide.mcu.externaltools.gnu-tools-for-stm32.9-2020-q2-update.win32_2.0.0.202105311346/tools/bin/../lib/gcc/arm-none-eabi/9.3.1/../../../../arm-none-eabi/lib/thumb/v7-m/nofp\libc_nano.a(lib_a-malloc.o)
                0x0000000008011c58                malloc
 .text.__ascii_mbtowc
                0x0000000008011c68       0x24 c:/st/stm32cubeide_1.7.0/stm32cubeide/plugins/com.st.stm32cube.ide.mcu.externaltools.gnu-tools-for-stm32.9-2020-q2-update.win32_2.0.0.202105311346/tools/bin/../lib/gcc/arm-none-eabi/9.3.1/../../../../arm-none-eabi/lib/thumb/v7-m/nofp\libc_nano.a(lib_a-mbtowc_r.o)
                0x0000000008011c68                __ascii_mbtowc
 .text.memchr   0x0000000008011c8c       0x1c c:/st/stm32cubeide_1.7.0/stm32cubeide/plugins/com.st.stm32cube.ide.mcu.externaltools.gnu-tools-for-stm32.9-2020-q2-update.win32_2.0.0.202105311346/tools/bin/../lib/gcc/arm-none-eabi/9.3.1/../../../../arm-none-eabi/lib/thumb/v7-m/nofp\libc_nano.a(lib_a-memchr-stub.o)
                0x0000000008011c8c                memchr
 .text._Balloc  0x0000000008011ca8       0x80 c:/st/stm32cubeide_1.7.0/stm32cubeide/plugins/com.st.stm32cube.ide.mcu.externaltools.gnu-tools-for-stm32.9-2020-q2-update.win32_2.0.0.202105311346/tools/bin/../lib/gcc/arm-none-eabi/9.3.1/../../../../arm-none-eabi/lib/thumb/v7-m/nofp\libc_nano.a(lib_a-mprec.o)
                0x0000000008011ca8                _Balloc
 .text._Bfree   0x0000000008011d28       0x44 c:/st/stm32cubeide_1.7.0/stm32cubeide/plugins/com.st.stm32cube.ide.mcu.externaltools.gnu-tools-for-stm32.9-2020-q2-update.win32_2.0.0.202105311346/tools/bin/../lib/gcc/arm-none-eabi/9.3.1/../../../../arm-none-eabi/lib/thumb/v7-m/nofp\libc_nano.a(lib_a-mprec.o)
                0x0000000008011d28                _Bfree
 .text.__multadd
                0x0000000008011d6c       0x94 c:/st/stm32cubeide_1.7.0/stm32cubeide/plugins/com.st.stm32cube.ide.mcu.externaltools.gnu-tools-for-stm32.9-2020-q2-update.win32_2.0.0.202105311346/tools/bin/../lib/gcc/arm-none-eabi/9.3.1/../../../../arm-none-eabi/lib/thumb/v7-m/nofp\libc_nano.a(lib_a-mprec.o)
                0x0000000008011d6c                __multadd
 .text.__s2b    0x0000000008011e00       0x94 c:/st/stm32cubeide_1.7.0/stm32cubeide/plugins/com.st.stm32cube.ide.mcu.externaltools.gnu-tools-for-stm32.9-2020-q2-update.win32_2.0.0.202105311346/tools/bin/../lib/gcc/arm-none-eabi/9.3.1/../../../../arm-none-eabi/lib/thumb/v7-m/nofp\libc_nano.a(lib_a-mprec.o)
                0x0000000008011e00                __s2b
 .text.__hi0bits
                0x0000000008011e94       0x40 c:/st/stm32cubeide_1.7.0/stm32cubeide/plugins/com.st.stm32cube.ide.mcu.externaltools.gnu-tools-for-stm32.9-2020-q2-update.win32_2.0.0.202105311346/tools/bin/../lib/gcc/arm-none-eabi/9.3.1/../../../../arm-none-eabi/lib/thumb/v7-m/nofp\libc_nano.a(lib_a-mprec.o)
                0x0000000008011e94                __hi0bits
 .text.__lo0bits
                0x0000000008011ed4       0x5c c:/st/stm32cubeide_1.7.0/stm32cubeide/plugins/com.st.stm32cube.ide.mcu.externaltools.gnu-tools-for-stm32.9-2020-q2-update.win32_2.0.0.202105311346/tools/bin/../lib/gcc/arm-none-eabi/9.3.1/../../../../arm-none-eabi/lib/thumb/v7-m/nofp\libc_nano.a(lib_a-mprec.o)
                0x0000000008011ed4                __lo0bits
 .text.__i2b    0x0000000008011f30       0x2c c:/st/stm32cubeide_1.7.0/stm32cubeide/plugins/com.st.stm32cube.ide.mcu.externaltools.gnu-tools-for-stm32.9-2020-q2-update.win32_2.0.0.202105311346/tools/bin/../lib/gcc/arm-none-eabi/9.3.1/../../../../arm-none-eabi/lib/thumb/v7-m/nofp\libc_nano.a(lib_a-mprec.o)
                0x0000000008011f30                __i2b
 .text.__multiply
                0x0000000008011f5c      0x148 c:/st/stm32cubeide_1.7.0/stm32cubeide/plugins/com.st.stm32cube.ide.mcu.externaltools.gnu-tools-for-stm32.9-2020-q2-update.win32_2.0.0.202105311346/tools/bin/../lib/gcc/arm-none-eabi/9.3.1/../../../../arm-none-eabi/lib/thumb/v7-m/nofp\libc_nano.a(lib_a-mprec.o)
                0x0000000008011f5c                __multiply
 .text.__pow5mult
                0x00000000080120a4       0xb4 c:/st/stm32cubeide_1.7.0/stm32cubeide/plugins/com.st.stm32cube.ide.mcu.externaltools.gnu-tools-for-stm32.9-2020-q2-update.win32_2.0.0.202105311346/tools/bin/../lib/gcc/arm-none-eabi/9.3.1/../../../../arm-none-eabi/lib/thumb/v7-m/nofp\libc_nano.a(lib_a-mprec.o)
                0x00000000080120a4                __pow5mult
 .text.__lshift
                0x0000000008012158       0xd8 c:/st/stm32cubeide_1.7.0/stm32cubeide/plugins/com.st.stm32cube.ide.mcu.externaltools.gnu-tools-for-stm32.9-2020-q2-update.win32_2.0.0.202105311346/tools/bin/../lib/gcc/arm-none-eabi/9.3.1/../../../../arm-none-eabi/lib/thumb/v7-m/nofp\libc_nano.a(lib_a-mprec.o)
                0x0000000008012158                __lshift
 .text.__mcmp   0x0000000008012230       0x36 c:/st/stm32cubeide_1.7.0/stm32cubeide/plugins/com.st.stm32cube.ide.mcu.externaltools.gnu-tools-for-stm32.9-2020-q2-update.win32_2.0.0.202105311346/tools/bin/../lib/gcc/arm-none-eabi/9.3.1/../../../../arm-none-eabi/lib/thumb/v7-m/nofp\libc_nano.a(lib_a-mprec.o)
                0x0000000008012230                __mcmp
 *fill*         0x0000000008012266        0x2 
 .text.__mdiff  0x0000000008012268      0x120 c:/st/stm32cubeide_1.7.0/stm32cubeide/plugins/com.st.stm32cube.ide.mcu.externaltools.gnu-tools-for-stm32.9-2020-q2-update.win32_2.0.0.202105311346/tools/bin/../lib/gcc/arm-none-eabi/9.3.1/../../../../arm-none-eabi/lib/thumb/v7-m/nofp\libc_nano.a(lib_a-mprec.o)
                0x0000000008012268                __mdiff
 .text.__ulp    0x0000000008012388       0x4c c:/st/stm32cubeide_1.7.0/stm32cubeide/plugins/com.st.stm32cube.ide.mcu.externaltools.gnu-tools-for-stm32.9-2020-q2-update.win32_2.0.0.202105311346/tools/bin/../lib/gcc/arm-none-eabi/9.3.1/../../../../arm-none-eabi/lib/thumb/v7-m/nofp\libc_nano.a(lib_a-mprec.o)
                0x0000000008012388                __ulp
 .text.__b2d    0x00000000080123d4       0xa8 c:/st/stm32cubeide_1.7.0/stm32cubeide/plugins/com.st.stm32cube.ide.mcu.externaltools.gnu-tools-for-stm32.9-2020-q2-update.win32_2.0.0.202105311346/tools/bin/../lib/gcc/arm-none-eabi/9.3.1/../../../../arm-none-eabi/lib/thumb/v7-m/nofp\libc_nano.a(lib_a-mprec.o)
                0x00000000080123d4                __b2d
 .text.__d2b    0x000000000801247c       0xb8 c:/st/stm32cubeide_1.7.0/stm32cubeide/plugins/com.st.stm32cube.ide.mcu.externaltools.gnu-tools-for-stm32.9-2020-q2-update.win32_2.0.0.202105311346/tools/bin/../lib/gcc/arm-none-eabi/9.3.1/../../../../arm-none-eabi/lib/thumb/v7-m/nofp\libc_nano.a(lib_a-mprec.o)
                0x000000000801247c                __d2b
 .text.__ratio  0x0000000008012534       0x5c c:/st/stm32cubeide_1.7.0/stm32cubeide/plugins/com.st.stm32cube.ide.mcu.externaltools.gnu-tools-for-stm32.9-2020-q2-update.win32_2.0.0.202105311346/tools/bin/../lib/gcc/arm-none-eabi/9.3.1/../../../../arm-none-eabi/lib/thumb/v7-m/nofp\libc_nano.a(lib_a-mprec.o)
                0x0000000008012534                __ratio
 .text.__copybits
                0x0000000008012590       0x46 c:/st/stm32cubeide_1.7.0/stm32cubeide/plugins/com.st.stm32cube.ide.mcu.externaltools.gnu-tools-for-stm32.9-2020-q2-update.win32_2.0.0.202105311346/tools/bin/../lib/gcc/arm-none-eabi/9.3.1/../../../../arm-none-eabi/lib/thumb/v7-m/nofp\libc_nano.a(lib_a-mprec.o)
                0x0000000008012590                __copybits
 .text.__any_on
                0x00000000080125d6       0x42 c:/st/stm32cubeide_1.7.0/stm32cubeide/plugins/com.st.stm32cube.ide.mcu.externaltools.gnu-tools-for-stm32.9-2020-q2-update.win32_2.0.0.202105311346/tools/bin/../lib/gcc/arm-none-eabi/9.3.1/../../../../arm-none-eabi/lib/thumb/v7-m/nofp\libc_nano.a(lib_a-mprec.o)
                0x00000000080125d6                __any_on
 .text._calloc_r
                0x0000000008012618       0x1c c:/st/stm32cubeide_1.7.0/stm32cubeide/plugins/com.st.stm32cube.ide.mcu.externaltools.gnu-tools-for-stm32.9-2020-q2-update.win32_2.0.0.202105311346/tools/bin/../lib/gcc/arm-none-eabi/9.3.1/../../../../arm-none-eabi/lib/thumb/v7-m/nofp\libc_nano.a(lib_a-nano-callocr.o)
                0x0000000008012618                _calloc_r
 .text._free_r  0x0000000008012634       0x98 c:/st/stm32cubeide_1.7.0/stm32cubeide/plugins/com.st.stm32cube.ide.mcu.externaltools.gnu-tools-for-stm32.9-2020-q2-update.win32_2.0.0.202105311346/tools/bin/../lib/gcc/arm-none-eabi/9.3.1/../../../../arm-none-eabi/lib/thumb/v7-m/nofp\libc_nano.a(lib_a-nano-freer.o)
                0x0000000008012634                _free_r
 .text._malloc_r
                0x00000000080126cc       0xb4 c:/st/stm32cubeide_1.7.0/stm32cubeide/plugins/com.st.stm32cube.ide.mcu.externaltools.gnu-tools-for-stm32.9-2020-q2-update.win32_2.0.0.202105311346/tools/bin/../lib/gcc/arm-none-eabi/9.3.1/../../../../arm-none-eabi/lib/thumb/v7-m/nofp\libc_nano.a(lib_a-nano-mallocr.o)