Archive member included to satisfy reference by file (symbol)

c:/st/stm32cubeide_1.7.0/stm32cubeide/plugins/com.st.stm32cube.ide.mcu.externaltools.gnu-tools-for-stm32.9-2020-q2-update.win32_2.0.0.202105311346/tools/bin/../lib/gcc/arm-none-eabi/9.3.1/../../../../arm-none-eabi/lib/thumb/v7-m/nofp\libm.a(lib_a-w_log.o)
                              ./Core/Src/stm32f1xx_it.o (log)
c:/st/stm32cubeide_1.7.0/stm32cubeide/plugins/com.st.stm32cube.ide.mcu.externaltools.gnu-tools-for-stm32.9-2020-q2-update.win32_2.0.0.202105311346/tools/bin/../lib/gcc/arm-none-eabi/9.3.1/../../../../arm-none-eabi/lib/thumb/v7-m/nofp\libm.a(lib_a-e_log.o)
                              c:/st/stm32cubeide_1.7.0/stm32cubeide/plugins/com.st.stm32cube.ide.mcu.externaltools.gnu-tools-for-stm32.9-2020-q2-update.win32_2.0.0.202105311346/tools/bin/../lib/gcc/arm-none-eabi/9.3.1/../../../../arm-none-eabi/lib/thumb/v7-m/nofp\libm.a(lib_a-w_log.o) (__ieee754_log)
c:/st/stm32cubeide_1.7.0/stm32cubeide/plugins/com.st.stm32cube.ide.mcu.externaltools.gnu-tools-for-stm32.9-2020-q2-update.win32_2.0.0.202105311346/tools/bin/../lib/gcc/arm-none-eabi/9.3.1/../../../../arm-none-eabi/lib/thumb/v7-m/nofp\libm.a(lib_a-s_lib_ver.o)
                              c:/st/stm32cubeide_1.7.0/stm32cubeide/plugins/com.st.stm32cube.ide.mcu.externaltools.gnu-tools-for-stm32.9-2020-q2-update.win32_2.0.0.202105311346/tools/bin/../lib/gcc/arm-none-eabi/9.3.1/../../../../arm-none-eabi/lib/thumb/v7-m/nofp\libm.a(lib_a-w_log.o) (__fdlib_version)
c:/st/stm32cubeide_1.7.0/stm32cubeide/plugins/com.st.stm32cube.ide.mcu.externaltools.gnu-tools-for-stm32.9-2020-q2-update.win32_2.0.0.202105311346/tools/bin/../lib/gcc/arm-none-eabi/9.3.1/../../../../arm-none-eabi/lib/thumb/v7-m/nofp\libm.a(lib_a-s_nan.o)
                              c:/st/stm32cubeide_1.7.0/stm32cubeide/plugins/com.st.stm32cube.ide.mcu.externaltools.gnu-tools-for-stm32.9-2020-q2-update.win32_2.0.0.202105311346/tools/bin/../lib/gcc/arm-none-eabi/9.3.1/../../../../arm-none-eabi/lib/thumb/v7-m/nofp\libm.a(lib_a-w_log.o) (nan)
c:/st/stm32cubeide_1.7.0/stm32cubeide/plugins/com.st.stm32cube.ide.mcu.externaltools.gnu-tools-for-stm32.9-2020-q2-update.win32_2.0.0.202105311346/tools/bin/../lib/gcc/arm-none-eabi/9.3.1/../../../../arm-none-eabi/lib/thumb/v7-m/nofp\libc_nano.a(lib_a-ctype_.o)
                              ./Core/Src/main.o (_ctype_)
c:/st/stm32cubeide_1.7.0/stm32cubeide/plugins/com.st.stm32cube.ide.mcu.externaltools.gnu-tools-for-stm32.9-2020-q2-update.win32_2.0.0.202105311346/tools/bin/../lib/gcc/arm-none-eabi/9.3.1/../../../../arm-none-eabi/lib/thumb/v7-m/nofp\libc_nano.a(lib_a-errno.o)
                              ./Core/Src/syscalls.o (__errno)
c:/st/stm32cubeide_1.7.0/stm32cubeide/plugins/com.st.stm32cube.ide.mcu.externaltools.gnu-tools-for-stm32.9-2020-q2-update.win32_2.0.0.202105311346/tools/bin/../lib/gcc/arm-none-eabi/9.3.1/../../../../arm-none-eabi/lib/thumb/v7-m/nofp\libc_nano.a(lib_a-exit.o)
                              c:/st/stm32cubeide_1.7.0/stm32cubeide/plugins/com.st.stm32cube.ide.mcu.externaltools.gnu-tools-for-stm32.9-2020-q2-update.win32_2.0.0.202105311346/tools/bin/../lib/gcc/arm-none-eabi/9.3.1/../../../../arm-none-eabi/lib/thumb/v7-m/nofp/crt0.o (exit)
c:/st/stm32cubeide_1.7.0/stm32cubeide/plugins/com.st.stm32cube.ide.mcu.externaltools.gnu-tools-for-stm32.9-2020-q2-update.win32_2.0.0.202105311346/tools/bin/../lib/gcc/arm-none-eabi/9.3.1/../../../../arm-none-eabi/lib/thumb/v7-m/nofp\libc_nano.a(lib_a-impure.o)
                              c:/st/stm32cubeide_1.7.0/stm32cubeide/plugins/com.st.stm32cube.ide.mcu.externaltools.gnu-tools-for-stm32.9-2020-q2-update.win32_2.0.0.202105311346/tools/bin/../lib/gcc/arm-none-eabi/9.3.1/../../../../arm-none-eabi/lib/thumb/v7-m/nofp\libc_nano.a(lib_a-exit.o) (_global_impure_ptr)
c:/st/stm32cubeide_1.7.0/stm32cubeide/plugins/com.st.stm32cube.ide.mcu.externaltools.gnu-tools-for-stm32.9-2020-q2-update.win32_2.0.0.202105311346/tools/bin/../lib/gcc/arm-none-eabi/9.3.1/../../../../arm-none-eabi/lib/thumb/v7-m/nofp\libc_nano.a(lib_a-init.o)
                              c:/st/stm32cubeide_1.7.0/stm32cubeide/plugins/com.st.stm32cube.ide.mcu.externaltools.gnu-tools-for-stm32.9-2020-q2-update.win32_2.0.0.202105311346/tools/bin/../lib/gcc/arm-none-eabi/9.3.1/../../../../arm-none-eabi/lib/thumb/v7-m/nofp/crt0.o (__libc_init_array)
c:/st/stm32cubeide_1.7.0/stm32cubeide/plugins/com.st.stm32cube.ide.mcu.externaltools.gnu-tools-for-stm32.9-2020-q2-update.win32_2.0.0.202105311346/tools/bin/../lib/gcc/arm-none-eabi/9.3.1/../../../../arm-none-eabi/lib/thumb/v7-m/nofp\libc_nano.a(lib_a-itoa.o)
                              ./Core/Src/main.o (itoa)
c:/st/stm32cubeide_1.7.0/stm32cubeide/plugins/com.st.stm32cube.ide.mcu.externaltools.gnu-tools-for-stm32.9-2020-q2-update.win32_2.0.0.202105311346/tools/bin/../lib/gcc/arm-none-eabi/9.3.1/../../../../arm-none-eabi/lib/thumb/v7-m/nofp\libc_nano.a(lib_a-memcpy-stub.o)
[...]
Memory Configuration

Name             Origin             Length             Attributes
RAM              0x0000000020000000 0x0000000000018000 xrw
FLASH            0x0000000008000000 0x0000000000100000 xr
*default*        0x0000000000000000 0xffffffffffffffff

Linker script and memory map

LOAD c:/st/stm32cubeide_1.7.0/stm32cubeide/plugins/com.st.stm32cube.ide.mcu.externaltools.gnu-tools-for-stm32.9-2020-q2-update.win32_2.0.0.202105311346/tools/bin/../lib/gcc/arm-none-eabi/9.3.1/thumb/v7-m/nofp/crti.o
LOAD c:/st/stm32cubeide_1.7.0/stm32cubeide/plugins/com.st.stm32cube.ide.mcu.externaltools.gnu-tools-for-stm32.9-2020-q2-update.win32_2.0.0.202105311346/tools/bin/../lib/gcc/arm-none-eabi/9.3.1/thumb/v7-m/nofp/crtbegin.o
LOAD c:/st/stm32cubeide_1.7.0/stm32cubeide/plugins/com.st.stm32cube.ide.mcu.externaltools.gnu-tools-for-stm32.9-2020-q2-update.win32_2.0.0.202105311346/tools/bin/../lib/gcc/arm-none-eabi/9.3.1/../../../../arm-none-eabi/lib/thumb/v7-m/nofp/crt0.o
LOAD ./Core/Src/Adbms6948_Applications.o
LOAD ./Core/Src/Battery_Charge_Discharge.o
LOAD ./Core/Src/EEPROM.o
LOAD ./Core/Src/adc.o
LOAD ./Core/Src/can.o
LOAD ./Core/Src/dma.o
LOAD ./Core/Src/fonts.o
LOAD ./Core/Src/gpio.o
LOAD ./Core/Src/i2c.o
LOAD ./Core/Src/iwdg.o
LOAD ./Core/Src/main.o
LOAD ./Core/Src/spi.o
LOAD ./Core/Src/ssd1306.o
LOAD ./Core/Src/stm32f1xx_hal_msp.o
LOAD ./Core/Src/stm32f1xx_it.o
LOAD ./Core/Src/syscalls.o
LOAD ./Core/Src/sysmem.o
LOAD ./Core/Src/system_stm32f1xx.o
LOAD ./Core/Src/tim.o
LOAD ./Core/Startup/startup_stm32f103rgtx.o
LOAD ./Drivers/STM32F1xx_HAL_Driver/Src/stm32f1xx_hal.o
LOAD ./Drivers/STM32F1xx_HAL_Driver/Src/stm32f1xx_hal_adc.o
LOAD ./Drivers/STM32F1xx_HAL_Driver/Src/stm32f1xx_hal_adc_ex.o
LOAD ./Drivers/STM32F1xx_HAL_Driver/Src/stm32f1xx_hal_can.o
LOAD ./Drivers/STM32F1xx_HAL_Driver/Src/stm32f1xx_hal_cortex.o
LOAD ./Drivers/STM32F1xx_HAL_Driver/Src/stm32f1xx_hal_dma.o
LOAD ./Drivers/STM32F1xx_HAL_Driver/Src/stm32f1xx_hal_exti.o
LOAD ./Drivers/STM32F1xx_HAL_Driver/Src/stm32f1xx_hal_flash.o
LOAD ./Drivers/STM32F1xx_HAL_Driver/Src/stm32f1xx_hal_flash_ex.o
LOAD ./Drivers/STM32F1xx_HAL_Driver/Src/stm32f1xx_hal_gpio.o
LOAD ./Drivers/STM32F1xx_HAL_Driver/Src/stm32f1xx_hal_gpio_ex.o
LOAD ./Drivers/STM32F1xx_HAL_Driver/Src/stm32f1xx_hal_i2c.o
LOAD ./Drivers/STM32F1xx_HAL_Driver/Src/stm32f1xx_hal_iwdg.o
LOAD ./Drivers/STM32F1xx_HAL_Driver/Src/stm32f1xx_hal_pwr.o
LOAD ./Drivers/STM32F1xx_HAL_Driver/Src/stm32f1xx_hal_rcc.o
LOAD ./Drivers/STM32F1xx_HAL_Driver/Src/stm32f1xx_hal_rcc_ex.o
LOAD ./Drivers/STM32F1xx_HAL_Driver/Src/stm32f1xx_hal_spi.o
LOAD ./Drivers/STM32F1xx_HAL_Driver/Src/stm32f1xx_hal_tim.o
LOAD ./Drivers/STM32F1xx_HAL_Driver/Src/stm32f1xx_hal_tim_ex.o
LOAD ./Lib/Adbms6948/Adbms6948.o
LOAD ./Lib/Adbms6948/Adbms6948_Cfg.o
LOAD ./Lib/Adbms6948/adi_bms_platform.o
LOAD ./Lib/Adbms6948/lib/Adbms6948_Common.o
LOAD ./Lib/Adbms6948/lib/Adbms6948_Config.o
LOAD ./Lib/Adbms6948/lib/Adbms6948_Diagnostic.o
LOAD ./Lib/Adbms6948/lib/Adbms6948_ExecCmd.o
LOAD ./Lib/Adbms6948/lib/Adbms6948_Generic.o
LOAD ./Lib/Adbms6948/lib/Adbms6948_Measure.o
LOAD ./Lib/Adbms6948/lib/Adbms6948_OtherMonitor.o
LOAD ./Lib/Adbms6948/lib/Adbms6948_Pec.o
LOAD ./Lib/Adbms6948/utils/timer.o
START GROUP
LOAD c:/st/stm32cubeide_1.7.0/stm32cubeide/plugins/com.st.stm32cube.ide.mcu.externaltools.gnu-tools-for-stm32.9-2020-q2-update.win32_2.0.0.202105311346/tools/bin/../lib/gcc/arm-none-eabi/9.3.1/../../../../arm-none-eabi/lib/thumb/v7-m/nofp\libstdc++_nano.a
LOAD c:/st/stm32cubeide_1.7.0/stm32cubeide/plugins/com.st.stm32cube.ide.mcu.externaltools.gnu-tools-for-stm32.9-2020-q2-update.win32_2.0.0.202105311346/tools/bin/../lib/gcc/arm-none-eabi/9.3.1/../../../../arm-none-eabi/lib/thumb/v7-m/nofp\libsupc++_nano.a
END GROUP
LOAD c:/st/stm32cubeide_1.7.0/stm32cubeide/plugins/com.st.stm32cube.ide.mcu.externaltools.gnu-tools-for-stm32.9-2020-q2-update.win32_2.0.0.202105311346/tools/bin/../lib/gcc/arm-none-eabi/9.3.1/../../../../arm-none-eabi/lib/thumb/v7-m/nofp\libstdc++_nano.a
LOAD c:/st/stm32cubeide_1.7.0/stm32cubeide/plugins/com.st.stm32cube.ide.mcu.externaltools.gnu-tools-for-stm32.9-2020-q2-update.win32_2.0.0.202105311346/tools/bin/../lib/gcc/arm-none-eabi/9.3.1/../../../../arm-none-eabi/lib/thumb/v7-m/nofp\libm.a
LOAD c:/st/stm32cubeide_1.7.0/stm32cubeide/plugins/com.st.stm32cube.ide.mcu.externaltools.gnu-tools-for-stm32.9-2020-q2-update.win32_2.0.0.202105311346/tools/bin/../lib/gcc/arm-none-eabi/9.3.1/../../../../arm-none-eabi/lib/thumb/v7-m/nofp\libc_nano.a
START GROUP
LOAD c:/st/stm32cubeide_1.7.0/stm32cubeide/plugins/com.st.stm32cube.ide.mcu.externaltools.gnu-tools-for-stm32.9-2020-q2-update.win32_2.0.0.202105311346/tools/bin/../lib/gcc/arm-none-eabi/9.3.1/thumb/v7-m/nofp\libgcc.a
LOAD c:/st/stm32cubeide_1.7.0/stm32cubeide/plugins/com.st.stm32cube.ide.mcu.externaltools.gnu-tools-for-stm32.9-2020-q2-update.win32_2.0.0.202105311346/tools/bin/../lib/gcc/arm-none-eabi/9.3.1/../../../../arm-none-eabi/lib/thumb/v7-m/nofp\libc_nano.a
END GROUP
START GROUP
LOAD c:/st/stm32cubeide_1.7.0/stm32cubeide/plugins/com.st.stm32cube.ide.mcu.externaltools.gnu-tools-for-stm32.9-2020-q2-update.win32_2.0.0.202105311346/tools/bin/../lib/gcc/arm-none-eabi/9.3.1/thumb/v7-m/nofp\libgcc.a
LOAD c:/st/stm32cubeide_1.7.0/stm32cubeide/plugins/com.st.stm32cube.ide.mcu.externaltools.gnu-tools-for-stm32.9-2020-q2-update.win32_2.0.0.202105311346/tools/bin/../lib/gcc/arm-none-eabi/9.3.1/../../../../arm-none-eabi/lib/thumb/v7-m/nofp\libc_nano.a
END GROUP
LOAD c:/st/stm32cubeide_1.7.0/stm32cubeide/plugins/com.st.stm32cube.ide.mcu.externaltools.gnu-tools-for-stm32.9-2020-q2-update.win32_2.0.0.202105311346/tools/bin/../lib/gcc/arm-none-eabi/9.3.1/thumb/v7-m/nofp/crtend.o
LOAD c:/st/stm32cubeide_1.7.0/stm32cubeide/plugins/com.st.stm32cube.ide.mcu.externaltools.gnu-tools-for-stm32.9-2020-q2-update.win32_2.0.0.202105311346/tools/bin/../lib/gcc/arm-none-eabi/9.3.1/thumb/v7-m/nofp/crtn.o
                0x0000000020018000                _estack = (ORIGIN (RAM) + LENGTH (RAM))
                0x0000000000000200                _Min_Heap_Size = 0x200
                0x0000000000000400                _Min_Stack_Size = 0x400

.isr_vector     0x0000000008000000      0x1e4
                0x0000000008000000                . = ALIGN (0x4)
 *(.isr_vector)
 .isr_vector    0x0000000008000000      0x1e4 ./Core/Startup/startup_stm32f103rgtx.o
                0x0000000008000000                g_pfnVectors
                0x00000000080001e4                . = ALIGN (0x4)

.text           0x00000000080001e8    0x12e4c
                0x00000000080001e8                . = ALIGN (0x4)
 *(.text)
 .text          0x00000000080001e8       0x40 c:/st/stm32cubeide_1.7.0/stm32cubeide/plugins/com.st.stm32cube.ide.mcu.externaltools.gnu-tools-for-stm32.9-2020-q2-update.win32_2.0.0.202105311346/tools/bin/../lib/gcc/arm-none-eabi/9.3.1/thumb/v7-m/nofp/crtbegin.o
 .text          0x0000000008000228       0x10 c:/st/stm32cubeide_1.7.0/stm32cubeide/plugins/com.st.stm32cube.ide.mcu.externaltools.gnu-tools-for-stm32.9-2020-q2-update.win32_2.0.0.202105311346/tools/bin/../lib/gcc/arm-none-eabi/9.3.1/../../../../arm-none-eabi/lib/thumb/v7-m/nofp\libc_nano.a(lib_a-strlen.o)
                0x0000000008000228                strlen
 .text          0x0000000008000238      0x378 c:/st/stm32cubeide_1.7.0/stm32cubeide/plugins/com.st.stm32cube.ide.mcu.externaltools.gnu-tools-for-stm32.9-2020-q2-update.win32_2.0.0.202105311346/tools/bin/../lib/gcc/arm-none-eabi/9.3.1/thumb/v7-m/nofp\libgcc.a(_arm_addsubdf3.o)
                0x0000000008000238                __aeabi_drsub
                0x0000000008000240                __aeabi_dsub
                0x0000000008000240                __subdf3
                0x0000000008000244                __aeabi_dadd
                0x0000000008000244                __adddf3
                0x00000000080004bc                __floatunsidf
                0x00000000080004bc                __aeabi_ui2d
                0x00000000080004dc                __floatsidf
                0x00000000080004dc                __aeabi_i2d
                0x0000000008000500                __aeabi_f2d
                0x0000000008000500                __extendsfdf2
                0x0000000008000544                __floatundidf
                0x0000000008000544                __aeabi_ul2d
                0x0000000008000554                __floatdidf
                0x0000000008000554                __aeabi_l2d
 .text          0x00000000080005b0      0x424 c:/st/stm32cubeide_1.7.0/stm32cubeide/plugins/com.st.stm32cube.ide.mcu.externaltools.gnu-tools-for-stm32.9-2020-q2-update.win32_2.0.0.202105311346/tools/bin/../lib/gcc/arm-none-eabi/9.3.1/thumb/v7-m/nofp\libgcc.a(_arm_muldivdf3.o)
                0x00000000080005b0                __aeabi_dmul
                0x00000000080005b0                __muldf3
                0x0000000008000804                __divdf3
                0x0000000008000804                __aeabi_ddiv
 .text          0x00000000080009d4      0x110 c:/st/stm32cubeide_1.7.0/stm32cubeide/plugins/com.st.stm32cube.ide.mcu.externaltools.gnu-tools-for-stm32.9-2020-q2-update.win32_2.0.0.202105311346/tools/bin/../lib/gcc/arm-none-eabi/9.3.1/thumb/v7-m/nofp\libgcc.a(_arm_cmpdf2.o)
                0x00000000080009d4                __gtdf2
                0x00000000080009d4                __gedf2
                0x00000000080009dc                __ltdf2
                0x00000000080009dc                __ledf2
                0x00000000080009e4                __nedf2
                0x00000000080009e4                __eqdf2
                0x00000000080009e4                __cmpdf2
                0x0000000008000a60                __aeabi_cdrcmple
                0x0000000008000a70                __aeabi_cdcmpeq
                0x0000000008000a70                __aeabi_cdcmple
                0x0000000008000a80                __aeabi_dcmpeq
                0x0000000008000a94                __aeabi_dcmplt
                0x0000000008000aa8                __aeabi_dcmple
                0x0000000008000abc                __aeabi_dcmpge
                0x0000000008000ad0                __aeabi_dcmpgt
 .text          0x0000000008000ae4       0x2c c:/st/stm32cubeide_1.7.0/stm32cubeide/plugins/com.st.stm32cube.ide.mcu.externaltools.gnu-tools-for-stm32.9-2020-q2-update.win32_2.0.0.202105311346/tools/bin/../lib/gcc/arm-none-eabi/9.3.1/thumb/v7-m/nofp\libgcc.a(_arm_unorddf2.o)
                0x0000000008000ae4                __unorddf2
                0x0000000008000ae4                __aeabi_dcmpun
 .text          0x0000000008000b10       0x50 c:/st/stm32cubeide_1.7.0/stm32cubeide/plugins/com.st.stm32cube.ide.mcu.externaltools.gnu-tools-for-stm32.9-2020-q2-update.win32_2.0.0.202105311346/tools/bin/../lib/gcc/arm-none-eabi/9.3.1/thumb/v7-m/nofp\libgcc.a(_arm_fixdfsi.o)
                0x0000000008000b10                __aeabi_d2iz
                0x0000000008000b10                __fixdfsi
 .text          0x0000000008000b60       0x40 c:/st/stm32cubeide_1.7.0/stm32cubeide/plugins/com.st.stm32cube.ide.mcu.externaltools.gnu-tools-for-stm32.9-2020-q2-update.win32_2.0.0.202105311346/tools/bin/../lib/gcc/arm-none-eabi/9.3.1/thumb/v7-m/nofp\libgcc.a(_arm_fixunsdfsi.o)
                0x0000000008000b60                __aeabi_d2uiz
                0x0000000008000b60                __fixunsdfsi
 .text          0x0000000008000ba0       0xa0 c:/st/stm32cubeide_1.7.0/stm32cubeide/plugins/com.st.stm32cube.ide.mcu.externaltools.gnu-tools-for-stm32.9-2020-q2-update.win32_2.0.0.202105311346/tools/bin/../lib/gcc/arm-none-eabi/9.3.1/thumb/v7-m/nofp\libgcc.a(_arm_truncdfsf2.o)
                0x0000000008000ba0                __truncdfsf2
                0x0000000008000ba0                __aeabi_d2f
 .text          0x0000000008000c40      0x21c c:/st/stm32cubeide_1.7.0/stm32cubeide/plugins/com.st.stm32cube.ide.mcu.externaltools.gnu-tools-for-stm32.9-2020-q2-update.win32_2.0.0.202105311346/tools/bin/../lib/gcc/arm-none-eabi/9.3.1/thumb/v7-m/nofp\libgcc.a(_arm_addsubsf3.o)
                0x0000000008000c40                __aeabi_frsub
                0x0000000008000c48                __subsf3
                0x0000000008000c48                __aeabi_fsub
                0x0000000008000c4c                __aeabi_fadd
                0x0000000008000c4c                __addsf3
                0x0000000008000dac                __aeabi_ui2f
                0x0000000008000dac                __floatunsisf
                0x0000000008000db4                __aeabi_i2f
                0x0000000008000db4                __floatsisf
                0x0000000008000dd0                __aeabi_ul2f
                0x0000000008000dd0                __floatundisf
                0x0000000008000de0                __aeabi_l2f
                0x0000000008000de0                __floatdisf
 .text          0x0000000008000e5c      0x2a0 c:/st/stm32cubeide_1.7.0/stm32cubeide/plugins/com.st.stm32cube.ide.mcu.externaltools.gnu-tools-for-stm32.9-2020-q2-update.win32_2.0.0.202105311346/tools/bin/../lib/gcc/arm-none-eabi/9.3.1/thumb/v7-m/nofp\libgcc.a(_arm_muldivsf3.o)
                0x0000000008000e5c                __mulsf3
                0x0000000008000e5c                __aeabi_fmul
                0x0000000008000fc4                __aeabi_fdiv
                0x0000000008000fc4                __divsf3
 .text          0x00000000080010fc       0xec c:/st/stm32cubeide_1.7.0/stm32cubeide/plugins/com.st.stm32cube.ide.mcu.externaltools.gnu-tools-for-stm32.9-2020-q2-update.win32_2.0.0.202105311346/tools/bin/../lib/gcc/arm-none-eabi/9.3.1/thumb/v7-m/nofp\libgcc.a(_arm_cmpsf2.o)
                0x00000000080010fc                __gesf2
                0x00000000080010fc                __gtsf2
                0x0000000008001104                __lesf2
                0x0000000008001104                __ltsf2
                0x000000000800110c                __nesf2
                0x000000000800110c                __eqsf2
                0x000000000800110c                __cmpsf2
                0x000000000800116c                __aeabi_cfrcmple
                0x0000000008001174                __aeabi_cfcmpeq
                0x0000000008001174                __aeabi_cfcmple
                0x0000000008001184                __aeabi_fcmpeq
                0x0000000008001198                __aeabi_fcmplt
                0x00000000080011ac                __aeabi_fcmple
                0x00000000080011c0                __aeabi_fcmpge
                0x00000000080011d4                __aeabi_fcmpgt
 .text          0x00000000080011e8       0x4c c:/st/stm32cubeide_1.7.0/stm32cubeide/plugins/com.st.stm32cube.ide.mcu.externaltools.gnu-tools-for-stm32.9-2020-q2-update.win32_2.0.0.202105311346/tools/bin/../lib/gcc/arm-none-eabi/9.3.1/thumb/v7-m/nofp\libgcc.a(_arm_fixsfsi.o)
                0x00000000080011e8                __aeabi_f2iz
                0x00000000080011e8                __fixsfsi
 .text          0x0000000008001234       0x40 c:/st/stm32cubeide_1.7.0/stm32cubeide/plugins/com.st.stm32cube.ide.mcu.externaltools.gnu-tools-for-stm32.9-2020-q2-update.win32_2.0.0.202105311346/tools/bin/../lib/gcc/arm-none-eabi/9.3.1/thumb/v7-m/nofp\libgcc.a(_arm_fixunssfsi.o)
                0x0000000008001234                __fixunssfsi
                0x0000000008001234                __aeabi_f2uiz
 .text          0x0000000008001274       0x34 c:/st/stm32cubeide_1.7.0/stm32cubeide/plugins/com.st.stm32cube.ide.mcu.externaltools.gnu-tools-for-stm32.9-2020-q2-update.win32_2.0.0.202105311346/tools/bin/../lib/gcc/arm-none-eabi/9.3.1/thumb/v7-m/nofp\libgcc.a(_fixdfdi.o)
                0x0000000008001274                __fixdfdi
                0x0000000008001274                __aeabi_d2lz
 .text          0x00000000080012a8       0x3c c:/st/stm32cubeide_1.7.0/stm32cubeide/plugins/com.st.stm32cube.ide.mcu.externaltools.gnu-tools-for-stm32.9-2020-q2-update.win32_2.0.0.202105311346/tools/bin/../lib/gcc/arm-none-eabi/9.3.1/thumb/v7-m/nofp\libgcc.a(_fixunsdfdi.o)
                0x00000000080012a8                __fixunsdfdi
                0x00000000080012a8                __aeabi_d2ulz
 *(.text*)
 .text._Z11Adbms_Delaym
                0x00000000080012e4       0x16 ./Core/Src/Adbms6948_Applications.o
                0x00000000080012e4                Adbms_Delay(unsigned long)
 .text._Z18Adbms6948_SPI_Lockv
                0x00000000080012fa        0xc ./Core/Src/Adbms6948_Applications.o
                0x00000000080012fa                Adbms6948_SPI_Lock()
 .text._Z20Adbms6948_SPI_Unlockv
                0x0000000008001306        0xc ./Core/Src/Adbms6948_Applications.o
                0x0000000008001306                Adbms6948_SPI_Unlock()
 *fill*         0x0000000008001312        0x2 
 .text._Z23Adbms6948_SPI_WriteReadPhS_t
                0x0000000008001314       0x5c ./Core/Src/Adbms6948_Applications.o
                0x0000000008001314                Adbms6948_SPI_WriteRead(unsigned char*, unsigned char*, unsigned short)
 .text.Adbms_Init
                0x0000000008001370       0x38 ./Core/Src/Adbms6948_Applications.o
                0x0000000008001370                Adbms_Init
 .text.Adbms6948_measure_cells
                0x00000000080013a8       0xd0 ./Core/Src/Adbms6948_Applications.o
                0x00000000080013a8                Adbms6948_measure_cells
 .text.Adbms6948_measure_current
                0x0000000008001478       0xac ./Core/Src/Adbms6948_Applications.o
                0x0000000008001478                Adbms6948_measure_current
 .text.Adbms6948_Discharge_Cell
                0x0000000008001524       0x20 ./Core/Src/Adbms6948_Applications.o
                0x0000000008001524                Adbms6948_Discharge_Cell
 .text.Batt_Discharge_Mode
                0x0000000008001544       0xc0 ./Core/Src/Battery_Charge_Discharge.o
                0x0000000008001544                Batt_Discharge_Mode
 .text.Batt_Charge_Mode
                0x0000000008001604       0xd8 ./Core/Src/Battery_Charge_Discharge.o
                0x0000000008001604                Batt_Charge_Mode
 .text.Batt_Full_CD_Mode
                0x00000000080016dc       0xd8 ./Core/Src/Battery_Charge_Discharge.o
                0x00000000080016dc                Batt_Full_CD_Mode
 .text.Batt_Open_Mode
                0x00000000080017b4       0x54 ./Core/Src/Battery_Charge_Discharge.o
                0x00000000080017b4                Batt_Open_Mode
 .text.check_SOC_Based_OCV
                0x0000000008001808      0x3a8 ./Core/Src/Battery_Charge_Discharge.o
                0x0000000008001808                check_SOC_Based_OCV
 .text.EEPROM_isDeviceReady
                0x0000000008001bb0       0x3c ./Core/Src/EEPROM.o
                0x0000000008001bb0                EEPROM_isDeviceReady
 .text.EEPROM_WriteData
                0x0000000008001bec       0x3c ./Core/Src/EEPROM.o
                0x0000000008001bec                EEPROM_WriteData
 .text.EEPROM_ReadData
                0x0000000008001c28       0x38 ./Core/Src/EEPROM.o
                0x0000000008001c28                EEPROM_ReadData
 .text.MX_ADC1_Init
                0x0000000008001c60      0x128 ./Core/Src/adc.o
                0x0000000008001c60                MX_ADC1_Init
 .text.HAL_ADC_MspInit
                0x0000000008001d88      0x100 ./Core/Src/adc.o
                0x0000000008001d88                HAL_ADC_MspInit
 .text.MX_CAN_Init
                0x0000000008001e88       0x6c ./Core/Src/can.o
                0x0000000008001e88                MX_CAN_Init
 .text.HAL_CAN_MspInit
                0x0000000008001ef4       0xd0 ./Core/Src/can.o
                0x0000000008001ef4                HAL_CAN_MspInit
 *fill*         0x0000000008001fc4        0x4 
 .text.CANTX_BattParameter
                0x0000000008001fc8      0x294 ./Core/Src/can.o
                0x0000000008001fc8                CANTX_BattParameter
 .text.CANTX_BattProtection
                0x000000000800225c      0x28c ./Core/Src/can.o
                0x000000000800225c                CANTX_BattProtection
 .text.CANTX_ReportToCharger
                0x00000000080024e8       0xf0 ./Core/Src/can.o
                0x00000000080024e8                CANTX_ReportToCharger
 .text.CANTX_BattId
                0x00000000080025d8       0xb0 ./Core/Src/can.o
                0x00000000080025d8                CANTX_BattId
 .text.HAL_CAN_RxFifo0MsgPendingCallback
                0x0000000008002688      0x1bc ./Core/Src/can.o
                0x0000000008002688                HAL_CAN_RxFifo0MsgPendingCallback
 .text.BMS_CAN_Config
                0x0000000008002844       0x7c ./Core/Src/can.o
                0x0000000008002844                BMS_CAN_Config
 .text.MX_DMA_Init
                0x00000000080028c0       0x3c ./Core/Src/dma.o
                0x00000000080028c0                MX_DMA_Init
 .text.MX_GPIO_Init
                0x00000000080028fc       0xfc ./Core/Src/gpio.o
                0x00000000080028fc                MX_GPIO_Init
 .text.MX_I2C1_Init
                0x00000000080029f8       0x5c ./Core/Src/i2c.o
                0x00000000080029f8                MX_I2C1_Init
 .text.MX_I2C2_Init
                0x0000000008002a54       0x5c ./Core/Src/i2c.o
                0x0000000008002a54                MX_I2C2_Init
 .text.HAL_I2C_MspInit
                0x0000000008002ab0       0xd8 ./Core/Src/i2c.o
                0x0000000008002ab0                HAL_I2C_MspInit
 .text.MX_IWDG_Init
                0x0000000008002b88       0x34 ./Core/Src/iwdg.o
                0x0000000008002b88                MX_IWDG_Init
 *fill*         0x0000000008002bbc        0x4 
 .text.main     0x0000000008002bc0      0x114 ./Core/Src/main.o
                0x0000000008002bc0                main
 .text.SystemClock_Config
                0x0000000008002cd4       0xb6 ./Core/Src/main.o
                0x0000000008002cd4                SystemClock_Config
 *fill*         0x0000000008002d8a        0x2 
 .text.BMS_Init
                0x0000000008002d8c      0x128 ./Core/Src/main.o
                0x0000000008002d8c                BMS_Init
 .text.BMS_ScreenMode_RUN
                0x0000000008002eb4      0x39c ./Core/Src/main.o
                0x0000000008002eb4                BMS_ScreenMode_RUN
 .text.Calculate_Pack_Voltage
                0x0000000008003250       0x44 ./Core/Src/main.o
                0x0000000008003250                Calculate_Pack_Voltage
 *fill*         0x0000000008003294        0x4 
 .text.get_balance_status
                0x0000000008003298      0x164 ./Core/Src/main.o
                0x0000000008003298                get_balance_status
 .text.isCell_UnderVoltage
                0x00000000080033fc       0x70 ./Core/Src/main.o
                0x00000000080033fc                isCell_UnderVoltage
 .text.isCell_OverVoltage
                0x000000000800346c       0x70 ./Core/Src/main.o
                0x000000000800346c                isCell_OverVoltage
 .text.Reset_FlagProtection
                0x00000000080034dc       0x98 ./Core/Src/main.o
                0x00000000080034dc                Reset_FlagProtection
 .text.StartUp_Buzzer
                0x0000000008003574       0x74 ./Core/Src/main.o
                0x0000000008003574                StartUp_Buzzer
 .text.ShutDown_Buzzer
                0x00000000080035e8       0x74 ./Core/Src/main.o
                0x00000000080035e8                ShutDown_Buzzer
 .text.Error_Handler
                0x000000000800365c        0xa ./Core/Src/main.o
                0x000000000800365c                Error_Handler
 *fill*         0x0000000008003666        0x2 
 .text.MX_SPI1_Init
                0x0000000008003668       0x6c ./Core/Src/spi.o
                0x0000000008003668                MX_SPI1_Init
 .text.HAL_SPI_MspInit
                0x00000000080036d4       0xc4 ./Core/Src/spi.o
                0x00000000080036d4                HAL_SPI_MspInit
 .text.SSD1306_Init
                0x0000000008003798      0x17c ./Core/Src/ssd1306.o
                0x0000000008003798                SSD1306_Init
 .text.SSD1306_UpdateScreen
                0x0000000008003914       0x5c ./Core/Src/ssd1306.o
                0x0000000008003914                SSD1306_UpdateScreen
 .text.SSD1306_Fill
                0x0000000008003970       0x30 ./Core/Src/ssd1306.o
                0x0000000008003970                SSD1306_Fill
 .text.SSD1306_DrawPixel
                0x00000000080039a0       0xbc ./Core/Src/ssd1306.o
                0x00000000080039a0                SSD1306_DrawPixel
 .text.SSD1306_GotoXY
                0x0000000008003a5c       0x2c ./Core/Src/ssd1306.o
                0x0000000008003a5c                SSD1306_GotoXY
 .text.SSD1306_Putc
                0x0000000008003a88      0x100 ./Core/Src/ssd1306.o
                0x0000000008003a88                SSD1306_Putc
 .text.SSD1306_Puts
                0x0000000008003b88       0x4a ./Core/Src/ssd1306.o
                0x0000000008003b88                SSD1306_Puts
 *fill*         0x0000000008003bd2        0x2 
 .text.ssd1306_I2C_Init
                0x0000000008003bd4       0x28 ./Core/Src/ssd1306.o
                0x0000000008003bd4                ssd1306_I2C_Init
 .text.ssd1306_I2C_WriteMulti
                0x0000000008003bfc       0xb0 ./Core/Src/ssd1306.o
                0x0000000008003bfc                ssd1306_I2C_WriteMulti
 .text.ssd1306_I2C_Write
                0x0000000008003cac       0x3c ./Core/Src/ssd1306.o
                0x0000000008003cac                ssd1306_I2C_Write
 .text.HAL_MspInit
                0x0000000008003ce8       0x64 ./Core/Src/stm32f1xx_hal_msp.o
                0x0000000008003ce8                HAL_MspInit
 .text.NMI_Handler
                0x0000000008003d4c        0x6 ./Core/Src/stm32f1xx_it.o
                0x0000000008003d4c                NMI_Handler
 .text.HardFault_Handler
                0x0000000008003d52        0x6 ./Core/Src/stm32f1xx_it.o
                0x0000000008003d52                HardFault_Handler
 .text.MemManage_Handler
                0x0000000008003d58        0x6 ./Core/Src/stm32f1xx_it.o
                0x0000000008003d58                MemManage_Handler
 .text.BusFault_Handler
                0x0000000008003d5e        0x6 ./Core/Src/stm32f1xx_it.o
                0x0000000008003d5e                BusFault_Handler
 .text.UsageFault_Handler
                0x0000000008003d64        0x6 ./Core/Src/stm32f1xx_it.o
                0x0000000008003d64                UsageFault_Handler
 .text.SVC_Handler
                0x0000000008003d6a        0xc ./Core/Src/stm32f1xx_it.o
                0x0000000008003d6a                SVC_Handler
 .text.DebugMon_Handler
                0x0000000008003d76        0xc ./Core/Src/stm32f1xx_it.o
                0x0000000008003d76                DebugMon_Handler
 .text.PendSV_Handler
                0x0000000008003d82        0xc ./Core/Src/stm32f1xx_it.o
                0x0000000008003d82                PendSV_Handler
 .text.SysTick_Handler
                0x0000000008003d8e        0xc ./Core/Src/stm32f1xx_it.o
                0x0000000008003d8e                SysTick_Handler
 *fill*         0x0000000008003d9a        0x2 
 .text.DMA1_Channel1_IRQHandler
                0x0000000008003d9c       0x14 ./Core/Src/stm32f1xx_it.o
                0x0000000008003d9c                DMA1_Channel1_IRQHandler
 .text.USB_LP_CAN1_RX0_IRQHandler
                0x0000000008003db0       0x14 ./Core/Src/stm32f1xx_it.o
                0x0000000008003db0                USB_LP_CAN1_RX0_IRQHandler
 *fill*         0x0000000008003dc4        0x4 
 .text.TIM2_IRQHandler
                0x0000000008003dc8      0x788 ./Core/Src/stm32f1xx_it.o
                0x0000000008003dc8                TIM2_IRQHandler
 .text.TIM3_IRQHandler
                0x0000000008004550       0x80 ./Core/Src/stm32f1xx_it.o
                0x0000000008004550                TIM3_IRQHandler
 .text.SPI1_IRQHandler
                0x00000000080045d0       0x14 ./Core/Src/stm32f1xx_it.o
                0x00000000080045d0                SPI1_IRQHandler
 *fill*         0x00000000080045e4        0x4 
 .text.Batt_Protection_when_discharge
                0x00000000080045e8      0xc70 ./Core/Src/stm32f1xx_it.o
                0x00000000080045e8                Batt_Protection_when_discharge
 .text.Batt_Protection_when_charge
                0x0000000008005258      0x9d4 ./Core/Src/stm32f1xx_it.o
                0x0000000008005258                Batt_Protection_when_charge
 *fill*         0x0000000008005c2c        0x4 
 .text.Batt_Protection_when_chargedischarge
                0x0000000008005c30      0xcb8 ./Core/Src/stm32f1xx_it.o
                0x0000000008005c30                Batt_Protection_when_chargedischarge
 .text._getpid  0x00000000080068e8        0xe ./Core/Src/syscalls.o
                0x00000000080068e8                _getpid
 .text._kill    0x00000000080068f6       0x20 ./Core/Src/syscalls.o
                0x00000000080068f6                _kill
 .text._exit    0x0000000008006916       0x14 ./Core/Src/syscalls.o
                0x0000000008006916                _exit
 .text._read    0x000000000800692a       0x3a ./Core/Src/syscalls.o
                0x000000000800692a                _read
 .text._write   0x0000000008006964       0x38 ./Core/Src/syscalls.o
                0x0000000008006964                _write
 .text._close   0x000000000800699c       0x16 ./Core/Src/syscalls.o
                0x000000000800699c                _close
 .text._fstat   0x00000000080069b2       0x1e ./Core/Src/syscalls.o
                0x00000000080069b2                _fstat
 .text._isatty  0x00000000080069d0       0x14 ./Core/Src/syscalls.o
                0x00000000080069d0                _isatty
 .text._lseek   0x00000000080069e4       0x18 ./Core/Src/syscalls.o
                0x00000000080069e4                _lseek
 .text._sbrk    0x00000000080069fc       0x6c ./Core/Src/sysmem.o
                0x00000000080069fc                _sbrk
 .text.SystemInit
                0x0000000008006a68        0xc ./Core/Src/system_stm32f1xx.o
                0x0000000008006a68                SystemInit
 .text.MX_TIM2_Init
                0x0000000008006a74       0x9c ./Core/Src/tim.o
                0x0000000008006a74                MX_TIM2_Init
 .text.MX_TIM3_Init
                0x0000000008006b10       0x9c ./Core/Src/tim.o
                0x0000000008006b10                MX_TIM3_Init
 .text.HAL_TIM_Base_MspInit
                0x0000000008006bac       0x80 ./Core/Src/tim.o
                0x0000000008006bac                HAL_TIM_Base_MspInit
 .text.Reset_Handler
                0x0000000008006c2c       0x48 ./Core/Startup/startup_stm32f103rgtx.o
                0x0000000008006c2c                Reset_Handler
 .text.Default_Handler
                0x0000000008006c74        0x2 ./Core/Startup/startup_stm32f103rgtx.o
                0x0000000008006c74                RTC_Alarm_IRQHandler
                0x0000000008006c74                EXTI2_IRQHandler
                0x0000000008006c74                TIM8_CC_IRQHandler
                0x0000000008006c74                TIM1_CC_IRQHandler
                0x0000000008006c74                TIM6_IRQHandler
                0x0000000008006c74                PVD_IRQHandler
                0x0000000008006c74                SDIO_IRQHandler
                0x0000000008006c74                EXTI3_IRQHandler
                0x0000000008006c74                TIM8_TRG_COM_TIM14_IRQHandler
                0x0000000008006c74                TIM1_UP_TIM10_IRQHandler
                0x0000000008006c74                TIM8_UP_TIM13_IRQHandler
                0x0000000008006c74                EXTI0_IRQHandler
                0x0000000008006c74                I2C2_EV_IRQHandler
                0x0000000008006c74                ADC1_2_IRQHandler
                0x0000000008006c74                TAMPER_IRQHandler
                0x0000000008006c74                TIM1_BRK_TIM9_IRQHandler
                0x0000000008006c74                DMA2_Channel2_IRQHandler
                0x0000000008006c74                DMA1_Channel4_IRQHandler
                0x0000000008006c74                USART3_IRQHandler
                0x0000000008006c74                RTC_IRQHandler
                0x0000000008006c74                DMA1_Channel7_IRQHandler
                0x0000000008006c74                CAN1_RX1_IRQHandler
                0x0000000008006c74                UART5_IRQHandler
                0x0000000008006c74                ADC3_IRQHandler
                0x0000000008006c74                TIM4_IRQHandler
                0x0000000008006c74                DMA2_Channel1_IRQHandler
                0x0000000008006c74                I2C1_EV_IRQHandler
                0x0000000008006c74                DMA1_Channel6_IRQHandler
                0x0000000008006c74                UART4_IRQHandler
                0x0000000008006c74                RCC_IRQHandler
                0x0000000008006c74                TIM8_BRK_TIM12_IRQHandler
                0x0000000008006c74                Default_Handler
                0x0000000008006c74                EXTI15_10_IRQHandler
                0x0000000008006c74                TIM7_IRQHandler
                0x0000000008006c74                TIM5_IRQHandler
                0x0000000008006c74                EXTI9_5_IRQHandler
                0x0000000008006c74                SPI2_IRQHandler
                0x0000000008006c74                DMA1_Channel5_IRQHandler
                0x0000000008006c74                EXTI4_IRQHandler
                0x0000000008006c74                USB_HP_CAN1_TX_IRQHandler
                0x0000000008006c74                DMA1_Channel3_IRQHandler
                0x0000000008006c74                FSMC_IRQHandler
                0x0000000008006c74                WWDG_IRQHandler
                0x0000000008006c74                TIM1_TRG_COM_TIM11_IRQHandler
                0x0000000008006c74                EXTI1_IRQHandler
                0x0000000008006c74                DMA2_Channel4_5_IRQHandler
                0x0000000008006c74                USART2_IRQHandler
                0x0000000008006c74                I2C2_ER_IRQHandler
                0x0000000008006c74                DMA1_Channel2_IRQHandler
                0x0000000008006c74                CAN1_SCE_IRQHandler
                0x0000000008006c74                FLASH_IRQHandler
                0x0000000008006c74                USART1_IRQHandler
                0x0000000008006c74                SPI3_IRQHandler
                0x0000000008006c74                I2C1_ER_IRQHandler
                0x0000000008006c74                USBWakeUp_IRQHandler
                0x0000000008006c74                DMA2_Channel3_IRQHandler
 *fill*         0x0000000008006c76        0x2 
 .text.HAL_Init
                0x0000000008006c78       0x2c ./Drivers/STM32F1xx_HAL_Driver/Src/stm32f1xx_hal.o
                0x0000000008006c78                HAL_Init
 .text.HAL_InitTick
                0x0000000008006ca4       0x60 ./Drivers/STM32F1xx_HAL_Driver/Src/stm32f1xx_hal.o
                0x0000000008006ca4                HAL_InitTick
 .text.HAL_IncTick
                0x0000000008006d04       0x24 ./Drivers/STM32F1xx_HAL_Driver/Src/stm32f1xx_hal.o
                0x0000000008006d04                HAL_IncTick
 .text.HAL_GetTick
                0x0000000008006d28       0x14 ./Drivers/STM32F1xx_HAL_Driver/Src/stm32f1xx_hal.o
                0x0000000008006d28                HAL_GetTick
 .text.HAL_Delay
                0x0000000008006d3c       0x48 ./Drivers/STM32F1xx_HAL_Driver/Src/stm32f1xx_hal.o
                0x0000000008006d3c                HAL_Delay
 .text.HAL_ADC_Init
                0x0000000008006d84      0x1d4 ./Drivers/STM32F1xx_HAL_Driver/Src/stm32f1xx_hal_adc.o
                0x0000000008006d84                HAL_ADC_Init
 .text.HAL_ADC_Start_DMA
                0x0000000008006f58      0x1bc ./Drivers/STM32F1xx_HAL_Driver/Src/stm32f1xx_hal_adc.o
                0x0000000008006f58                HAL_ADC_Start_DMA
 .text.HAL_ADC_ConvCpltCallback
                0x0000000008007114       0x12 ./Drivers/STM32F1xx_HAL_Driver/Src/stm32f1xx_hal_adc.o
                0x0000000008007114                HAL_ADC_ConvCpltCallback
 .text.HAL_ADC_ConvHalfCpltCallback
                0x0000000008007126       0x12 ./Drivers/STM32F1xx_HAL_Driver/Src/stm32f1xx_hal_adc.o
                0x0000000008007126                HAL_ADC_ConvHalfCpltCallback
 .text.HAL_ADC_ErrorCallback
                0x0000000008007138       0x12 ./Drivers/STM32F1xx_HAL_Driver/Src/stm32f1xx_hal_adc.o
                0x0000000008007138                HAL_ADC_ErrorCallback
 *fill*         0x000000000800714a        0x2 
 .text.HAL_ADC_ConfigChannel
                0x000000000800714c      0x1f0 ./Drivers/STM32F1xx_HAL_Driver/Src/stm32f1xx_hal_adc.o
                0x000000000800714c                HAL_ADC_ConfigChannel
 .text.ADC_Enable
                0x000000000800733c       0xb4 ./Drivers/STM32F1xx_HAL_Driver/Src/stm32f1xx_hal_adc.o
                0x000000000800733c                ADC_Enable
 .text.ADC_ConversionStop_Disable
                0x00000000080073f0       0x82 ./Drivers/STM32F1xx_HAL_Driver/Src/stm32f1xx_hal_adc.o
                0x00000000080073f0                ADC_ConversionStop_Disable
 .text.ADC_DMAConvCplt
                0x0000000008007472       0x7c ./Drivers/STM32F1xx_HAL_Driver/Src/stm32f1xx_hal_adc.o
                0x0000000008007472                ADC_DMAConvCplt
 .text.ADC_DMAHalfConvCplt
                0x00000000080074ee       0x1c ./Drivers/STM32F1xx_HAL_Driver/Src/stm32f1xx_hal_adc.o
                0x00000000080074ee                ADC_DMAHalfConvCplt
 .text.ADC_DMAError
                0x000000000800750a       0x34 ./Drivers/STM32F1xx_HAL_Driver/Src/stm32f1xx_hal_adc.o
                0x000000000800750a                ADC_DMAError
 .text.HAL_CAN_Init
                0x000000000800753e      0x1f6 ./Drivers/STM32F1xx_HAL_Driver/Src/stm32f1xx_hal_can.o
                0x000000000800753e                HAL_CAN_Init
 .text.HAL_CAN_ConfigFilter
                0x0000000008007734      0x192 ./Drivers/STM32F1xx_HAL_Driver/Src/stm32f1xx_hal_can.o
                0x0000000008007734                HAL_CAN_ConfigFilter
 .text.HAL_CAN_Start
                0x00000000080078c6       0x88 ./Drivers/STM32F1xx_HAL_Driver/Src/stm32f1xx_hal_can.o
                0x00000000080078c6                HAL_CAN_Start
 .text.HAL_CAN_AddTxMessage
                0x000000000800794e      0x1b4 ./Drivers/STM32F1xx_HAL_Driver/Src/stm32f1xx_hal_can.o
                0x000000000800794e                HAL_CAN_AddTxMessage
 .text.HAL_CAN_AbortTxRequest
                0x0000000008007b02       0x88 ./Drivers/STM32F1xx_HAL_Driver/Src/stm32f1xx_hal_can.o
                0x0000000008007b02                HAL_CAN_AbortTxRequest
 .text.HAL_CAN_GetTxMailboxesFreeLevel
                0x0000000008007b8a       0x68 ./Drivers/STM32F1xx_HAL_Driver/Src/stm32f1xx_hal_can.o
                0x0000000008007b8a                HAL_CAN_GetTxMailboxesFreeLevel
 .text.HAL_CAN_GetRxMessage
                0x0000000008007bf2      0x222 ./Drivers/STM32F1xx_HAL_Driver/Src/stm32f1xx_hal_can.o
                0x0000000008007bf2                HAL_CAN_GetRxMessage
 .text.HAL_CAN_ActivateNotification
                0x0000000008007e14       0x4a ./Drivers/STM32F1xx_HAL_Driver/Src/stm32f1xx_hal_can.o
                0x0000000008007e14                HAL_CAN_ActivateNotification
 .text.HAL_CAN_IRQHandler
                0x0000000008007e5e      0x36e ./Drivers/STM32F1xx_HAL_Driver/Src/stm32f1xx_hal_can.o
                0x0000000008007e5e                HAL_CAN_IRQHandler
 .text.HAL_CAN_TxMailbox0CompleteCallback
                0x00000000080081cc       0x12 ./Drivers/STM32F1xx_HAL_Driver/Src/stm32f1xx_hal_can.o
                0x00000000080081cc                HAL_CAN_TxMailbox0CompleteCallback
 .text.HAL_CAN_TxMailbox1CompleteCallback
                0x00000000080081de       0x12 ./Drivers/STM32F1xx_HAL_Driver/Src/stm32f1xx_hal_can.o
                0x00000000080081de                HAL_CAN_TxMailbox1CompleteCallback
 .text.HAL_CAN_TxMailbox2CompleteCallback
                0x00000000080081f0       0x12 ./Drivers/STM32F1xx_HAL_Driver/Src/stm32f1xx_hal_can.o
                0x00000000080081f0                HAL_CAN_TxMailbox2CompleteCallback
 .text.HAL_CAN_TxMailbox0AbortCallback
                0x0000000008008202       0x12 ./Drivers/STM32F1xx_HAL_Driver/Src/stm32f1xx_hal_can.o
                0x0000000008008202                HAL_CAN_TxMailbox0AbortCallback
 .text.HAL_CAN_TxMailbox1AbortCallback
                0x0000000008008214       0x12 ./Drivers/STM32F1xx_HAL_Driver/Src/stm32f1xx_hal_can.o
                0x0000000008008214                HAL_CAN_TxMailbox1AbortCallback
 .text.HAL_CAN_TxMailbox2AbortCallback
                0x0000000008008226       0x12 ./Drivers/STM32F1xx_HAL_Driver/Src/stm32f1xx_hal_can.o
                0x0000000008008226                HAL_CAN_TxMailbox2AbortCallback
 .text.HAL_CAN_RxFifo0FullCallback
                0x0000000008008238       0x12 ./Drivers/STM32F1xx_HAL_Driver/Src/stm32f1xx_hal_can.o
                0x0000000008008238                HAL_CAN_RxFifo0FullCallback
 .text.HAL_CAN_RxFifo1MsgPendingCallback
                0x000000000800824a       0x12 ./Drivers/STM32F1xx_HAL_Driver/Src/stm32f1xx_hal_can.o
                0x000000000800824a                HAL_CAN_RxFifo1MsgPendingCallback
 .text.HAL_CAN_RxFifo1FullCallback
                0x000000000800825c       0x12 ./Drivers/STM32F1xx_HAL_Driver/Src/stm32f1xx_hal_can.o
                0x000000000800825c                HAL_CAN_RxFifo1FullCallback
 .text.HAL_CAN_SleepCallback
                0x000000000800826e       0x12 ./Drivers/STM32F1xx_HAL_Driver/Src/stm32f1xx_hal_can.o
                0x000000000800826e                HAL_CAN_SleepCallback
 .text.HAL_CAN_WakeUpFromRxMsgCallback
                0x0000000008008280       0x12 ./Drivers/STM32F1xx_HAL_Driver/Src/stm32f1xx_hal_can.o
                0x0000000008008280                HAL_CAN_WakeUpFromRxMsgCallback
 .text.HAL_CAN_ErrorCallback
                0x0000000008008292       0x12 ./Drivers/STM32F1xx_HAL_Driver/Src/stm32f1xx_hal_can.o
                0x0000000008008292                HAL_CAN_ErrorCallback
 .text.__NVIC_SetPriorityGrouping
                0x00000000080082a4       0x48 ./Drivers/STM32F1xx_HAL_Driver/Src/stm32f1xx_hal_cortex.o
 .text.__NVIC_GetPriorityGrouping
                0x00000000080082ec       0x1c ./Drivers/STM32F1xx_HAL_Driver/Src/stm32f1xx_hal_cortex.o
 .text.__NVIC_EnableIRQ
                0x0000000008008308       0x38 ./Drivers/STM32F1xx_HAL_Driver/Src/stm32f1xx_hal_cortex.o
 .text.__NVIC_SetPriority
                0x0000000008008340       0x54 ./Drivers/STM32F1xx_HAL_Driver/Src/stm32f1xx_hal_cortex.o
 .text.NVIC_EncodePriority
                0x0000000008008394       0x64 ./Drivers/STM32F1xx_HAL_Driver/Src/stm32f1xx_hal_cortex.o
 .text.SysTick_Config
                0x00000000080083f8       0x44 ./Drivers/STM32F1xx_HAL_Driver/Src/stm32f1xx_hal_cortex.o
 .text.HAL_NVIC_SetPriorityGrouping
                0x000000000800843c       0x16 ./Drivers/STM32F1xx_HAL_Driver/Src/stm32f1xx_hal_cortex.o
                0x000000000800843c                HAL_NVIC_SetPriorityGrouping
 .text.HAL_NVIC_SetPriority
                0x0000000008008452       0x38 ./Drivers/STM32F1xx_HAL_Driver/Src/stm32f1xx_hal_cortex.o
                0x0000000008008452                HAL_NVIC_SetPriority
 .text.HAL_NVIC_EnableIRQ
                0x000000000800848a       0x1c ./Drivers/STM32F1xx_HAL_Driver/Src/stm32f1xx_hal_cortex.o
                0x000000000800848a                HAL_NVIC_EnableIRQ
 .text.HAL_SYSTICK_Config
                0x00000000080084a6       0x18 ./Drivers/STM32F1xx_HAL_Driver/Src/stm32f1xx_hal_cortex.o
                0x00000000080084a6                HAL_SYSTICK_Config
 *fill*         0x00000000080084be        0x2 
 .text.HAL_DMA_Init
                0x00000000080084c0       0xec ./Drivers/STM32F1xx_HAL_Driver/Src/stm32f1xx_hal_dma.o
                0x00000000080084c0                HAL_DMA_Init
 .text.HAL_DMA_Start_IT
                0x00000000080085ac       0xbe ./Drivers/STM32F1xx_HAL_Driver/Src/stm32f1xx_hal_dma.o
                0x00000000080085ac                HAL_DMA_Start_IT
 *fill*         0x000000000800866a        0x2 
 .text.HAL_DMA_Abort_IT
                0x000000000800866c      0x210 ./Drivers/STM32F1xx_HAL_Driver/Src/stm32f1xx_hal_dma.o
                0x000000000800866c                HAL_DMA_Abort_IT
 .text.HAL_DMA_IRQHandler
                0x000000000800887c      0x478 ./Drivers/STM32F1xx_HAL_Driver/Src/stm32f1xx_hal_dma.o
                0x000000000800887c                HAL_DMA_IRQHandler
 .text.DMA_SetConfig
                0x0000000008008cf4       0x5a ./Drivers/STM32F1xx_HAL_Driver/Src/stm32f1xx_hal_dma.o
 *fill*         0x0000000008008d4e        0x2 
 .text.HAL_GPIO_Init
                0x0000000008008d50      0x328 ./Drivers/STM32F1xx_HAL_Driver/Src/stm32f1xx_hal_gpio.o
                0x0000000008008d50                HAL_GPIO_Init
 .text.HAL_GPIO_WritePin
                0x0000000008009078       0x30 ./Drivers/STM32F1xx_HAL_Driver/Src/stm32f1xx_hal_gpio.o
                0x0000000008009078                HAL_GPIO_WritePin
 .text.HAL_GPIO_TogglePin
                0x00000000080090a8       0x32 ./Drivers/STM32F1xx_HAL_Driver/Src/stm32f1xx_hal_gpio.o
                0x00000000080090a8                HAL_GPIO_TogglePin
 *fill*         0x00000000080090da        0x2 
 .text.HAL_I2C_Init
                0x00000000080090dc      0x288 ./Drivers/STM32F1xx_HAL_Driver/Src/stm32f1xx_hal_i2c.o
                0x00000000080090dc                HAL_I2C_Init
 .text.HAL_I2C_Master_Transmit
                0x0000000008009364      0x1fc ./Drivers/STM32F1xx_HAL_Driver/Src/stm32f1xx_hal_i2c.o
                0x0000000008009364                HAL_I2C_Master_Transmit
 .text.HAL_I2C_Mem_Write
                0x0000000008009560      0x1f4 ./Drivers/STM32F1xx_HAL_Driver/Src/stm32f1xx_hal_i2c.o
                0x0000000008009560                HAL_I2C_Mem_Write
 .text.HAL_I2C_Mem_Read
                0x0000000008009754      0x4d0 ./Drivers/STM32F1xx_HAL_Driver/Src/stm32f1xx_hal_i2c.o
                0x0000000008009754                HAL_I2C_Mem_Read
 .text.HAL_I2C_IsDeviceReady
                0x0000000008009c24      0x25c ./Drivers/STM32F1xx_HAL_Driver/Src/stm32f1xx_hal_i2c.o
                0x0000000008009c24                HAL_I2C_IsDeviceReady
 .text.I2C_MasterRequestWrite
                0x0000000008009e80      0x104 ./Drivers/STM32F1xx_HAL_Driver/Src/stm32f1xx_hal_i2c.o
 .text.I2C_RequestMemoryWrite
                0x0000000008009f84      0x12c ./Drivers/STM32F1xx_HAL_Driver/Src/stm32f1xx_hal_i2c.o
 .text.I2C_RequestMemoryRead
                0x000000000800a0b0      0x1d0 ./Drivers/STM32F1xx_HAL_Driver/Src/stm32f1xx_hal_i2c.o
 .text.I2C_WaitOnFlagUntilTimeout
                0x000000000800a280       0xae ./Drivers/STM32F1xx_HAL_Driver/Src/stm32f1xx_hal_i2c.o
 .text.I2C_WaitOnMasterAddressFlagUntilTimeout
                0x000000000800a32e       0xfe ./Drivers/STM32F1xx_HAL_Driver/Src/stm32f1xx_hal_i2c.o
 .text.I2C_WaitOnTXEFlagUntilTimeout
                0x000000000800a42c       0x82 ./Drivers/STM32F1xx_HAL_Driver/Src/stm32f1xx_hal_i2c.o
 .text.I2C_WaitOnBTFFlagUntilTimeout
                0x000000000800a4ae       0x82 ./Drivers/STM32F1xx_HAL_Driver/Src/stm32f1xx_hal_i2c.o
 .text.I2C_WaitOnRXNEFlagUntilTimeout
                0x000000000800a530       0xac ./Drivers/STM32F1xx_HAL_Driver/Src/stm32f1xx_hal_i2c.o
 .text.I2C_IsAcknowledgeFailed
                0x000000000800a5dc       0x5c ./Drivers/STM32F1xx_HAL_Driver/Src/stm32f1xx_hal_i2c.o
 .text.HAL_IWDG_Init
                0x000000000800a638       0x84 ./Drivers/STM32F1xx_HAL_Driver/Src/stm32f1xx_hal_iwdg.o
                0x000000000800a638                HAL_IWDG_Init
 .text.HAL_IWDG_Refresh
                0x000000000800a6bc       0x1e ./Drivers/STM32F1xx_HAL_Driver/Src/stm32f1xx_hal_iwdg.o
                0x000000000800a6bc                HAL_IWDG_Refresh
 *fill*         0x000000000800a6da        0x2 
 .text.HAL_RCC_OscConfig
                0x000000000800a6dc      0x500 ./Drivers/STM32F1xx_HAL_Driver/Src/stm32f1xx_hal_rcc.o
                0x000000000800a6dc                HAL_RCC_OscConfig
 .text.HAL_RCC_ClockConfig
                0x000000000800abdc      0x1d4 ./Drivers/STM32F1xx_HAL_Driver/Src/stm32f1xx_hal_rcc.o
                0x000000000800abdc                HAL_RCC_ClockConfig
 .text.HAL_RCC_GetSysClockFreq
                0x000000000800adb0       0xc0 ./Drivers/STM32F1xx_HAL_Driver/Src/stm32f1xx_hal_rcc.o
                0x000000000800adb0                HAL_RCC_GetSysClockFreq
 .text.HAL_RCC_GetHCLKFreq
                0x000000000800ae70       0x14 ./Drivers/STM32F1xx_HAL_Driver/Src/stm32f1xx_hal_rcc.o
                0x000000000800ae70                HAL_RCC_GetHCLKFreq
 .text.HAL_RCC_GetPCLK1Freq
                0x000000000800ae84       0x28 ./Drivers/STM32F1xx_HAL_Driver/Src/stm32f1xx_hal_rcc.o
                0x000000000800ae84                HAL_RCC_GetPCLK1Freq
 .text.RCC_Delay
                0x000000000800aeac       0x3c ./Drivers/STM32F1xx_HAL_Driver/Src/stm32f1xx_hal_rcc.o
 .text.HAL_RCCEx_PeriphCLKConfig
                0x000000000800aee8      0x16c ./Drivers/STM32F1xx_HAL_Driver/Src/stm32f1xx_hal_rcc_ex.o
                0x000000000800aee8                HAL_RCCEx_PeriphCLKConfig
 .text.HAL_SPI_Init
                0x000000000800b054      0x108 ./Drivers/STM32F1xx_HAL_Driver/Src/stm32f1xx_hal_spi.o
                0x000000000800b054                HAL_SPI_Init
 .text.HAL_SPI_TransmitReceive
                0x000000000800b15c      0x344 ./Drivers/STM32F1xx_HAL_Driver/Src/stm32f1xx_hal_spi.o
                0x000000000800b15c                HAL_SPI_TransmitReceive
 .text.HAL_SPI_IRQHandler
                0x000000000800b4a0      0x1cc ./Drivers/STM32F1xx_HAL_Driver/Src/stm32f1xx_hal_spi.o
                0x000000000800b4a0                HAL_SPI_IRQHandler
 .text.HAL_SPI_ErrorCallback
                0x000000000800b66c       0x12 ./Drivers/STM32F1xx_HAL_Driver/Src/stm32f1xx_hal_spi.o
                0x000000000800b66c                HAL_SPI_ErrorCallback
 .text.SPI_DMAAbortOnError
                0x000000000800b67e       0x28 ./Drivers/STM32F1xx_HAL_Driver/Src/stm32f1xx_hal_spi.o
 *fill*         0x000000000800b6a6        0x2 
 .text.SPI_WaitFlagStateUntilTimeout
                0x000000000800b6a8      0x110 ./Drivers/STM32F1xx_HAL_Driver/Src/stm32f1xx_hal_spi.o
 .text.SPI_EndRxTxTransaction
                0x000000000800b7b8       0x3c ./Drivers/STM32F1xx_HAL_Driver/Src/stm32f1xx_hal_spi.o
 .text.HAL_TIM_Base_Init
                0x000000000800b7f4       0x9e ./Drivers/STM32F1xx_HAL_Driver/Src/stm32f1xx_hal_tim.o
                0x000000000800b7f4                HAL_TIM_Base_Init
 *fill*         0x000000000800b892        0x2 
 .text.HAL_TIM_Base_Start_IT
                0x000000000800b894       0xdc ./Drivers/STM32F1xx_HAL_Driver/Src/stm32f1xx_hal_tim.o
                0x000000000800b894                HAL_TIM_Base_Start_IT
 .text.HAL_TIM_IRQHandler
                0x000000000800b970      0x210 ./Drivers/STM32F1xx_HAL_Driver/Src/stm32f1xx_hal_tim.o
                0x000000000800b970                HAL_TIM_IRQHandler
 .text.HAL_TIM_ConfigClockSource
                0x000000000800bb80      0x188 ./Drivers/STM32F1xx_HAL_Driver/Src/stm32f1xx_hal_tim.o
                0x000000000800bb80                HAL_TIM_ConfigClockSource
 .text.HAL_TIM_PeriodElapsedCallback
                0x000000000800bd08       0x12 ./Drivers/STM32F1xx_HAL_Driver/Src/stm32f1xx_hal_tim.o
                0x000000000800bd08                HAL_TIM_PeriodElapsedCallback
 .text.HAL_TIM_OC_DelayElapsedCallback
                0x000000000800bd1a       0x12 ./Drivers/STM32F1xx_HAL_Driver/Src/stm32f1xx_hal_tim.o
                0x000000000800bd1a                HAL_TIM_OC_DelayElapsedCallback
 .text.HAL_TIM_IC_CaptureCallback
                0x000000000800bd2c       0x12 ./Drivers/STM32F1xx_HAL_Driver/Src/stm32f1xx_hal_tim.o
                0x000000000800bd2c                HAL_TIM_IC_CaptureCallback
 .text.HAL_TIM_PWM_PulseFinishedCallback
                0x000000000800bd3e       0x12 ./Drivers/STM32F1xx_HAL_Driver/Src/stm32f1xx_hal_tim.o
                0x000000000800bd3e                HAL_TIM_PWM_PulseFinishedCallback
 .text.HAL_TIM_TriggerCallback
                0x000000000800bd50       0x12 ./Drivers/STM32F1xx_HAL_Driver/Src/stm32f1xx_hal_tim.o
                0x000000000800bd50                HAL_TIM_TriggerCallback
 *fill*         0x000000000800bd62        0x2 
 .text.TIM_Base_SetConfig
                0x000000000800bd64      0x13c ./Drivers/STM32F1xx_HAL_Driver/Src/stm32f1xx_hal_tim.o
                0x000000000800bd64                TIM_Base_SetConfig
 .text.TIM_TI1_ConfigInputStage
                0x000000000800bea0       0x5c ./Drivers/STM32F1xx_HAL_Driver/Src/stm32f1xx_hal_tim.o
 .text.TIM_TI2_ConfigInputStage
                0x000000000800befc       0x5e ./Drivers/STM32F1xx_HAL_Driver/Src/stm32f1xx_hal_tim.o
 .text.TIM_ITRx_SetConfig
                0x000000000800bf5a       0x34 ./Drivers/STM32F1xx_HAL_Driver/Src/stm32f1xx_hal_tim.o
 .text.TIM_ETR_SetConfig
                0x000000000800bf8e       0x3e ./Drivers/STM32F1xx_HAL_Driver/Src/stm32f1xx_hal_tim.o
                0x000000000800bf8e                TIM_ETR_SetConfig
 .text.HAL_TIMEx_MasterConfigSynchronization
                0x000000000800bfcc       0xf4 ./Drivers/STM32F1xx_HAL_Driver/Src/stm32f1xx_hal_tim_ex.o
                0x000000000800bfcc                HAL_TIMEx_MasterConfigSynchronization
 .text.HAL_TIMEx_CommutCallback
                0x000000000800c0c0       0x12 ./Drivers/STM32F1xx_HAL_Driver/Src/stm32f1xx_hal_tim_ex.o
                0x000000000800c0c0                HAL_TIMEx_CommutCallback
 .text.HAL_TIMEx_BreakCallback
                0x000000000800c0d2       0x12 ./Drivers/STM32F1xx_HAL_Driver/Src/stm32f1xx_hal_tim_ex.o
                0x000000000800c0d2                HAL_TIMEx_BreakCallback
 .text._Z14Adbms6948_InitPK17Adbms6948_CfgType
                0x000000000800c0e4       0x18 ./Lib/Adbms6948/Adbms6948.o
                0x000000000800c0e4                Adbms6948_Init(Adbms6948_CfgType const*)
 .text._Z18Adbms6948_TrigCADCP24Adbms6948_TrigCADCInputsh
                0x000000000800c0fc       0x20 ./Lib/Adbms6948/Adbms6948.o
                0x000000000800c0fc                Adbms6948_TrigCADC(Adbms6948_TrigCADCInputs*, unsigned char)
 .text._Z19Adbms6948_TrigI1ADCP25Adbms6948_TrigI1ADCInputsh
                0x000000000800c11c       0x20 ./Lib/Adbms6948/Adbms6948.o
                0x000000000800c11c                Adbms6948_TrigI1ADC(Adbms6948_TrigI1ADCInputs*, unsigned char)
 .text._Z22Adbms6948_ReadCellVolt26Adbms6948_CellMeasDataType24Adbms6948_CellGrpSelTypePs21Adbms6948_SnapSelTypeh
                0x000000000800c13c       0x2c ./Lib/Adbms6948/Adbms6948.o
                0x000000000800c13c                Adbms6948_ReadCellVolt(Adbms6948_CellMeasDataType, Adbms6948_CellGrpSelType, short*, Adbms6948_SnapSelType, unsigned char)
 .text._Z21Adbms6948_ReadCurrent29Adbms6948_CurrentMeasDataType24Adbms6948_CurrentSelTypePl21Adbms6948_SnapSelTypeh
                0x000000000800c168       0x32 ./Lib/Adbms6948/Adbms6948.o
                0x000000000800c168                Adbms6948_ReadCurrent(Adbms6948_CurrentMeasDataType, Adbms6948_CurrentSelType, long*, Adbms6948_SnapSelType, unsigned char)
 .text._Z26adi_pal_ReportRuntimeErrorth
                0x000000000800c19a       0x1a ./Lib/Adbms6948/adi_bms_platform.o
                0x000000000800c19a                adi_pal_ReportRuntimeError(unsigned short, unsigned char)
 .text._Z14adi_pal_MemsetPhhm
                0x000000000800c1b4       0x22 ./Lib/Adbms6948/adi_bms_platform.o
                0x000000000800c1b4                adi_pal_Memset(unsigned char*, unsigned char, unsigned long)
 .text._Z14adi_pal_MemcpyPhS_m
                0x000000000800c1d6       0x1e ./Lib/Adbms6948/adi_bms_platform.o
                0x000000000800c1d6                adi_pal_Memcpy(unsigned char*, unsigned char*, unsigned long)
 .text._Z16adi_pal_SpiWritePhth
                0x000000000800c1f4       0x80 ./Lib/Adbms6948/adi_bms_platform.o
                0x000000000800c1f4                adi_pal_SpiWrite(unsigned char*, unsigned short, unsigned char)
 .text._Z21adi_pal_SpiWriteReadsPA12_hS0_mh
                0x000000000800c274      0x138 ./Lib/Adbms6948/adi_bms_platform.o
                0x000000000800c274                adi_pal_SpiWriteReads(unsigned char (*) [12], unsigned char (*) [12], unsigned long, unsigned char)
 .text._Z23adi_pal_SpiWriteReadAllPhS_mh
                0x000000000800c3ac       0x9c ./Lib/Adbms6948/adi_bms_platform.o
                0x000000000800c3ac                adi_pal_SpiWriteReadAll(unsigned char*, unsigned char*, unsigned long, unsigned char)
 .text._Z15adi_pal_IsErrorh
                0x000000000800c448       0x1a ./Lib/Adbms6948/adi_bms_platform.o
                0x000000000800c448                adi_pal_IsError(unsigned char)
 .text._Z18adi_pal_TimerDelaymh
                0x000000000800c462       0x1a ./Lib/Adbms6948/adi_bms_platform.o
                0x000000000800c462                adi_pal_TimerDelay(unsigned long, unsigned char)
 .text._Z25Adbms6948_Cmn_WakeUpBmsICh
                0x000000000800c47c       0x58 ./Lib/Adbms6948/lib/Adbms6948_Common.o
                0x000000000800c47c                Adbms6948_Cmn_WakeUpBmsIC(unsigned char)
 .text._Z30Adbms6948_Cmn_ReportRuntimeErrth
                0x000000000800c4d4       0x24 ./Lib/Adbms6948/lib/Adbms6948_Common.o
                0x000000000800c4d4                Adbms6948_Cmn_ReportRuntimeErr(unsigned short, unsigned char)
 .text._Z21Adbms6948_Cmn_IsErrorh
                0x000000000800c4f8       0x20 ./Lib/Adbms6948/lib/Adbms6948_Common.o
                0x000000000800c4f8                Adbms6948_Cmn_IsError(unsigned char)
 .text._Z25Adbms6948_Cmn_ValidatePECPhhhh
                0x000000000800c518      0x1c0 ./Lib/Adbms6948/lib/Adbms6948_Common.o
                0x000000000800c518                Adbms6948_Cmn_ValidatePEC(unsigned char*, unsigned char, unsigned char, unsigned char)
 .text._Z26Adbms6948_Cmn_VerifyCmdCnthh
                0x000000000800c6d8       0x3c ./Lib/Adbms6948/lib/Adbms6948_Common.o
                0x000000000800c6d8                Adbms6948_Cmn_VerifyCmdCnt(unsigned char, unsigned char)
 .text._Z23Adbms6948_Cmn_InitChainh
                0x000000000800c714      0x400 ./Lib/Adbms6948/lib/Adbms6948_Common.o
                0x000000000800c714                Adbms6948_Cmn_InitChain(unsigned char)
 .text._Z24Adbms6948_discharge_cellt
                0x000000000800cb14      0x15c ./Lib/Adbms6948/lib/Adbms6948_Common.o
                0x000000000800cb14                Adbms6948_discharge_cell(unsigned short)
 .text._Z26Adbms6948_Cmn_ReadRegGroupPtPA12_hhh
                0x000000000800cc70      0x180 ./Lib/Adbms6948/lib/Adbms6948_Common.o
                0x000000000800cc70                Adbms6948_Cmn_ReadRegGroup(unsigned short*, unsigned char (*) [12], unsigned char, unsigned char)
 .text._Z30Adbms6948_Cmn_ReadAllRegGroupstPhhh
                0x000000000800cdf0       0x5a ./Lib/Adbms6948/lib/Adbms6948_Common.o
                0x000000000800cdf0                Adbms6948_Cmn_ReadAllRegGroups(unsigned short, unsigned char*, unsigned char, unsigned char)
 .text._Z29Adbms6948_Cmn_SendCommandOnlythh
                0x000000000800ce4a       0x26 ./Lib/Adbms6948/lib/Adbms6948_Common.o
                0x000000000800ce4a                Adbms6948_Cmn_SendCommandOnly(unsigned short, unsigned char, unsigned char)
 .text._Z34Adbms6948_Cmn_IsInvalidSnapSelType21Adbms6948_SnapSelType
                0x000000000800ce70       0x28 ./Lib/Adbms6948/lib/Adbms6948_Common.o
                0x000000000800ce70                Adbms6948_Cmn_IsInvalidSnapSelType(Adbms6948_SnapSelType)
 .text._Z31Adbms6948_Cmn_UpdateChainStatus24Adbms6948_ChainStateTypeh
                0x000000000800ce98       0x68 ./Lib/Adbms6948/lib/Adbms6948_Common.o
                0x000000000800ce98                Adbms6948_Cmn_UpdateChainStatus(Adbms6948_ChainStateType, unsigned char)
 .text._Z34Adbms6948_Cmn_EnterCriticalSectionv
                0x000000000800cf00        0xc ./Lib/Adbms6948/lib/Adbms6948_Common.o
                0x000000000800cf00                Adbms6948_Cmn_EnterCriticalSection()
 .text._Z33Adbms6948_Cmn_ExitCriticalSectionv
                0x000000000800cf0c        0xc ./Lib/Adbms6948/lib/Adbms6948_Common.o
                0x000000000800cf0c                Adbms6948_Cmn_ExitCriticalSection()
 .text._Z20Adbms6948_Cmn_MemsetPhhm
                0x000000000800cf18       0x22 ./Lib/Adbms6948/lib/Adbms6948_Common.o
                0x000000000800cf18                Adbms6948_Cmn_Memset(unsigned char*, unsigned char, unsigned long)
 .text._Z20Adbms6948_Cmn_MemcpyPhS_m
                0x000000000800cf3a       0x1e ./Lib/Adbms6948/lib/Adbms6948_Common.o
                0x000000000800cf3a                Adbms6948_Cmn_Memcpy(unsigned char*, unsigned char*, unsigned long)
 .text._ZL26Adbms6948_lInitMaxCellGrpsh
                0x000000000800cf58       0xd8 ./Lib/Adbms6948/lib/Adbms6948_Common.o
 .text._ZL25Adbms6948_lPrepConfigBufftPA12_hPhS1_h
                0x000000000800d030       0x6c ./Lib/Adbms6948/lib/Adbms6948_Common.o
 .text._Z18Adbms6948_Int_InitPK17Adbms6948_CfgType
                0x000000000800d09c       0xc4 ./Lib/Adbms6948/lib/Adbms6948_Config.o
                0x000000000800d09c                Adbms6948_Int_Init(Adbms6948_CfgType const*)
 .text._ZL26Adbms6948_lIsInvalidConfigPK17Adbms6948_CfgType
                0x000000000800d160       0x88 ./Lib/Adbms6948/lib/Adbms6948_Config.o
 .text._ZL23Adbms6948_lPrepareChainh
                0x000000000800d1e8       0x5c ./Lib/Adbms6948/lib/Adbms6948_Config.o
 .text._Z21Adbms6948_Cmd_ExecCmdthh
                0x000000000800d244       0xfc ./Lib/Adbms6948/lib/Adbms6948_ExecCmd.o
                0x000000000800d244                Adbms6948_Cmd_ExecCmd(unsigned short, unsigned char, unsigned char)
 .text._Z26Adbms6948_Cmd_ExecuteCmdWRtPhh
                0x000000000800d340      0x178 ./Lib/Adbms6948/lib/Adbms6948_ExecCmd.o
                0x000000000800d340                Adbms6948_Cmd_ExecuteCmdWR(unsigned short, unsigned char*, unsigned char)
 .text._Z26Adbms6948_Cmd_ExecuteCmdRDPtPA12_hmhh
                0x000000000800d4b8      0x19a ./Lib/Adbms6948/lib/Adbms6948_ExecCmd.o
                0x000000000800d4b8                Adbms6948_Cmd_ExecuteCmdRD(unsigned short*, unsigned char (*) [12], unsigned long, unsigned char, unsigned char)
 .text._Z28Adbms6948_Cmd_SendDummyBytesPhhh
                0x000000000800d652       0x26 ./Lib/Adbms6948/lib/Adbms6948_ExecCmd.o
                0x000000000800d652                Adbms6948_Cmd_SendDummyBytes(unsigned char*, unsigned char, unsigned char)
 .text._ZL26Adbms6948_lIncCmdCntAllDevh
                0x000000000800d678       0xbc ./Lib/Adbms6948/lib/Adbms6948_ExecCmd.o
 .text._Z29Adbms6948_Cmd_ExecuteCmdRDAllPhthhh
                0x000000000800d734       0xaa ./Lib/Adbms6948/lib/Adbms6948_ExecCmd.o
                0x000000000800d734                Adbms6948_Cmd_ExecuteCmdRDAll(unsigned char*, unsigned short, unsigned char, unsigned char, unsigned char)
 *fill*         0x000000000800d7de        0x2 
 .text._Z22Adbms6948_Int_TrigCADCP24Adbms6948_TrigCADCInputsh
                0x000000000800d7e0      0x10c ./Lib/Adbms6948/lib/Adbms6948_Measure.o
                0x000000000800d7e0                Adbms6948_Int_TrigCADC(Adbms6948_TrigCADCInputs*, unsigned char)
 .text._Z23Adbms6948_Int_TrigI1ADCP25Adbms6948_TrigI1ADCInputsh
                0x000000000800d8ec       0xe8 ./Lib/Adbms6948/lib/Adbms6948_Measure.o
                0x000000000800d8ec                Adbms6948_Int_TrigI1ADC(Adbms6948_TrigI1ADCInputs*, unsigned char)
 .text._Z29Adbms6948_Int_ReadAllCellVolt26Adbms6948_CellMeasDataTypePs21Adbms6948_SnapSelTypeh
                0x000000000800d9d4       0xd8 ./Lib/Adbms6948/lib/Adbms6948_Measure.o
                0x000000000800d9d4                Adbms6948_Int_ReadAllCellVolt(Adbms6948_CellMeasDataType, short*, Adbms6948_SnapSelType, unsigned char)
 .text._Z25Adbms6948_Int_ReadCurrent29Adbms6948_CurrentMeasDataType24Adbms6948_CurrentSelTypePl21Adbms6948_SnapSelTypeh
                0x000000000800daac       0xec ./Lib/Adbms6948/lib/Adbms6948_Measure.o
                0x000000000800daac                Adbms6948_Int_ReadCurrent(Adbms6948_CurrentMeasDataType, Adbms6948_CurrentSelType, long*, Adbms6948_SnapSelType, unsigned char)
 .text._ZL21Adbms6948_lGetCellCmd26Adbms6948_CellMeasDataType24Adbms6948_CellGrpSelTypePth
                0x000000000800db98       0x58 ./Lib/Adbms6948/lib/Adbms6948_Measure.o
 .text._ZL26Adbms6948_lReadAllCellVolt26Adbms6948_CellMeasDataTypePs21Adbms6948_SnapSelTypeh
                0x000000000800dbf0      0x16c ./Lib/Adbms6948/lib/Adbms6948_Measure.o
 .text._ZL22Adbms6948_lReadCurrent29Adbms6948_CurrentMeasDataType24Adbms6948_CurrentSelTypePl21Adbms6948_SnapSelTypeh
                0x000000000800dd5c      0x2f8 ./Lib/Adbms6948/lib/Adbms6948_Measure.o
 .text._ZL36Adbms6948_lIsInvalidCellMeasDataType26Adbms6948_CellMeasDataType
                0x000000000800e054       0x28 ./Lib/Adbms6948/lib/Adbms6948_Measure.o
 .text._ZL39Adbms6948_lIsInvalidCurrentMeasDataType29Adbms6948_CurrentMeasDataType
                0x000000000800e07c       0x28 ./Lib/Adbms6948/lib/Adbms6948_Measure.o
 .text._ZL34Adbms6948_lIsInvalidCurrentSelType24Adbms6948_CurrentSelType
                0x000000000800e0a4       0x28 ./Lib/Adbms6948/lib/Adbms6948_Measure.o
 .text._Z24Adbms6948_Pec15CalculatePhh
                0x000000000800e0cc       0x68 ./Lib/Adbms6948/lib/Adbms6948_Pec.o
                0x000000000800e0cc                Adbms6948_Pec15Calculate(unsigned char*, unsigned char)
 .text._Z24Adbms6948_Pec10CalculatePhhh
                0x000000000800e134       0xbc ./Lib/Adbms6948/lib/Adbms6948_Pec.o
                0x000000000800e134                Adbms6948_Pec10Calculate(unsigned char*, unsigned char, unsigned char)
 .text._Z14Adbms_Delay_usm
                0x000000000800e1f0       0x38 ./Lib/Adbms6948/utils/timer.o
                0x000000000800e1f0                Adbms_Delay_us(unsigned long)
 .text.log      0x000000000800e228       0x74 c:/st/stm32cubeide_1.7.0/stm32cubeide/plugins/com.st.stm32cube.ide.mcu.externaltools.gnu-tools-for-stm32.9-2020-q2-update.win32_2.0.0.202105311346/tools/bin/../lib/gcc/arm-none-eabi/9.3.1/../../../../arm-none-eabi/lib/thumb/v7-m/nofp\libm.a(lib_a-w_log.o)
                0x000000000800e228                log
 *fill*         0x000000000800e29c        0x4 
 .text.__ieee754_log
                0x000000000800e2a0      0x364 c:/st/stm32cubeide_1.7.0/stm32cubeide/plugins/com.st.stm32cube.ide.mcu.externaltools.gnu-tools-for-stm32.9-2020-q2-update.win32_2.0.0.202105311346/tools/bin/../lib/gcc/arm-none-eabi/9.3.1/../../../../arm-none-eabi/lib/thumb/v7-m/nofp\libm.a(lib_a-e_log.o)
                0x000000000800e2a0                __ieee754_log
 .text.nan      0x000000000800e604        0xc c:/st/stm32cubeide_1.7.0/stm32cubeide/plugins/com.st.stm32cube.ide.mcu.externaltools.gnu-tools-for-stm32.9-2020-q2-update.win32_2.0.0.202105311346/tools/bin/../lib/gcc/arm-none-eabi/9.3.1/../../../../arm-none-eabi/lib/thumb/v7-m/nofp\libm.a(lib_a-s_nan.o)
                0x000000000800e604                nan
 .text.__errno  0x000000000800e610        0xc c:/st/stm32cubeide_1.7.0/stm32cubeide/plugins/com.st.stm32cube.ide.mcu.externaltools.gnu-tools-for-stm32.9-2020-q2-update.win32_2.0.0.202105311346/tools/bin/../lib/gcc/arm-none-eabi/9.3.1/../../../../arm-none-eabi/lib/thumb/v7-m/nofp\libc_nano.a(lib_a-errno.o)
                0x000000000800e610                __errno
 .text.__libc_init_array
                0x000000000800e61c       0x48 c:/st/stm32cubeide_1.7.0/stm32cubeide/plugins/com.st.stm32cube.ide.mcu.externaltools.gnu-tools-for-stm32.9-2020-q2-update.win32_2.0.0.202105311346/tools/bin/../lib/gcc/arm-none-eabi/9.3.1/../../../../arm-none-eabi/lib/thumb/v7-m/nofp\libc_nano.a(lib_a-init.o)
                0x000000000800e61c                __libc_init_array
 .text.__itoa   0x000000000800e664       0x30 c:/st/stm32cubeide_1.7.0/stm32cubeide/plugins/com.st.stm32cube.ide.mcu.externaltools.gnu-tools-for-stm32.9-2020-q2-update.win32_2.0.0.202105311346/tools/bin/../lib/gcc/arm-none-eabi/9.3.1/../../../../arm-none-eabi/lib/thumb/v7-m/nofp\libc_nano.a(lib_a-itoa.o)
                0x000000000800e664                __itoa
 .text.itoa     0x000000000800e694        0x4 c:/st/stm32cubeide_1.7.0/stm32cubeide/plugins/com.st.stm32cube.ide.mcu.externaltools.gnu-tools-for-stm32.9-2020-q2-update.win32_2.0.0.202105311346/tools/bin/../lib/gcc/arm-none-eabi/9.3.1/../../../../arm-none-eabi/lib/thumb/v7-m/nofp\libc_nano.a(lib_a-itoa.o)
                0x000000000800e694                itoa
 .text.memcpy   0x000000000800e698       0x1c c:/st/stm32cubeide_1.7.0/stm32cubeide/plugins/com.st.stm32cube.ide.mcu.externaltools.gnu-tools-for-stm32.9-2020-q2-update.win32_2.0.0.202105311346/tools/bin/../lib/gcc/arm-none-eabi/9.3.1/../../../../arm-none-eabi/lib/thumb/v7-m/nofp\libc_nano.a(lib_a-memcpy-stub.o)
                0x000000000800e698                memcpy
 .text.memset   0x000000000800e6b4       0x10 c:/st/stm32cubeide_1.7.0/stm32cubeide/plugins/com.st.stm32cube.ide.mcu.externaltools.gnu-tools-for-stm32.9-2020-q2-update.win32_2.0.0.202105311346/tools/bin/../lib/gcc/arm-none-eabi/9.3.1/../../../../arm-none-eabi/lib/thumb/v7-m/nofp\libc_nano.a(lib_a-memset.o)
                0x000000000800e6b4                memset
 .text.__cvt    0x000000000800e6c4       0xbe c:/st/stm32cubeide_1.7.0/stm32cubeide/plugins/com.st.stm32cube.ide.mcu.externaltools.gnu-tools-for-stm32.9-2020-q2-update.win32_2.0.0.202105311346/tools/bin/../lib/gcc/arm-none-eabi/9.3.1/../../../../arm-none-eabi/lib/thumb/v7-m/nofp\libc_nano.a(lib_a-nano-vfprintf_float.o)
                0x000000000800e6c4                __cvt
 .text.__exponent
                0x000000000800e782       0x7c c:/st/stm32cubeide_1.7.0/stm32cubeide/plugins/com.st.stm32cube.ide.mcu.externaltools.gnu-tools-for-stm32.9-2020-q2-update.win32_2.0.0.202105311346/tools/bin/../lib/gcc/arm-none-eabi/9.3.1/../../../../arm-none-eabi/lib/thumb/v7-m/nofp\libc_nano.a(lib_a-nano-vfprintf_float.o)
                0x000000000800e782                __exponent
 *fill*         0x000000000800e7fe        0x2 
 .text._printf_float
                0x000000000800e800      0x458 c:/st/stm32cubeide_1.7.0/stm32cubeide/plugins/com.st.stm32cube.ide.mcu.externaltools.gnu-tools-for-stm32.9-2020-q2-update.win32_2.0.0.202105311346/tools/bin/../lib/gcc/arm-none-eabi/9.3.1/../../../../arm-none-eabi/lib/thumb/v7-m/nofp\libc_nano.a(lib_a-nano-vfprintf_float.o)
                0x000000000800e800                _printf_float
 .text._printf_common
                0x000000000800ec58       0xde c:/st/stm32cubeide_1.7.0/stm32cubeide/plugins/com.st.stm32cube.ide.mcu.externaltools.gnu-tools-for-stm32.9-2020-q2-update.win32_2.0.0.202105311346/tools/bin/../lib/gcc/arm-none-eabi/9.3.1/../../../../arm-none-eabi/lib/thumb/v7-m/nofp\libc_nano.a(lib_a-nano-vfprintf_i.o)
                0x000000000800ec58                _printf_common
 *fill*         0x000000000800ed36        0x2 
 .text._printf_i
                0x000000000800ed38      0x24c c:/st/stm32cubeide_1.7.0/stm32cubeide/plugins/com.st.stm32cube.ide.mcu.externaltools.gnu-tools-for-stm32.9-2020-q2-update.win32_2.0.0.202105311346/tools/bin/../lib/gcc/arm-none-eabi/9.3.1/../../../../arm-none-eabi/lib/thumb/v7-m/nofp\libc_nano.a(lib_a-nano-vfprintf_i.o)
                0x000000000800ed38                _printf_i
 .text._scanf_float
                0x000000000800ef84      0x424 c:/st/stm32cubeide_1.7.0/stm32cubeide/plugins/com.st.stm32cube.ide.mcu.externaltools.gnu-tools-for-stm32.9-2020-q2-update.win32_2.0.0.202105311346/tools/bin/../lib/gcc/arm-none-eabi/9.3.1/../../../../arm-none-eabi/lib/thumb/v7-m/nofp\libc_nano.a(lib_a-nano-vfscanf_float.o)
                0x000000000800ef84                _scanf_float
 .text._puts_r  0x000000000800f3a8       0xdc c:/st/stm32cubeide_1.7.0/stm32cubeide/plugins/com.st.stm32cube.ide.mcu.externaltools.gnu-tools-for-stm32.9-2020-q2-update.win32_2.0.0.202105311346/tools/bin/../lib/gcc/arm-none-eabi/9.3.1/../../../../arm-none-eabi/lib/thumb/v7-m/nofp\libc_nano.a(lib_a-puts.o)
                0x000000000800f3a8                _puts_r
 .text.puts     0x000000000800f484       0x10 c:/st/stm32cubeide_1.7.0/stm32cubeide/plugins/com.st.stm32cube.ide.mcu.externaltools.gnu-tools-for-stm32.9-2020-q2-update.win32_2.0.0.202105311346/tools/bin/../lib/gcc/arm-none-eabi/9.3.1/../../../../arm-none-eabi/lib/thumb/v7-m/nofp\libc_nano.a(lib_a-puts.o)
                0x000000000800f484                puts
 .text.nanf     0x000000000800f494        0x8 c:/st/stm32cubeide_1.7.0/stm32cubeide/plugins/com.st.stm32cube.ide.mcu.externaltools.gnu-tools-for-stm32.9-2020-q2-update.win32_2.0.0.202105311346/tools/bin/../lib/gcc/arm-none-eabi/9.3.1/../../../../arm-none-eabi/lib/thumb/v7-m/nofp\libc_nano.a(lib_a-sf_nan.o)
                0x000000000800f494                nanf
 .text.sprintf  0x000000000800f49c       0x40 c:/st/stm32cubeide_1.7.0/stm32cubeide/plugins/com.st.stm32cube.ide.mcu.externaltools.gnu-tools-for-stm32.9-2020-q2-update.win32_2.0.0.202105311346/tools/bin/../lib/gcc/arm-none-eabi/9.3.1/../../../../arm-none-eabi/lib/thumb/v7-m/nofp\libc_nano.a(lib_a-sprintf.o)
                0x000000000800f49c                siprintf
                0x000000000800f49c                sprintf
 .text.sulp     0x000000000800f4dc       0x42 c:/st/stm32cubeide_1.7.0/stm32cubeide/plugins/com.st.stm32cube.ide.mcu.externaltools.gnu-tools-for-stm32.9-2020-q2-update.win32_2.0.0.202105311346/tools/bin/../lib/gcc/arm-none-eabi/9.3.1/../../../../arm-none-eabi/lib/thumb/v7-m/nofp\libc_nano.a(lib_a-strtod.o)
 *fill*         0x000000000800f51e        0x2 
 .text._strtod_l
                0x000000000800f520      0xbe8 c:/st/stm32cubeide_1.7.0/stm32cubeide/plugins/com.st.stm32cube.ide.mcu.externaltools.gnu-tools-for-stm32.9-2020-q2-update.win32_2.0.0.202105311346/tools/bin/../lib/gcc/arm-none-eabi/9.3.1/../../../../arm-none-eabi/lib/thumb/v7-m/nofp\libc_nano.a(lib_a-strtod.o)
                0x000000000800f520                _strtod_l
 .text._strtod_r
                0x0000000008010108        0xc c:/st/stm32cubeide_1.7.0/stm32cubeide/plugins/com.st.stm32cube.ide.mcu.externaltools.gnu-tools-for-stm32.9-2020-q2-update.win32_2.0.0.202105311346/tools/bin/../lib/gcc/arm-none-eabi/9.3.1/../../../../arm-none-eabi/lib/thumb/v7-m/nofp\libc_nano.a(lib_a-strtod.o)
                0x0000000008010108                _strtod_r
 .text._strtol_l.isra.0
                0x0000000008010114      0x10c c:/st/stm32cubeide_1.7.0/stm32cubeide/plugins/com.st.stm32cube.ide.mcu.externaltools.gnu-tools-for-stm32.9-2020-q2-update.win32_2.0.0.202105311346/tools/bin/../lib/gcc/arm-none-eabi/9.3.1/../../../../arm-none-eabi/lib/thumb/v7-m/nofp\libc_nano.a(lib_a-strtol.o)
 .text._strtol_r
                0x0000000008010220        0x4 c:/st/stm32cubeide_1.7.0/stm32cubeide/plugins/com.st.stm32cube.ide.mcu.externaltools.gnu-tools-for-stm32.9-2020-q2-update.win32_2.0.0.202105311346/tools/bin/../lib/gcc/arm-none-eabi/9.3.1/../../../../arm-none-eabi/lib/thumb/v7-m/nofp\libc_nano.a(lib_a-strtol.o)
                0x0000000008010220                _strtol_r
 .text.__utoa   0x0000000008010224       0x84 c:/st/stm32cubeide_1.7.0/stm32cubeide/plugins/com.st.stm32cube.ide.mcu.externaltools.gnu-tools-for-stm32.9-2020-q2-update.win32_2.0.0.202105311346/tools/bin/../lib/gcc/arm-none-eabi/9.3.1/../../../../arm-none-eabi/lib/thumb/v7-m/nofp\libc_nano.a(lib_a-utoa.o)
                0x0000000008010224                __utoa
 .text.__swbuf_r
                0x00000000080102a8       0xa4 c:/st/stm32cubeide_1.7.0/stm32cubeide/plugins/com.st.stm32cube.ide.mcu.externaltools.gnu-tools-for-stm32.9-2020-q2-update.win32_2.0.0.202105311346/tools/bin/../lib/gcc/arm-none-eabi/9.3.1/../../../../arm-none-eabi/lib/thumb/v7-m/nofp\libc_nano.a(lib_a-wbuf.o)
                0x00000000080102a8                __swbuf_r
 .text.__swsetup_r
                0x000000000801034c       0xdc c:/st/stm32cubeide_1.7.0/stm32cubeide/plugins/com.st.stm32cube.ide.mcu.externaltools.gnu-tools-for-stm32.9-2020-q2-update.win32_2.0.0.202105311346/tools/bin/../lib/gcc/arm-none-eabi/9.3.1/../../../../arm-none-eabi/lib/thumb/v7-m/nofp\libc_nano.a(lib_a-wsetup.o)
                0x000000000801034c                __swsetup_r
 .text.quorem   0x0000000008010428      0x11a c:/st/stm32cubeide_1.7.0/stm32cubeide/plugins/com.st.stm32cube.ide.mcu.externaltools.gnu-tools-for-stm32.9-2020-q2-update.win32_2.0.0.202105311346/tools/bin/../lib/gcc/arm-none-eabi/9.3.1/../../../../arm-none-eabi/lib/thumb/v7-m/nofp\libc_nano.a(lib_a-dtoa.o)
 *fill*         0x0000000008010542        0x6 
 .text._dtoa_r  0x0000000008010548      0xbdc c:/st/stm32cubeide_1.7.0/stm32cubeide/plugins/com.st.stm32cube.ide.mcu.externaltools.gnu-tools-for-stm32.9-2020-q2-update.win32_2.0.0.202105311346/tools/bin/../lib/gcc/arm-none-eabi/9.3.1/../../../../arm-none-eabi/lib/thumb/v7-m/nofp\libc_nano.a(lib_a-dtoa.o)
                0x0000000008010548                _dtoa_r
 .text.__sflush_r
                0x0000000008011124      0x10c c:/st/stm32cubeide_1.7.0/stm32cubeide/plugins/com.st.stm32cube.ide.mcu.externaltools.gnu-tools-for-stm32.9-2020-q2-update.win32_2.0.0.202105311346/tools/bin/../lib/gcc/arm-none-eabi/9.3.1/../../../../arm-none-eabi/lib/thumb/v7-m/nofp\libc_nano.a(lib_a-fflush.o)
                0x0000000008011124                __sflush_r
 .text._fflush_r
                0x0000000008011230       0x78 c:/st/stm32cubeide_1.7.0/stm32cubeide/plugins/com.st.stm32cube.ide.mcu.externaltools.gnu-tools-for-stm32.9-2020-q2-update.win32_2.0.0.202105311346/tools/bin/../lib/gcc/arm-none-eabi/9.3.1/../../../../arm-none-eabi/lib/thumb/v7-m/nofp\libc_nano.a(lib_a-fflush.o)
                0x0000000008011230                _fflush_r
 .text.std      0x00000000080112a8       0x48 c:/st/stm32cubeide_1.7.0/stm32cubeide/plugins/com.st.stm32cube.ide.mcu.externaltools.gnu-tools-for-stm32.9-2020-q2-update.win32_2.0.0.202105311346/tools/bin/../lib/gcc/arm-none-eabi/9.3.1/../../../../arm-none-eabi/lib/thumb/v7-m/nofp\libc_nano.a(lib_a-findfp.o)
 .text._cleanup_r
                0x00000000080112f0        0xc c:/st/stm32cubeide_1.7.0/stm32cubeide/plugins/com.st.stm32cube.ide.mcu.externaltools.gnu-tools-for-stm32.9-2020-q2-update.win32_2.0.0.202105311346/tools/bin/../lib/gcc/arm-none-eabi/9.3.1/../../../../arm-none-eabi/lib/thumb/v7-m/nofp\libc_nano.a(lib_a-findfp.o)
                0x00000000080112f0                _cleanup_r
 .text.__sfmoreglue
                0x00000000080112fc       0x2c c:/st/stm32cubeide_1.7.0/stm32cubeide/plugins/com.st.stm32cube.ide.mcu.externaltools.gnu-tools-for-stm32.9-2020-q2-update.win32_2.0.0.202105311346/tools/bin/../lib/gcc/arm-none-eabi/9.3.1/../../../../arm-none-eabi/lib/thumb/v7-m/nofp\libc_nano.a(lib_a-findfp.o)
                0x00000000080112fc                __sfmoreglue
 .text.__sfp_lock_acquire
                0x0000000008011328        0xc c:/st/stm32cubeide_1.7.0/stm32cubeide/plugins/com.st.stm32cube.ide.mcu.externaltools.gnu-tools-for-stm32.9-2020-q2-update.win32_2.0.0.202105311346/tools/bin/../lib/gcc/arm-none-eabi/9.3.1/../../../../arm-none-eabi/lib/thumb/v7-m/nofp\libc_nano.a(lib_a-findfp.o)
                0x0000000008011328                __sfp_lock_acquire
 .text.__sfp_lock_release
                0x0000000008011334        0xc c:/st/stm32cubeide_1.7.0/stm32cubeide/plugins/com.st.stm32cube.ide.mcu.externaltools.gnu-tools-for-stm32.9-2020-q2-update.win32_2.0.0.202105311346/tools/bin/../lib/gcc/arm-none-eabi/9.3.1/../../../../arm-none-eabi/lib/thumb/v7-m/nofp\libc_nano.a(lib_a-findfp.o)
                0x0000000008011334                __sfp_lock_release
 .text.__sinit_lock_acquire
                0x0000000008011340        0xc c:/st/stm32cubeide_1.7.0/stm32cubeide/plugins/com.st.stm32cube.ide.mcu.externaltools.gnu-tools-for-stm32.9-2020-q2-update.win32_2.0.0.202105311346/tools/bin/../lib/gcc/arm-none-eabi/9.3.1/../../../../arm-none-eabi/lib/thumb/v7-m/nofp\libc_nano.a(lib_a-findfp.o)
                0x0000000008011340                __sinit_lock_acquire
 .text.__sinit_lock_release
                0x000000000801134c        0xc c:/st/stm32cubeide_1.7.0/stm32cubeide/plugins/com.st.stm32cube.ide.mcu.externaltools.gnu-tools-for-stm32.9-2020-q2-update.win32_2.0.0.202105311346/tools/bin/../lib/gcc/arm-none-eabi/9.3.1/../../../../arm-none-eabi/lib/thumb/v7-m/nofp\libc_nano.a(lib_a-findfp.o)
                0x000000000801134c                __sinit_lock_release
 .text.__sinit  0x0000000008011358       0x70 c:/st/stm32cubeide_1.7.0/stm32cubeide/plugins/com.st.stm32cube.ide.mcu.externaltools.gnu-tools-for-stm32.9-2020-q2-update.win32_2.0.0.202105311346/tools/bin/../lib/gcc/arm-none-eabi/9.3.1/../../../../arm-none-eabi/lib/thumb/v7-m/nofp\libc_nano.a(lib_a-findfp.o)
                0x0000000008011358                __sinit
 .text.__sfp    0x00000000080113c8       0x8c c:/st/stm32cubeide_1.7.0/stm32cubeide/plugins/com.st.stm32cube.ide.mcu.externaltools.gnu-tools-for-stm32.9-2020-q2-update.win32_2.0.0.202105311346/tools/bin/../lib/gcc/arm-none-eabi/9.3.1/../../../../arm-none-eabi/lib/thumb/v7-m/nofp\libc_nano.a(lib_a-findfp.o)
                0x00000000080113c8                __sfp
 .text._fwalk_reent
                0x0000000008011454       0x3e c:/st/stm32cubeide_1.7.0/stm32cubeide/plugins/com.st.stm32cube.ide.mcu.externaltools.gnu-tools-for-stm32.9-2020-q2-update.win32_2.0.0.202105311346/tools/bin/../lib/gcc/arm-none-eabi/9.3.1/../../../../arm-none-eabi/lib/thumb/v7-m/nofp\libc_nano.a(lib_a-fwalk.o)
                0x0000000008011454                _fwalk_reent
 .text.rshift   0x0000000008011492       0xa6 c:/st/stm32cubeide_1.7.0/stm32cubeide/plugins/com.st.stm32cube.ide.mcu.externaltools.gnu-tools-for-stm32.9-2020-q2-update.win32_2.0.0.202105311346/tools/bin/../lib/gcc/arm-none-eabi/9.3.1/../../../../arm-none-eabi/lib/thumb/v7-m/nofp\libc_nano.a(lib_a-gdtoa-gethex.o)
 .text.__hexdig_fun
                0x0000000008011538       0x2a c:/st/stm32cubeide_1.7.0/stm32cubeide/plugins/com.st.stm32cube.ide.mcu.externaltools.gnu-tools-for-stm32.9-2020-q2-update.win32_2.0.0.202105311346/tools/bin/../lib/gcc/arm-none-eabi/9.3.1/../../../../arm-none-eabi/lib/thumb/v7-m/nofp\libc_nano.a(lib_a-gdtoa-gethex.o)
                0x0000000008011538                __hexdig_fun
 *fill*         0x0000000008011562        0x2 
 .text.__gethex
                0x0000000008011564      0x478 c:/st/stm32cubeide_1.7.0/stm32cubeide/plugins/com.st.stm32cube.ide.mcu.externaltools.gnu-tools-for-stm32.9-2020-q2-update.win32_2.0.0.202105311346/tools/bin/../lib/gcc/arm-none-eabi/9.3.1/../../../../arm-none-eabi/lib/thumb/v7-m/nofp\libc_nano.a(lib_a-gdtoa-gethex.o)
                0x0000000008011564                __gethex
 .text.L_shift  0x00000000080119dc       0x24 c:/st/stm32cubeide_1.7.0/stm32cubeide/plugins/com.st.stm32cube.ide.mcu.externaltools.gnu-tools-for-stm32.9-2020-q2-update.win32_2.0.0.202105311346/tools/bin/../lib/gcc/arm-none-eabi/9.3.1/../../../../arm-none-eabi/lib/thumb/v7-m/nofp\libc_nano.a(lib_a-gdtoa-hexnan.o)
 .text.__match  0x0000000008011a00       0x28 c:/st/stm32cubeide_1.7.0/stm32cubeide/plugins/com.st.stm32cube.ide.mcu.externaltools.gnu-tools-for-stm32.9-2020-q2-update.win32_2.0.0.202105311346/tools/bin/../lib/gcc/arm-none-eabi/9.3.1/../../../../arm-none-eabi/lib/thumb/v7-m/nofp\libc_nano.a(lib_a-gdtoa-hexnan.o)
                0x0000000008011a00                __match
 .text.__hexnan
                0x0000000008011a28      0x138 c:/st/stm32cubeide_1.7.0/stm32cubeide/plugins/com.st.stm32cube.ide.mcu.externaltools.gnu-tools-for-stm32.9-2020-q2-update.win32_2.0.0.202105311346/tools/bin/../lib/gcc/arm-none-eabi/9.3.1/../../../../arm-none-eabi/lib/thumb/v7-m/nofp\libc_nano.a(lib_a-gdtoa-hexnan.o)
                0x0000000008011a28                __hexnan
 .text._localeconv_r
                0x0000000008011b60        0x8 c:/st/stm32cubeide_1.7.0/stm32cubeide/plugins/com.st.stm32cube.ide.mcu.externaltools.gnu-tools-for-stm32.9-2020-q2-update.win32_2.0.0.202105311346/tools/bin/../lib/gcc/arm-none-eabi/9.3.1/../../../../arm-none-eabi/lib/thumb/v7-m/nofp\libc_nano.a(lib_a-localeconv.o)
                0x0000000008011b60                _localeconv_r
 .text.__retarget_lock_init_recursive
                0x0000000008011b68        0x2 c:/st/stm32cubeide_1.7.0/stm32cubeide/plugins/com.st.stm32cube.ide.mcu.externaltools.gnu-tools-for-stm32.9-2020-q2-update.win32_2.0.0.202105311346/tools/bin/../lib/gcc/arm-none-eabi/9.3.1/../../../../arm-none-eabi/lib/thumb/v7-m/nofp\libc_nano.a(lib_a-lock.o)
                0x0000000008011b68                __retarget_lock_init_recursive
 .text.__retarget_lock_acquire_recursive
                0x0000000008011b6a        0x2 c:/st/stm32cubeide_1.7.0/stm32cubeide/plugins/com.st.stm32cube.ide.mcu.externaltools.gnu-tools-for-stm32.9-2020-q2-update.win32_2.0.0.202105311346/tools/bin/../lib/gcc/arm-none-eabi/9.3.1/../../../../arm-none-eabi/lib/thumb/v7-m/nofp\libc_nano.a(lib_a-lock.o)
                0x0000000008011b6a                __retarget_lock_acquire_recursive
 .text.__retarget_lock_release_recursive
                0x0000000008011b6c        0x2 c:/st/stm32cubeide_1.7.0/stm32cubeide/plugins/com.st.stm32cube.ide.mcu.externaltools.gnu-tools-for-stm32.9-2020-q2-update.win32_2.0.0.202105311346/tools/bin/../lib/gcc/arm-none-eabi/9.3.1/../../../../arm-none-eabi/lib/thumb/v7-m/nofp\libc_nano.a(lib_a-lock.o)
                0x0000000008011b6c                __retarget_lock_release_recursive
 .text.__swhatbuf_r
                0x0000000008011b6e       0x48 c:/st/stm32cubeide_1.7.0/stm32cubeide/plugins/com.st.stm32cube.ide.mcu.externaltools.gnu-tools-for-stm32.9-2020-q2-update.win32_2.0.0.202105311346/tools/bin/../lib/gcc/arm-none-eabi/9.3.1/../../../../arm-none-eabi/lib/thumb/v7-m/nofp\libc_nano.a(lib_a-makebuf.o)
                0x0000000008011b6e                __swhatbuf_r
 *fill*         0x0000000008011bb6        0x2 
 .text.__smakebuf_r
                0x0000000008011bb8       0x80 c:/st/stm32cubeide_1.7.0/stm32cubeide/plugins/com.st.stm32cube.ide.mcu.externaltools.gnu-tools-for-stm32.9-2020-q2-update.win32_2.0.0.202105311346/tools/bin/../lib/gcc/arm-none-eabi/9.3.1/../../../../arm-none-eabi/lib/thumb/v7-m/nofp\libc_nano.a(lib_a-makebuf.o)
                0x0000000008011bb8                __smakebuf_r
 .text.malloc   0x0000000008011c38       0x10 c:/st/stm32cubeide_1.7.0/stm32cubeide/plugins/com.st.stm32cube.ide.mcu.externaltools.gnu-tools-for-stm32.9-2020-q2-update.win32_2.0.0.202105311346/tools/bin/../lib/gcc/arm-none-eabi/9.3.1/../../../../arm-none-eabi/lib/thumb/v7-m/nofp\libc_nano.a(lib_a-malloc.o)
                0x0000000008011c38                malloc
 .text.__ascii_mbtowc
                0x0000000008011c48       0x24 c:/st/stm32cubeide_1.7.0/stm32cubeide/plugins/com.st.stm32cube.ide.mcu.externaltools.gnu-tools-for-stm32.9-2020-q2-update.win32_2.0.0.202105311346/tools/bin/../lib/gcc/arm-none-eabi/9.3.1/../../../../arm-none-eabi/lib/thumb/v7-m/nofp\libc_nano.a(lib_a-mbtowc_r.o)
                0x0000000008011c48                __ascii_mbtowc
 .text.memchr   0x0000000008011c6c       0x1c c:/st/stm32cubeide_1.7.0/stm32cubeide/plugins/com.st.stm32cube.ide.mcu.externaltools.gnu-tools-for-stm32.9-2020-q2-update.win32_2.0.0.202105311346/tools/bin/../lib/gcc/arm-none-eabi/9.3.1/../../../../arm-none-eabi/lib/thumb/v7-m/nofp\libc_nano.a(lib_a-memchr-stub.o)
                0x0000000008011c6c                memchr
 .text._Balloc  0x0000000008011c88       0x80 c:/st/stm32cubeide_1.7.0/stm32cubeide/plugins/com.st.stm32cube.ide.mcu.externaltools.gnu-tools-for-stm32.9-2020-q2-update.win32_2.0.0.202105311346/tools/bin/../lib/gcc/arm-none-eabi/9.3.1/../../../../arm-none-eabi/lib/thumb/v7-m/nofp\libc_nano.a(lib_a-mprec.o)
                0x0000000008011c88                _Balloc
 .text._Bfree   0x0000000008011d08       0x44 c:/st/stm32cubeide_1.7.0/stm32cubeide/plugins/com.st.stm32cube.ide.mcu.externaltools.gnu-tools-for-stm32.9-2020-q2-update.win32_2.0.0.202105311346/tools/bin/../lib/gcc/arm-none-eabi/9.3.1/../../../../arm-none-eabi/lib/thumb/v7-m/nofp\libc_nano.a(lib_a-mprec.o)
                0x0000000008011d08                _Bfree
 .text.__multadd
                0x0000000008011d4c       0x94 c:/st/stm32cubeide_1.7.0/stm32cubeide/plugins/com.st.stm32cube.ide.mcu.externaltools.gnu-tools-for-stm32.9-2020-q2-update.win32_2.0.0.202105311346/tools/bin/../lib/gcc/arm-none-eabi/9.3.1/../../../../arm-none-eabi/lib/thumb/v7-m/nofp\libc_nano.a(lib_a-mprec.o)
                0x0000000008011d4c                __multadd
 .text.__s2b    0x0000000008011de0       0x94 c:/st/stm32cubeide_1.7.0/stm32cubeide/plugins/com.st.stm32cube.ide.mcu.externaltools.gnu-tools-for-stm32.9-2020-q2-update.win32_2.0.0.202105311346/tools/bin/../lib/gcc/arm-none-eabi/9.3.1/../../../../arm-none-eabi/lib/thumb/v7-m/nofp\libc_nano.a(lib_a-mprec.o)
                0x0000000008011de0                __s2b
 .text.__hi0bits
                0x0000000008011e74       0x40 c:/st/stm32cubeide_1.7.0/stm32cubeide/plugins/com.st.stm32cube.ide.mcu.externaltools.gnu-tools-for-stm32.9-2020-q2-update.win32_2.0.0.202105311346/tools/bin/../lib/gcc/arm-none-eabi/9.3.1/../../../../arm-none-eabi/lib/thumb/v7-m/nofp\libc_nano.a(lib_a-mprec.o)
                0x0000000008011e74                __hi0bits
 .text.__lo0bits
                0x0000000008011eb4       0x5c c:/st/stm32cubeide_1.7.0/stm32cubeide/plugins/com.st.stm32cube.ide.mcu.externaltools.gnu-tools-for-stm32.9-2020-q2-update.win32_2.0.0.202105311346/tools/bin/../lib/gcc/arm-none-eabi/9.3.1/../../../../arm-none-eabi/lib/thumb/v7-m/nofp\libc_nano.a(lib_a-mprec.o)
                0x0000000008011eb4                __lo0bits
 .text.__i2b    0x0000000008011f10       0x2c c:/st/stm32cubeide_1.7.0/stm32cubeide/plugins/com.st.stm32cube.ide.mcu.externaltools.gnu-tools-for-stm32.9-2020-q2-update.win32_2.0.0.202105311346/tools/bin/../lib/gcc/arm-none-eabi/9.3.1/../../../../arm-none-eabi/lib/thumb/v7-m/nofp\libc_nano.a(lib_a-mprec.o)
                0x0000000008011f10                __i2b
 .text.__multiply
                0x0000000008011f3c      0x148 c:/st/stm32cubeide_1.7.0/stm32cubeide/plugins/com.st.stm32cube.ide.mcu.externaltools.gnu-tools-for-stm32.9-2020-q2-update.win32_2.0.0.202105311346/tools/bin/../lib/gcc/arm-none-eabi/9.3.1/../../../../arm-none-eabi/lib/thumb/v7-m/nofp\libc_nano.a(lib_a-mprec.o)
                0x0000000008011f3c                __multiply
 .text.__pow5mult
                0x0000000008012084       0xb4 c:/st/stm32cubeide_1.7.0/stm32cubeide/plugins/com.st.stm32cube.ide.mcu.externaltools.gnu-tools-for-stm32.9-2020-q2-update.win32_2.0.0.202105311346/tools/bin/../lib/gcc/arm-none-eabi/9.3.1/../../../../arm-none-eabi/lib/thumb/v7-m/nofp\libc_nano.a(lib_a-mprec.o)
                0x0000000008012084                __pow5mult
 .text.__lshift
                0x0000000008012138       0xd8 c:/st/stm32cubeide_1.7.0/stm32cubeide/plugins/com.st.stm32cube.ide.mcu.externaltools.gnu-tools-for-stm32.9-2020-q2-update.win32_2.0.0.202105311346/tools/bin/../lib/gcc/arm-none-eabi/9.3.1/../../../../arm-none-eabi/lib/thumb/v7-m/nofp\libc_nano.a(lib_a-mprec.o)
                0x0000000008012138                __lshift
 .text.__mcmp   0x0000000008012210       0x36 c:/st/stm32cubeide_1.7.0/stm32cubeide/plugins/com.st.stm32cube.ide.mcu.externaltools.gnu-tools-for-stm32.9-2020-q2-update.win32_2.0.0.202105311346/tools/bin/../lib/gcc/arm-none-eabi/9.3.1/../../../../arm-none-eabi/lib/thumb/v7-m/nofp\libc_nano.a(lib_a-mprec.o)
                0x0000000008012210                __mcmp
 *fill*         0x0000000008012246        0x2 
 .text.__mdiff  0x0000000008012248      0x120 c:/st/stm32cubeide_1.7.0/stm32cubeide/plugins/com.st.stm32cube.ide.mcu.externaltools.gnu-tools-for-stm32.9-2020-q2-update.win32_2.0.0.202105311346/tools/bin/../lib/gcc/arm-none-eabi/9.3.1/../../../../arm-none-eabi/lib/thumb/v7-m/nofp\libc_nano.a(lib_a-mprec.o)
                0x0000000008012248                __mdiff
 .text.__ulp    0x0000000008012368       0x4c c:/st/stm32cubeide_1.7.0/stm32cubeide/plugins/com.st.stm32cube.ide.mcu.externaltools.gnu-tools-for-stm32.9-2020-q2-update.win32_2.0.0.202105311346/tools/bin/../lib/gcc/arm-none-eabi/9.3.1/../../../../arm-none-eabi/lib/thumb/v7-m/nofp\libc_nano.a(lib_a-mprec.o)
                0x0000000008012368                __ulp
 .text.__b2d    0x00000000080123b4       0xa8 c:/st/stm32cubeide_1.7.0/stm32cubeide/plugins/com.st.stm32cube.ide.mcu.externaltools.gnu-tools-for-stm32.9-2020-q2-update.win32_2.0.0.202105311346/tools/bin/../lib/gcc/arm-none-eabi/9.3.1/../../../../arm-none-eabi/lib/thumb/v7-m/nofp\libc_nano.a(lib_a-mprec.o)
                0x00000000080123b4                __b2d
 .text.__d2b    0x000000000801245c       0xb8 c:/st/stm32cubeide_1.7.0/stm32cubeide/plugins/com.st.stm32cube.ide.mcu.externaltools.gnu-tools-for-stm32.9-2020-q2-update.win32_2.0.0.202105311346/tools/bin/../lib/gcc/arm-none-eabi/9.3.1/../../../../arm-none-eabi/lib/thumb/v7-m/nofp\libc_nano.a(lib_a-mprec.o)
                0x000000000801245c                __d2b
 .text.__ratio  0x0000000008012514       0x5c c:/st/stm32cubeide_1.7.0/stm32cubeide/plugins/com.st.stm32cube.ide.mcu.externaltools.gnu-tools-for-stm32.9-2020-q2-update.win32_2.0.0.202105311346/tools/bin/../lib/gcc/arm-none-eabi/9.3.1/../../../../arm-none-eabi/lib/thumb/v7-m/nofp\libc_nano.a(lib_a-mprec.o)
                0x0000000008012514                __ratio
 .text.__copybits
                0x0000000008012570       0x46 c:/st/stm32cubeide_1.7.0/stm32cubeide/plugins/com.st.stm32cube.ide.mcu.externaltools.gnu-tools-for-stm32.9-2020-q2-update.win32_2.0.0.202105311346/tools/bin/../lib/gcc/arm-none-eabi/9.3.1/../../../../arm-none-eabi/lib/thumb/v7-m/nofp\libc_nano.a(lib_a-mprec.o)
                0x0000000008012570                __copybits
 .text.__any_on
                0x00000000080125b6       0x42 c:/st/stm32cubeide_1.7.0/stm32cubeide/plugins/com.st.stm32cube.ide.mcu.externaltools.gnu-tools-for-stm32.9-2020-q2-update.win32_2.0.0.202105311346/tools/bin/../lib/gcc/arm-none-eabi/9.3.1/../../../../arm-none-eabi/lib/thumb/v7-m/nofp\libc_nano.a(lib_a-mprec.o)
                0x00000000080125b6                __any_on
 .text._calloc_r