stm32f1xx_it.c:130:6:NMI_Handler	4	static
stm32f1xx_it.c:145:6:HardFault_Handler	4	static
stm32f1xx_it.c:160:6:MemManage_Handler	4	static
stm32f1xx_it.c:175:6:BusFault_Handler	4	static
stm32f1xx_it.c:190:6:UsageFault_Handler	4	static
stm32f1xx_it.c:205:6:SVC_Handler	4	static
stm32f1xx_it.c:218:6:DebugMon_Handler	4	static
stm32f1xx_it.c:231:6:PendSV_Handler	4	static
stm32f1xx_it.c:244:6:SysTick_Handler	8	static
stm32f1xx_it.c:265:6:DMA1_Channel1_IRQHandler	8	static
stm32f1xx_it.c:279:6:USB_LP_CAN1_RX0_IRQHandler	8	static
stm32f1xx_it.c:293:6:TIM2_IRQHandler	16	static
stm32f1xx_it.c:414:6:TIM3_IRQHandler	8	static
stm32f1xx_it.c:441:6:SPI1_IRQHandler	8	static
stm32f1xx_it.c:453:6:Batt_Protection_when_discharge	24	static
stm32f1xx_it.c:629:6:Batt_Protection_when_charge	16	static
stm32f1xx_it.c:770:6:Batt_Protection_when_chargedischarge	16	static
