Adbms6948_Diagnostic.cpp:121:23:Adbms6948_ReturnType Adbms6948_Int_CellOWDiag(uint16_t*, uint16_t*, boolean, uint8_t*, uint8_t)	56	static
Adbms6948_Diagnostic.cpp:225:23:Adbms6948_ReturnType Adbms6948_Int_ReadCellOVUVStatus(uint32_t*, Adbms6948_SnapSelType, uint8_t)	24	static
Adbms6948_Diagnostic.cpp:307:23:Adbms6948_ReturnType Adbms6948_Int_ReadCSFltStatus(uint16_t*, Adbms6948_SnapSelType, uint8_t)	24	static
Adbms6948_Diagnostic.cpp:387:23:Adbms6948_ReturnType Adbms6948_Int_ReadOscChkCnt(uint8_t*, Adbms6948_SnapSelType, uint8_t)	24	static
Adbms6948_Diagnostic.cpp:466:23:Adbms6948_ReturnType Adbms6948_Int_EnableLPFDet(uint8_t*, uint8_t)	32	static
Adbms6948_Diagnostic.cpp:557:23:Adbms6948_ReturnType Adbms6948_Int_ReadDiagFlagStatus(uint32_t*, uint8_t*, Adbms6948_SnapSelType, boolean, uint8_t)	40	static
Adbms6948_Diagnostic.cpp:649:22:Adbms6948_ReturnType Adbms6948_Int_PECAlgoDiag(uint8_t*, uint8_t)	24	static
Adbms6948_Diagnostic.cpp:734:13:void Adbms6948_lGetOWThresFact(boolean, uint16_t*, uint16_t*)	24	static
Adbms6948_Diagnostic.cpp:777:30:Adbms6948_ReturnType Adbms6948_lReadCellOVUVStatus(uint32_t*, Adbms6948_SnapSelType, uint8_t)	48	static
Adbms6948_Diagnostic.cpp:864:30:Adbms6948_ReturnType Adbms6948_lReadCSFltStatus(uint16_t*, Adbms6948_SnapSelType, uint8_t)	48	static
Adbms6948_Diagnostic.cpp:948:30:Adbms6948_ReturnType Adbms6948_lReadOscChkCnt(uint8_t*, Adbms6948_SnapSelType, uint8_t)	48	static
Adbms6948_Diagnostic.cpp:1028:30:Adbms6948_ReturnType Adbms6948_lReadDiagFlagStatus(uint32_t*, uint8_t*, Adbms6948_SnapSelType, boolean, uint8_t)	64	static
Adbms6948_Diagnostic.cpp:1128:29:Adbms6948_ReturnType Adbms6948_lEvalPECAlgoDiagResult(uint8_t*, uint32_t*, uint8_t)	32	static
Adbms6948_Diagnostic.cpp:1187:29:Adbms6948_ReturnType Adbms6948_lPECAlgoDiag(uint8_t*, uint8_t)	72	static
